******************************************************************************
                  TI ARM Linker PC v16.9.4                     
******************************************************************************
>> Linked Tue Nov 14 12:25:12 2017

OUTPUT FILE NAME:   <ece3849_b2017_lab0.out>
ENTRY POINT SYMBOL: "_c_int00"  address: 00003249


MEMORY CONFIGURATION

         name            origin    length      used     unused   attr    fill
----------------------  --------  ---------  --------  --------  ----  --------
  FLASH                 00000000   00100000  00004248  000fbdb8  R  X
  SRAM                  20000000   00040000  0000887e  00037782  RW X


SEGMENT ALLOCATION MAP

run origin  load origin   length   init length attrs members
----------  ----------- ---------- ----------- ----- -------
00000000    00000000    00004248   00004248    r-x
  00000000    00000000    00000208   00000208    r-- .intvecs
  00000208    00000208    00003798   00003798    r-x .text
  000039a0    000039a0    00000868   00000868    r-- .const
  00004208    00004208    00000040   00000040    r-- .cinit
20000000    20000000    0000887e   00000000    rw-
  20000000    20000000    00008054   00000000    rw- .data
  20008054    20008054    00000800   00000000    rw- .stack
  20008854    20008854    0000002a   00000000    rw- .bss


SECTION ALLOCATION MAP

 output                                  attributes/
section   page    origin      length       input sections
--------  ----  ----------  ----------   ----------------
.intvecs   0    00000000    00000208     
                  00000000    00000208     tm4c1294ncpdt_startup_ccs.obj (.intvecs)

.text      0    00000208    00003798     
                  00000208    0000113e     rtsv7M4_T_le_v4SPD16_eabi.lib : _printfi.obj (.text)
                  00001346    00000002                                   : mpu_init.obj (.text)
                  00001348    0000042a     buttons.obj (.text)
                  00001772    00000006     driverlib.lib : gpio.obj (.text:GPIOPinRead)
                  00001778    0000040c     Crystalfontz128x128_ST7735.obj (.text)
                  00001b84    00000256     grlib.lib : string.obj (.text:GrFontGlyphRender)
                  00001dda    00000002     rtsv7M4_T_le_v4SPD16_eabi.lib : startup.obj (.text)
                  00001ddc    00000204     driverlib.lib : sysctl.obj (.text:SysCtlClockFreqSet)
                  00001fe0    000001f4     rtsv7M4_T_le_v4SPD16_eabi.lib : ull_div_t2.obj (.text)
                  000021d4    000001b6                                   : fd_add_t2.obj (.text)
                  0000238a    00000006     driverlib.lib : gpio.obj (.text:GPIOPinWrite)
                  00002390    00000192     main.obj (.text)
                  00002522    00000006     grlib.lib : string.obj (.text:GrContextFontSet)
                  00002528    0000017e     HAL_EK_TM4C1294XL_Crystalfontz128x128_ST7735.obj (.text)
                  000026a6    00000136     rtsv7M4_T_le_v4SPD16_eabi.lib : fd_div_t2.obj (.text)
                  000027dc    00000130     driverlib.lib : gpio.obj (.text:GPIOPadConfigSet)
                  0000290c    000000fc     rtsv7M4_T_le_v4SPD16_eabi.lib : fd_mul_t2.obj (.text)
                  00002a08    000000fc                                   : s_scalbn.obj (.text)
                  00002b04    000000c4     grlib.lib : string.obj (.text:GrDefaultStringRenderer)
                  00002bc8    0000009c     rtsv7M4_T_le_v4SPD16_eabi.lib : memcpy_t2.obj (.text)
                  00002c64    00000094                                   : snprintf.obj (.text)
                  00002cf8    00000086     grlib.lib : rectangle.obj (.text:GrRectFill)
                  00002d7e    00000086     rtsv7M4_T_le_v4SPD16_eabi.lib : fd_cmp_t2.obj (.text:__aeabi_cdcmple)
                  00002e04    00000086                                   : fd_cmp_t2.obj (.text:__aeabi_cdrcmple)
                  00002e8a    0000007a     driverlib.lib : adc.obj (.text:ADCSequenceStepConfigure)
                  00002f04    0000007a     rtsv7M4_T_le_v4SPD16_eabi.lib : memset_t2.obj (.text)
                  00002f7e    00000002     --HOLE-- [fill = 0]
                  00002f80    00000070                                   : autoinit.obj (.text)
                  00002ff0    00000068     grlib.lib : context.obj (.text:GrContextInit)
                  00003058    00000068     driverlib.lib : interrupt.obj (.text:IntEnable)
                  000030c0    00000068     rtsv7M4_T_le_v4SPD16_eabi.lib : copy_decompress_lzss.obj (.text:decompress:lzss)
                  00003128    00000064                                   : s_frexp.obj (.text)
                  0000318c    00000060     driverlib.lib : timer.obj (.text:TimerConfigure)
                  000031ec    0000005a     grlib.lib : string.obj (.text:FontWideGlyphDataGet)
                  00003246    00000002     --HOLE-- [fill = 0]
                  00003248    00000054     rtsv7M4_T_le_v4SPD16_eabi.lib : boot.obj (.text)
                  0000329c    00000054                                   : exit.obj (.text)
                  000032f0    00000054                                   : ltoa.obj (.text)
                  00003344    0000004c                                   : atoi.obj (.text)
                  00003390    0000004c                                   : cpy_tbl.obj (.text)
                  000033dc    0000004a     grlib.lib : string.obj (.text:UpdateContextCharMapping)
                  00003426    00000002     --HOLE-- [fill = 0]
                  00003428    00000048     driverlib.lib : gpio.obj (.text:GPIOPinConfigure)
                  00003470    00000048                   : sysctl.obj (.text:_SysCtlFrequencyGet)
                  000034b8    00000048     rtsv7M4_T_le_v4SPD16_eabi.lib : fd_toi_t2.obj (.text)
                  00003500    0000003e     driverlib.lib : adc.obj (.text:ADCSequenceConfigure)
                  0000353e    0000003c                   : ssi.obj (.text:SSIConfigSetExpClk)
                  0000357a    0000003a     grlib.lib : string.obj (.text:FontGlyphDataGet)
                  000035b4    00000034     driverlib.lib : sysctl.obj (.text:SysCtlPeripheralEnable)
                  000035e8    0000002e                   : adc.obj (.text:ADCIntStatus)
                  00003616    0000002e     grlib.lib : string.obj (.text:GrStringNextCharGet)
                  00003644    0000002e     rtsv7M4_T_le_v4SPD16_eabi.lib : i_tofd_t2.obj (.text)
                  00003672    0000002a     driverlib.lib : gpio.obj (.text:GPIODirModeSet)
                  0000369c    00000026     grlib.lib : string.obj (.text:GrFontInfoGet)
                  000036c2    00000002     --HOLE-- [fill = 0]
                  000036c4    00000024     driverlib.lib : interrupt.obj (.text:IntPrioritySet)
                  000036e8    00000022     grlib.lib : string.obj (.text:GrFontGlyphDataGet)
                  0000370a    0000001e     driverlib.lib : adc.obj (.text:ADCSequenceDataGet)
                  00003728    0000001e     grlib.lib : string.obj (.text:GrFontCodepageGet)
                  00003746    00000002     --HOLE-- [fill = 0]
                  00003748    0000001c     driverlib.lib : sysctl.obj (.text:_SysCtlMemTimingGet)
                  00003764    0000001c     fill_stack.obj (.text)
                  00003780    0000001c     rtsv7M4_T_le_v4SPD16_eabi.lib : memccpy.obj (.text)
                  0000379c    00000004     driverlib.lib : timer.obj (.text:TimerIntClear)
                  000037a0    0000001a     tm4c1294ncpdt_startup_ccs.obj (.text)
                  000037ba    00000018     driverlib.lib : adc.obj (.text:ADCClockConfigSet)
                  000037d2    00000018                   : adc.obj (.text:ADCProcessorTrigger)
                  000037ea    00000018                   : gpio.obj (.text:GPIOPinTypeGPIOOutput)
                  00003802    00000002     --HOLE-- [fill = 0]
                  00003804    00000018     rtsv7M4_T_le_v4SPD16_eabi.lib : args_main.obj (.text)
                  0000381c    00000016     grlib.lib : string.obj (.text:GrStringDraw)
                  00003832    00000016     rtsv7M4_T_le_v4SPD16_eabi.lib : strchr.obj (.text)
                  00003848    00000014     driverlib.lib : timer.obj (.text:TimerDisable)
                  0000385c    00000014     rtsv7M4_T_le_v4SPD16_eabi.lib : _lock.obj (.text)
                  00003870    00000014                                   : s_copysign.obj (.text)
                  00003884    00000014                                   : strlen.obj (.text)
                  00003898    00000012     driverlib.lib : gpio.obj (.text:GPIOPinTypeADC)
                  000038aa    00000012                   : gpio.obj (.text:GPIOPinTypeGPIOInput)
                  000038bc    00000012                   : gpio.obj (.text:GPIOPinTypeSSI)
                  000038ce    00000012                   : timer.obj (.text:TimerLoadSet)
                  000038e0    00000010                   : fpu.obj (.text:FPUEnable)
                  000038f0    00000010                   : fpu.obj (.text:FPULazyStackingEnable)
                  00003900    00000010                   : interrupt.obj (.text:IntMasterEnable)
                  00003910    0000000e                   : adc.obj (.text:ADCSequenceDisable)
                  0000391e    0000000e                   : adc.obj (.text:ADCSequenceEnable)
                  0000392c    0000000e                   : timer.obj (.text:TimerEnable)
                  0000393a    0000000e     rtsv7M4_T_le_v4SPD16_eabi.lib : copy_decompress_none.obj (.text:decompress:none)
                  00003948    0000000c     driverlib.lib : cpu.obj (.text:CPUcpsie)
                  00003954    0000000c     rtsv7M4_T_le_v4SPD16_eabi.lib : copy_zero_init.obj (.text:decompress:ZI)
                  00003960    0000000a     driverlib.lib : adc.obj (.text:ADCIntClear)
                  0000396a    0000000a                   : ssi.obj (.text:SSIDataPut)
                  00003974    0000000a                   : ssi.obj (.text:SSIEnable)
                  0000397e    00000008     grlib.lib : charmap.obj (.text:GrMapISO8859_1_Unicode)
                  00003986    00000008     driverlib.lib : ssi.obj (.text:SSIBusy)
                  0000398e    00000008                   : timer.obj (.text:TimerIntEnable)
                  00003996    00000006                   : sysctl.obj (.text:SysCtlDelay)
                  0000399c    00000004     rtsv7M4_T_le_v4SPD16_eabi.lib : pre_init.obj (.text)

.const     0    000039a0    00000868     
                  000039a0    000002f8     grlib.lib : fontfixed6x8.obj (.const:.string:g_pui8FontFixed6x8Data)
                  00003c98    00000120     driverlib.lib : sysctl.obj (.const:g_pppui32XTALtoVCO)
                  00003db8    00000101     rtsv7M4_T_le_v4SPD16_eabi.lib : ctype.obj (.const:.string:_ctypes_)
                  00003eb9    00000003     --HOLE-- [fill = 0]
                  00003ebc    000000c8     grlib.lib : fontfixed6x8.obj (.const:g_sFontFixed6x8)
                  00003f84    0000009c     driverlib.lib : interrupt.obj (.const:g_pui32Regs)
                  00004020    00000090                   : gpio.obj (.const:g_pui32GPIOBaseAddrs)
                  000040b0    00000070                   : interrupt.obj (.const)
                  00004120    0000006c                   : sysctl.obj (.const:g_pui32Xtals)
                  0000418c    00000030                   : sysctl.obj (.const:g_sXTALtoMEMTIM)
                  000041bc    00000028     Crystalfontz128x128_ST7735.obj (.const:g_sCrystalfontz128x128)
                  000041e4    00000010     grlib.lib : context.obj (.const)
                  000041f4    0000000a     main.obj (.const:.string:$P$T1$2)
                  000041fe    00000002     --HOLE-- [fill = 0]
                  00004200    00000008     driverlib.lib : sysctl.obj (.const)

.cinit     0    00004208    00000040     
                  00004208    0000001a     (.cinit..data.load) [load image, compression = lzss]
                  00004222    00000002     --HOLE-- [fill = 0]
                  00004224    0000000c     (__TI_handler_table)
                  00004230    00000008     (.cinit..bss.load) [load image, compression = zero_init]
                  00004238    00000010     (__TI_cinit_table)

.init_array 
*          0    00000000    00000000     UNINITIALIZED

.data      0    20000000    00008054     UNINITIALIZED
                  20000000    00008000     Crystalfontz128x128_ST7735.obj (.data:Lcd_buffer)
                  20008000    00000024     buttons.obj (.data:count$2)
                  20008024    0000000c     rtsv7M4_T_le_v4SPD16_eabi.lib : exit.obj (.data:$O1$$)
                  20008030    00000008                                   : _lock.obj (.data:$O1$$)
                  20008038    00000008     buttons.obj (.data:gJoystick)
                  20008040    00000006     buttons.obj (.data)
                  20008046    00000002     --HOLE--
                  20008048    00000004     main.obj (.data)
                  2000804c    00000004     rtsv7M4_T_le_v4SPD16_eabi.lib : errno.obj (.data)
                  20008050    00000004                                   : stkdepth_vars.obj (.data)

.stack     0    20008054    00000800     UNINITIALIZED
                  20008054    00000800     --HOLE--

.bss       0    20008854    0000002a     UNINITIALIZED
                  20008854    00000014     buttons.obj (.bss:state$1)
                  20008868    00000004     (.common:gADCSamplingRate)
                  2000886c    00000004     (.common:gSystemClock)
                  20008870    00000004     (.common:g_psGrLibDefaults)
                  20008874    00000002     (.common:Lcd_ScreenHeigth)
                  20008876    00000002     (.common:Lcd_ScreenWidth)
                  20008878    00000002     (.common:Lcd_TouchTrim)
                  2000887a    00000001     (.common:Lcd_FlagRead)
                  2000887b    00000001     (.common:Lcd_FontSolid)
                  2000887c    00000001     (.common:Lcd_Orientation)
                  2000887d    00000001     (.common:Lcd_PenSolid)

MODULE SUMMARY

       Module                                             code    ro data   rw data
       ------                                             ----    -------   -------
    .\
       Crystalfontz128x128_ST7735.obj                     1036    40        32778  
       buttons.obj                                        1066    0         74     
       tm4c1294ncpdt_startup_ccs.obj                      26      520       0      
       main.obj                                           402     10        8      
       HAL_EK_TM4C1294XL_Crystalfontz128x128_ST7735.obj   382     0         0      
       fill_stack.obj                                     28      0         0      
    +--+--------------------------------------------------+-------+---------+---------+
       Total:                                             2940    570       32860  
                                                                                   
    C:/ti/tirtos_tivac_2_16_00_08/products/TivaWare_C_Series-2.1.1.71b/driverlib/ccs/Debug/driverlib.lib
       sysctl.obj                                         674     452       0      
       gpio.obj                                           508     144       0      
       interrupt.obj                                      156     268       0      
       adc.obj                                            346     0         0      
       timer.obj                                          160     0         0      
       ssi.obj                                            88      0         0      
       fpu.obj                                            32      0         0      
       cpu.obj                                            12      0         0      
    +--+--------------------------------------------------+-------+---------+---------+
       Total:                                             1976    864       0      
                                                                                   
    C:/ti/tirtos_tivac_2_16_00_08/products/TivaWare_C_Series-2.1.1.71b/grlib/ccs/Debug/grlib.lib
       string.obj                                         1192    0         0      
       fontfixed6x8.obj                                   0       960       0      
       rectangle.obj                                      134     0         0      
       context.obj                                        104     16        4      
       charmap.obj                                        8       0         0      
    +--+--------------------------------------------------+-------+---------+---------+
       Total:                                             1438    976       4      
                                                                                   
    C:\ti\ccsv7\tools\compiler\ti-cgt-arm_16.9.4.LTS\lib\rtsv7M4_T_le_v4SPD16_eabi.lib
       _printfi.obj                                       4414    0         0      
       ull_div_t2.obj                                     500     0         0      
       fd_add_t2.obj                                      438     0         0      
       fd_div_t2.obj                                      310     0         0      
       fd_cmp_t2.obj                                      268     0         0      
       ctype.obj                                          0       257       0      
       fd_mul_t2.obj                                      252     0         0      
       s_scalbn.obj                                       252     0         0      
       memcpy_t2.obj                                      156     0         0      
       snprintf.obj                                       148     0         0      
       memset_t2.obj                                      122     0         0      
       autoinit.obj                                       112     0         0      
       copy_decompress_lzss.obj                           104     0         0      
       s_frexp.obj                                        100     0         0      
       exit.obj                                           84      0         12     
       boot.obj                                           84      0         0      
       ltoa.obj                                           84      0         0      
       atoi.obj                                           76      0         0      
       cpy_tbl.obj                                        76      0         0      
       fd_toi_t2.obj                                      72      0         0      
       i_tofd_t2.obj                                      46      0         0      
       _lock.obj                                          20      0         8      
       memccpy.obj                                        28      0         0      
       args_main.obj                                      24      0         0      
       strchr.obj                                         22      0         0      
       s_copysign.obj                                     20      0         0      
       strlen.obj                                         20      0         0      
       copy_decompress_none.obj                           14      0         0      
       copy_zero_init.obj                                 12      0         0      
       errno.obj                                          0       0         4      
       pre_init.obj                                       4       0         0      
       stkdepth_vars.obj                                  0       0         4      
       mpu_init.obj                                       2       0         0      
       startup.obj                                        2       0         0      
    +--+--------------------------------------------------+-------+---------+---------+
       Total:                                             7866    257       28     
                                                                                   
       Stack:                                             0       0         2048   
       Linker Generated:                                  0       62        0      
    +--+--------------------------------------------------+-------+---------+---------+
       Grand Total:                                       14220   2729      34940  


LINKER GENERATED COPY TABLES

__TI_cinit_table @ 00004238 records: 2, size/record: 8, table size: 16
	.data: load addr=00004208, load size=0000001a bytes, run addr=20000000, run size=00008054 bytes, compression=lzss
	.bss: load addr=00004230, load size=00000008 bytes, run addr=20008854, run size=0000002a bytes, compression=zero_init


LINKER GENERATED HANDLER TABLE

__TI_handler_table @ 00004224 records: 3, size/record: 4, table size: 12
	index: 0, handler: __TI_decompress_lzss
	index: 1, handler: __TI_decompress_none
	index: 2, handler: __TI_zero_init


GLOBAL SYMBOLS: SORTED ALPHABETICALLY BY Name 

address   name                              
-------   ----                              
000037bb  ADCClockConfigSet                 
00003961  ADCIntClear                       
000035e9  ADCIntStatus                      
000037d3  ADCProcessorTrigger               
00003501  ADCSequenceConfigure              
0000370b  ADCSequenceDataGet                
00003911  ADCSequenceDisable                
0000391f  ADCSequenceEnable                 
00002e8b  ADCSequenceStepConfigure          
00001619  ButtonAutoRepeat                  
000014c9  ButtonDebounce                    
00001699  ButtonISR                         
00001349  ButtonInit                        
00001539  ButtonReadJoystick                
0000329d  C$$EXIT                           
00003949  CPUcpsie                          
00001779  Crystalfontz128x128_Init          
00001841  Crystalfontz128x128_SetDrawFrame  
000018e1  Crystalfontz128x128_SetOrientation
000038e1  FPUEnable                         
000038f1  FPULazyStackingEnable             
00003673  GPIODirModeSet                    
000027dd  GPIOPadConfigSet                  
00003429  GPIOPinConfigure                  
00001773  GPIOPinRead                       
00003899  GPIOPinTypeADC                    
000038ab  GPIOPinTypeGPIOInput              
000037eb  GPIOPinTypeGPIOOutput             
000038bd  GPIOPinTypeSSI                    
0000238b  GPIOPinWrite                      
00002523  GrContextFontSet                  
00002ff1  GrContextInit                     
00002b05  GrDefaultStringRenderer           
00003729  GrFontCodepageGet                 
000036e9  GrFontGlyphDataGet                
00001b85  GrFontGlyphRender                 
0000369d  GrFontInfoGet                     
0000397f  GrMapISO8859_1_Unicode            
00002cf9  GrRectFill                        
0000381d  GrStringDraw                      
00003617  GrStringNextCharGet               
00002529  HAL_LCD_PortInit                  
000025b9  HAL_LCD_SpiInit                   
00002649  HAL_LCD_writeCommand              
00002699  HAL_LCD_writeData                 
00003059  IntEnable                         
00003901  IntMasterEnable                   
000036c5  IntPrioritySet                    
2000887a  Lcd_FlagRead                      
2000887b  Lcd_FontSolid                     
2000887c  Lcd_Orientation                   
2000887d  Lcd_PenSolid                      
20008874  Lcd_ScreenHeigth                  
20008876  Lcd_ScreenWidth                   
20008878  Lcd_TouchTrim                     
20000000  Lcd_buffer                        
000037a1  ResetISR                          
UNDEFED   SHT$$INIT_ARRAY$$Base             
UNDEFED   SHT$$INIT_ARRAY$$Limit            
00003987  SSIBusy                           
0000353f  SSIConfigSetExpClk                
0000396b  SSIDataPut                        
00003975  SSIEnable                         
00001ddd  SysCtlClockFreqSet                
00003997  SysCtlDelay                       
000035b5  SysCtlPeripheralEnable            
0000318d  TimerConfigure                    
00003849  TimerDisable                      
0000392d  TimerEnable                       
0000379d  TimerIntClear                     
0000398f  TimerIntEnable                    
000038cf  TimerLoadSet                      
20008854  __STACK_END                       
00000800  __STACK_SIZE                      
20008254  __STACK_TOP                       
00004238  __TI_CINIT_Base                   
00004248  __TI_CINIT_Limit                  
00004224  __TI_Handler_Table_Base           
00004230  __TI_Handler_Table_Limit          
00002f81  __TI_auto_init                    
20008024  __TI_cleanup_ptr                  
000030c1  __TI_decompress_lzss              
0000393b  __TI_decompress_none              
20008028  __TI_dtors_ptr                    
2000802c  __TI_enable_exit_profile_output   
ffffffff  __TI_pprof_out_hndl               
00000a4d  __TI_printfi                      
ffffffff  __TI_prof_data_size               
ffffffff  __TI_prof_data_start              
00000000  __TI_static_base__                
00003955  __TI_zero_init                    
00002d7f  __aeabi_cdcmpeq                   
00002d7f  __aeabi_cdcmple                   
00002e05  __aeabi_cdrcmple                  
000034b9  __aeabi_d2iz                      
000021df  __aeabi_dadd                      
000026a7  __aeabi_ddiv                      
0000290d  __aeabi_dmul                      
000021d5  __aeabi_dsub                      
00003645  __aeabi_i2d                       
00002f05  __aeabi_memclr                    
00002f05  __aeabi_memclr4                   
00002f05  __aeabi_memclr8                   
00002bc9  __aeabi_memcpy                    
00002bc9  __aeabi_memcpy4                   
00002bc9  __aeabi_memcpy8                   
00002f07  __aeabi_memset                    
00002f07  __aeabi_memset4                   
00002f07  __aeabi_memset8                   
00001fe1  __aeabi_uldivmod                  
ffffffff  __binit__                         
ffffffff  __c_args__                        
00001347  __mpu_init                        
20008054  __stack                           
00003805  _args_main                        
00003249  _c_int00                          
00003db8  _ctypes_                          
20008030  _lock                             
0000386b  _nop                              
00003863  _register_lock                    
0000385d  _register_unlock                  
00001ddb  _system_post_cinit                
0000399d  _system_pre_init                  
20008034  _unlock                           
000032a1  abort                             
00003345  atoi                              
ffffffff  binit                             
00003391  copy_in                           
00003871  copysign                          
00003871  copysignl                         
2000804c  errno                             
000032a9  exit                              
00003765  fill_stack                        
00003129  frexp                             
00003129  frexpl                            
20008868  gADCSamplingRate                  
20008040  gButtons                          
20008038  gJoystick                         
2000886c  gSystemClock                      
20008048  gTime                             
00000000  g_pfnVectors                      
000041e4  g_psDefaultCodePointMapTable      
000041bc  g_sCrystalfontz128x128            
00003ebc  g_sFontFixed6x8                   
00002a09  ldexp                             
00002a09  ldexpl                            
000032f1  ltoa                              
00002391  main                              
20008050  main_func_sp                      
00003781  memccpy                           
00002bc9  memcpy                            
00002f0d  memset                            
00002a09  scalbn                            
00002a09  scalbnl                           
00002c65  snprintf                          
00003833  strchr                            
00003885  strlen                            


GLOBAL SYMBOLS: SORTED BY Symbol Address 

address   name                              
-------   ----                              
00000000  __TI_static_base__                
00000000  g_pfnVectors                      
00000800  __STACK_SIZE                      
00000a4d  __TI_printfi                      
00001347  __mpu_init                        
00001349  ButtonInit                        
000014c9  ButtonDebounce                    
00001539  ButtonReadJoystick                
00001619  ButtonAutoRepeat                  
00001699  ButtonISR                         
00001773  GPIOPinRead                       
00001779  Crystalfontz128x128_Init          
00001841  Crystalfontz128x128_SetDrawFrame  
000018e1  Crystalfontz128x128_SetOrientation
00001b85  GrFontGlyphRender                 
00001ddb  _system_post_cinit                
00001ddd  SysCtlClockFreqSet                
00001fe1  __aeabi_uldivmod                  
000021d5  __aeabi_dsub                      
000021df  __aeabi_dadd                      
0000238b  GPIOPinWrite                      
00002391  main                              
00002523  GrContextFontSet                  
00002529  HAL_LCD_PortInit                  
000025b9  HAL_LCD_SpiInit                   
00002649  HAL_LCD_writeCommand              
00002699  HAL_LCD_writeData                 
000026a7  __aeabi_ddiv                      
000027dd  GPIOPadConfigSet                  
0000290d  __aeabi_dmul                      
00002a09  ldexp                             
00002a09  ldexpl                            
00002a09  scalbn                            
00002a09  scalbnl                           
00002b05  GrDefaultStringRenderer           
00002bc9  __aeabi_memcpy                    
00002bc9  __aeabi_memcpy4                   
00002bc9  __aeabi_memcpy8                   
00002bc9  memcpy                            
00002c65  snprintf                          
00002cf9  GrRectFill                        
00002d7f  __aeabi_cdcmpeq                   
00002d7f  __aeabi_cdcmple                   
00002e05  __aeabi_cdrcmple                  
00002e8b  ADCSequenceStepConfigure          
00002f05  __aeabi_memclr                    
00002f05  __aeabi_memclr4                   
00002f05  __aeabi_memclr8                   
00002f07  __aeabi_memset                    
00002f07  __aeabi_memset4                   
00002f07  __aeabi_memset8                   
00002f0d  memset                            
00002f81  __TI_auto_init                    
00002ff1  GrContextInit                     
00003059  IntEnable                         
000030c1  __TI_decompress_lzss              
00003129  frexp                             
00003129  frexpl                            
0000318d  TimerConfigure                    
00003249  _c_int00                          
0000329d  C$$EXIT                           
000032a1  abort                             
000032a9  exit                              
000032f1  ltoa                              
00003345  atoi                              
00003391  copy_in                           
00003429  GPIOPinConfigure                  
000034b9  __aeabi_d2iz                      
00003501  ADCSequenceConfigure              
0000353f  SSIConfigSetExpClk                
000035b5  SysCtlPeripheralEnable            
000035e9  ADCIntStatus                      
00003617  GrStringNextCharGet               
00003645  __aeabi_i2d                       
00003673  GPIODirModeSet                    
0000369d  GrFontInfoGet                     
000036c5  IntPrioritySet                    
000036e9  GrFontGlyphDataGet                
0000370b  ADCSequenceDataGet                
00003729  GrFontCodepageGet                 
00003765  fill_stack                        
00003781  memccpy                           
0000379d  TimerIntClear                     
000037a1  ResetISR                          
000037bb  ADCClockConfigSet                 
000037d3  ADCProcessorTrigger               
000037eb  GPIOPinTypeGPIOOutput             
00003805  _args_main                        
0000381d  GrStringDraw                      
00003833  strchr                            
00003849  TimerDisable                      
0000385d  _register_unlock                  
00003863  _register_lock                    
0000386b  _nop                              
00003871  copysign                          
00003871  copysignl                         
00003885  strlen                            
00003899  GPIOPinTypeADC                    
000038ab  GPIOPinTypeGPIOInput              
000038bd  GPIOPinTypeSSI                    
000038cf  TimerLoadSet                      
000038e1  FPUEnable                         
000038f1  FPULazyStackingEnable             
00003901  IntMasterEnable                   
00003911  ADCSequenceDisable                
0000391f  ADCSequenceEnable                 
0000392d  TimerEnable                       
0000393b  __TI_decompress_none              
00003949  CPUcpsie                          
00003955  __TI_zero_init                    
00003961  ADCIntClear                       
0000396b  SSIDataPut                        
00003975  SSIEnable                         
0000397f  GrMapISO8859_1_Unicode            
00003987  SSIBusy                           
0000398f  TimerIntEnable                    
00003997  SysCtlDelay                       
0000399d  _system_pre_init                  
00003db8  _ctypes_                          
00003ebc  g_sFontFixed6x8                   
000041bc  g_sCrystalfontz128x128            
000041e4  g_psDefaultCodePointMapTable      
00004224  __TI_Handler_Table_Base           
00004230  __TI_Handler_Table_Limit          
00004238  __TI_CINIT_Base                   
00004248  __TI_CINIT_Limit                  
20000000  Lcd_buffer                        
20008024  __TI_cleanup_ptr                  
20008028  __TI_dtors_ptr                    
2000802c  __TI_enable_exit_profile_output   
20008030  _lock                             
20008034  _unlock                           
20008038  gJoystick                         
20008040  gButtons                          
20008048  gTime                             
2000804c  errno                             
20008050  main_func_sp                      
20008054  __stack                           
20008254  __STACK_TOP                       
20008854  __STACK_END                       
20008868  gADCSamplingRate                  
2000886c  gSystemClock                      
20008874  Lcd_ScreenHeigth                  
20008876  Lcd_ScreenWidth                   
20008878  Lcd_TouchTrim                     
2000887a  Lcd_FlagRead                      
2000887b  Lcd_FontSolid                     
2000887c  Lcd_Orientation                   
2000887d  Lcd_PenSolid                      
ffffffff  __TI_pprof_out_hndl               
ffffffff  __TI_prof_data_size               
ffffffff  __TI_prof_data_start              
ffffffff  __binit__                         
ffffffff  __c_args__                        
ffffffff  binit                             
UNDEFED   SHT$$INIT_ARRAY$$Base             
UNDEFED   SHT$$INIT_ARRAY$$Limit            

[157 symbols]
