<?xml version="1.0"?>
<link_info>
   <banner>TI ARM Linker PC v16.9.4.LTS</banner>
   <copyright>Copyright (c) 1996-2017 Texas Instruments Incorporated</copyright>
   <link_time>0x5a0b26f8</link_time>
   <link_errors>0x0</link_errors>
   <output_file>ece3849_b2017_lab0.out</output_file>
   <entry_point>
      <name>_c_int00</name>
      <address>0x3249</address>
   </entry_point>
   <input_file_list>
      <input_file id="fl-2">
         <path>.\</path>
         <kind>object</kind>
         <file>Crystalfontz128x128_ST7735.obj</file>
         <name>Crystalfontz128x128_ST7735.obj</name>
      </input_file>
      <input_file id="fl-3">
         <path>.\</path>
         <kind>object</kind>
         <file>HAL_EK_TM4C1294XL_Crystalfontz128x128_ST7735.obj</file>
         <name>HAL_EK_TM4C1294XL_Crystalfontz128x128_ST7735.obj</name>
      </input_file>
      <input_file id="fl-4">
         <path>.\</path>
         <kind>object</kind>
         <file>buttons.obj</file>
         <name>buttons.obj</name>
      </input_file>
      <input_file id="fl-5">
         <path>.\</path>
         <kind>object</kind>
         <file>fill_stack.obj</file>
         <name>fill_stack.obj</name>
      </input_file>
      <input_file id="fl-6">
         <path>.\</path>
         <kind>object</kind>
         <file>main.obj</file>
         <name>main.obj</name>
      </input_file>
      <input_file id="fl-7">
         <path>.\</path>
         <kind>object</kind>
         <file>tm4c1294ncpdt_startup_ccs.obj</file>
         <name>tm4c1294ncpdt_startup_ccs.obj</name>
      </input_file>
      <input_file id="fl-d">
         <kind>object</kind>
         <file>&lt;internal&gt;</file>
         <name>&lt;internal&gt;</name>
      </input_file>
      <input_file id="fl-c3">
         <path>C:\ti\ccsv7\tools\compiler\ti-cgt-arm_16.9.4.LTS\lib\</path>
         <kind>archive</kind>
         <file>rtsv7M4_T_le_v4SPD16_eabi.lib</file>
         <name>boot.obj</name>
      </input_file>
      <input_file id="fl-c4">
         <path>C:\ti\ccsv7\tools\compiler\ti-cgt-arm_16.9.4.LTS\lib\</path>
         <kind>archive</kind>
         <file>rtsv7M4_T_le_v4SPD16_eabi.lib</file>
         <name>copy_decompress_lzss.obj</name>
      </input_file>
      <input_file id="fl-c5">
         <path>C:\ti\ccsv7\tools\compiler\ti-cgt-arm_16.9.4.LTS\lib\</path>
         <kind>archive</kind>
         <file>rtsv7M4_T_le_v4SPD16_eabi.lib</file>
         <name>copy_decompress_none.obj</name>
      </input_file>
      <input_file id="fl-c6">
         <path>C:\ti\ccsv7\tools\compiler\ti-cgt-arm_16.9.4.LTS\lib\</path>
         <kind>archive</kind>
         <file>rtsv7M4_T_le_v4SPD16_eabi.lib</file>
         <name>copy_zero_init.obj</name>
      </input_file>
      <input_file id="fl-c7">
         <path>C:\ti\ccsv7\tools\compiler\ti-cgt-arm_16.9.4.LTS\lib\</path>
         <kind>archive</kind>
         <file>rtsv7M4_T_le_v4SPD16_eabi.lib</file>
         <name>exit.obj</name>
      </input_file>
      <input_file id="fl-c8">
         <path>C:\ti\ccsv7\tools\compiler\ti-cgt-arm_16.9.4.LTS\lib\</path>
         <kind>archive</kind>
         <file>rtsv7M4_T_le_v4SPD16_eabi.lib</file>
         <name>memcpy_t2.obj</name>
      </input_file>
      <input_file id="fl-c9">
         <path>C:\ti\ccsv7\tools\compiler\ti-cgt-arm_16.9.4.LTS\lib\</path>
         <kind>archive</kind>
         <file>rtsv7M4_T_le_v4SPD16_eabi.lib</file>
         <name>memset_t2.obj</name>
      </input_file>
      <input_file id="fl-ca">
         <path>C:\ti\ccsv7\tools\compiler\ti-cgt-arm_16.9.4.LTS\lib\</path>
         <kind>archive</kind>
         <file>rtsv7M4_T_le_v4SPD16_eabi.lib</file>
         <name>mpu_init.obj</name>
      </input_file>
      <input_file id="fl-cb">
         <path>C:\ti\ccsv7\tools\compiler\ti-cgt-arm_16.9.4.LTS\lib\</path>
         <kind>archive</kind>
         <file>rtsv7M4_T_le_v4SPD16_eabi.lib</file>
         <name>pre_init.obj</name>
      </input_file>
      <input_file id="fl-cc">
         <path>C:\ti\ccsv7\tools\compiler\ti-cgt-arm_16.9.4.LTS\lib\</path>
         <kind>archive</kind>
         <file>rtsv7M4_T_le_v4SPD16_eabi.lib</file>
         <name>snprintf.obj</name>
      </input_file>
      <input_file id="fl-cd">
         <path>C:\ti\ccsv7\tools\compiler\ti-cgt-arm_16.9.4.LTS\lib\</path>
         <kind>archive</kind>
         <file>rtsv7M4_T_le_v4SPD16_eabi.lib</file>
         <name>stkdepth_vars.obj</name>
      </input_file>
      <input_file id="fl-ce">
         <path>C:\ti\ccsv7\tools\compiler\ti-cgt-arm_16.9.4.LTS\lib\</path>
         <kind>archive</kind>
         <file>rtsv7M4_T_le_v4SPD16_eabi.lib</file>
         <name>_lock.obj</name>
      </input_file>
      <input_file id="fl-cf">
         <path>C:\ti\ccsv7\tools\compiler\ti-cgt-arm_16.9.4.LTS\lib\</path>
         <kind>archive</kind>
         <file>rtsv7M4_T_le_v4SPD16_eabi.lib</file>
         <name>_printfi.obj</name>
      </input_file>
      <input_file id="fl-d0">
         <path>C:\ti\ccsv7\tools\compiler\ti-cgt-arm_16.9.4.LTS\lib\</path>
         <kind>archive</kind>
         <file>rtsv7M4_T_le_v4SPD16_eabi.lib</file>
         <name>args_main.obj</name>
      </input_file>
      <input_file id="fl-d1">
         <path>C:\ti\ccsv7\tools\compiler\ti-cgt-arm_16.9.4.LTS\lib\</path>
         <kind>archive</kind>
         <file>rtsv7M4_T_le_v4SPD16_eabi.lib</file>
         <name>atoi.obj</name>
      </input_file>
      <input_file id="fl-d2">
         <path>C:\ti\ccsv7\tools\compiler\ti-cgt-arm_16.9.4.LTS\lib\</path>
         <kind>archive</kind>
         <file>rtsv7M4_T_le_v4SPD16_eabi.lib</file>
         <name>autoinit.obj</name>
      </input_file>
      <input_file id="fl-d3">
         <path>C:\ti\ccsv7\tools\compiler\ti-cgt-arm_16.9.4.LTS\lib\</path>
         <kind>archive</kind>
         <file>rtsv7M4_T_le_v4SPD16_eabi.lib</file>
         <name>cpy_tbl.obj</name>
      </input_file>
      <input_file id="fl-d4">
         <path>C:\ti\ccsv7\tools\compiler\ti-cgt-arm_16.9.4.LTS\lib\</path>
         <kind>archive</kind>
         <file>rtsv7M4_T_le_v4SPD16_eabi.lib</file>
         <name>ctype.obj</name>
      </input_file>
      <input_file id="fl-d5">
         <path>C:\ti\ccsv7\tools\compiler\ti-cgt-arm_16.9.4.LTS\lib\</path>
         <kind>archive</kind>
         <file>rtsv7M4_T_le_v4SPD16_eabi.lib</file>
         <name>fd_add_t2.obj</name>
      </input_file>
      <input_file id="fl-d6">
         <path>C:\ti\ccsv7\tools\compiler\ti-cgt-arm_16.9.4.LTS\lib\</path>
         <kind>archive</kind>
         <file>rtsv7M4_T_le_v4SPD16_eabi.lib</file>
         <name>fd_cmp_t2.obj</name>
      </input_file>
      <input_file id="fl-d7">
         <path>C:\ti\ccsv7\tools\compiler\ti-cgt-arm_16.9.4.LTS\lib\</path>
         <kind>archive</kind>
         <file>rtsv7M4_T_le_v4SPD16_eabi.lib</file>
         <name>fd_div_t2.obj</name>
      </input_file>
      <input_file id="fl-d8">
         <path>C:\ti\ccsv7\tools\compiler\ti-cgt-arm_16.9.4.LTS\lib\</path>
         <kind>archive</kind>
         <file>rtsv7M4_T_le_v4SPD16_eabi.lib</file>
         <name>fd_mul_t2.obj</name>
      </input_file>
      <input_file id="fl-d9">
         <path>C:\ti\ccsv7\tools\compiler\ti-cgt-arm_16.9.4.LTS\lib\</path>
         <kind>archive</kind>
         <file>rtsv7M4_T_le_v4SPD16_eabi.lib</file>
         <name>fd_toi_t2.obj</name>
      </input_file>
      <input_file id="fl-da">
         <path>C:\ti\ccsv7\tools\compiler\ti-cgt-arm_16.9.4.LTS\lib\</path>
         <kind>archive</kind>
         <file>rtsv7M4_T_le_v4SPD16_eabi.lib</file>
         <name>i_tofd_t2.obj</name>
      </input_file>
      <input_file id="fl-db">
         <path>C:\ti\ccsv7\tools\compiler\ti-cgt-arm_16.9.4.LTS\lib\</path>
         <kind>archive</kind>
         <file>rtsv7M4_T_le_v4SPD16_eabi.lib</file>
         <name>ltoa.obj</name>
      </input_file>
      <input_file id="fl-dc">
         <path>C:\ti\ccsv7\tools\compiler\ti-cgt-arm_16.9.4.LTS\lib\</path>
         <kind>archive</kind>
         <file>rtsv7M4_T_le_v4SPD16_eabi.lib</file>
         <name>memccpy.obj</name>
      </input_file>
      <input_file id="fl-dd">
         <path>C:\ti\ccsv7\tools\compiler\ti-cgt-arm_16.9.4.LTS\lib\</path>
         <kind>archive</kind>
         <file>rtsv7M4_T_le_v4SPD16_eabi.lib</file>
         <name>s_frexp.obj</name>
      </input_file>
      <input_file id="fl-de">
         <path>C:\ti\ccsv7\tools\compiler\ti-cgt-arm_16.9.4.LTS\lib\</path>
         <kind>archive</kind>
         <file>rtsv7M4_T_le_v4SPD16_eabi.lib</file>
         <name>s_scalbn.obj</name>
      </input_file>
      <input_file id="fl-df">
         <path>C:\ti\ccsv7\tools\compiler\ti-cgt-arm_16.9.4.LTS\lib\</path>
         <kind>archive</kind>
         <file>rtsv7M4_T_le_v4SPD16_eabi.lib</file>
         <name>startup.obj</name>
      </input_file>
      <input_file id="fl-e0">
         <path>C:\ti\ccsv7\tools\compiler\ti-cgt-arm_16.9.4.LTS\lib\</path>
         <kind>archive</kind>
         <file>rtsv7M4_T_le_v4SPD16_eabi.lib</file>
         <name>strchr.obj</name>
      </input_file>
      <input_file id="fl-e1">
         <path>C:\ti\ccsv7\tools\compiler\ti-cgt-arm_16.9.4.LTS\lib\</path>
         <kind>archive</kind>
         <file>rtsv7M4_T_le_v4SPD16_eabi.lib</file>
         <name>strlen.obj</name>
      </input_file>
      <input_file id="fl-e2">
         <path>C:\ti\ccsv7\tools\compiler\ti-cgt-arm_16.9.4.LTS\lib\</path>
         <kind>archive</kind>
         <file>rtsv7M4_T_le_v4SPD16_eabi.lib</file>
         <name>ull_div_t2.obj</name>
      </input_file>
      <input_file id="fl-e3">
         <path>C:\ti\ccsv7\tools\compiler\ti-cgt-arm_16.9.4.LTS\lib\</path>
         <kind>archive</kind>
         <file>rtsv7M4_T_le_v4SPD16_eabi.lib</file>
         <name>errno.obj</name>
      </input_file>
      <input_file id="fl-e4">
         <path>C:\ti\ccsv7\tools\compiler\ti-cgt-arm_16.9.4.LTS\lib\</path>
         <kind>archive</kind>
         <file>rtsv7M4_T_le_v4SPD16_eabi.lib</file>
         <name>s_copysign.obj</name>
      </input_file>
      <input_file id="fl-e5">
         <path>C:\ti\tirtos_tivac_2_16_00_08\products\TivaWare_C_Series-2.1.1.71b\grlib\ccs\Debug\</path>
         <kind>archive</kind>
         <file>grlib.lib</file>
         <name>context.obj</name>
      </input_file>
      <input_file id="fl-e6">
         <path>C:\ti\tirtos_tivac_2_16_00_08\products\TivaWare_C_Series-2.1.1.71b\grlib\ccs\Debug\</path>
         <kind>archive</kind>
         <file>grlib.lib</file>
         <name>rectangle.obj</name>
      </input_file>
      <input_file id="fl-e7">
         <path>C:\ti\tirtos_tivac_2_16_00_08\products\TivaWare_C_Series-2.1.1.71b\grlib\ccs\Debug\</path>
         <kind>archive</kind>
         <file>grlib.lib</file>
         <name>string.obj</name>
      </input_file>
      <input_file id="fl-e8">
         <path>C:\ti\tirtos_tivac_2_16_00_08\products\TivaWare_C_Series-2.1.1.71b\grlib\ccs\Debug\</path>
         <kind>archive</kind>
         <file>grlib.lib</file>
         <name>fontfixed6x8.obj</name>
      </input_file>
      <input_file id="fl-e9">
         <path>C:\ti\tirtos_tivac_2_16_00_08\products\TivaWare_C_Series-2.1.1.71b\grlib\ccs\Debug\</path>
         <kind>archive</kind>
         <file>grlib.lib</file>
         <name>charmap.obj</name>
      </input_file>
      <input_file id="fl-ea">
         <path>C:\ti\tirtos_tivac_2_16_00_08\products\TivaWare_C_Series-2.1.1.71b\grlib\ccs\Debug\</path>
         <kind>archive</kind>
         <file>grlib.lib</file>
         <name>line.obj</name>
      </input_file>
      <input_file id="fl-eb">
         <path>C:\ti\tirtos_tivac_2_16_00_08\products\TivaWare_C_Series-2.1.1.71b\driverlib\ccs\Debug\</path>
         <kind>archive</kind>
         <file>driverlib.lib</file>
         <name>adc.obj</name>
      </input_file>
      <input_file id="fl-ec">
         <path>C:\ti\tirtos_tivac_2_16_00_08\products\TivaWare_C_Series-2.1.1.71b\driverlib\ccs\Debug\</path>
         <kind>archive</kind>
         <file>driverlib.lib</file>
         <name>fpu.obj</name>
      </input_file>
      <input_file id="fl-ed">
         <path>C:\ti\tirtos_tivac_2_16_00_08\products\TivaWare_C_Series-2.1.1.71b\driverlib\ccs\Debug\</path>
         <kind>archive</kind>
         <file>driverlib.lib</file>
         <name>gpio.obj</name>
      </input_file>
      <input_file id="fl-ee">
         <path>C:\ti\tirtos_tivac_2_16_00_08\products\TivaWare_C_Series-2.1.1.71b\driverlib\ccs\Debug\</path>
         <kind>archive</kind>
         <file>driverlib.lib</file>
         <name>interrupt.obj</name>
      </input_file>
      <input_file id="fl-ef">
         <path>C:\ti\tirtos_tivac_2_16_00_08\products\TivaWare_C_Series-2.1.1.71b\driverlib\ccs\Debug\</path>
         <kind>archive</kind>
         <file>driverlib.lib</file>
         <name>ssi.obj</name>
      </input_file>
      <input_file id="fl-f0">
         <path>C:\ti\tirtos_tivac_2_16_00_08\products\TivaWare_C_Series-2.1.1.71b\driverlib\ccs\Debug\</path>
         <kind>archive</kind>
         <file>driverlib.lib</file>
         <name>sysctl.obj</name>
      </input_file>
      <input_file id="fl-f1">
         <path>C:\ti\tirtos_tivac_2_16_00_08\products\TivaWare_C_Series-2.1.1.71b\driverlib\ccs\Debug\</path>
         <kind>archive</kind>
         <file>driverlib.lib</file>
         <name>timer.obj</name>
      </input_file>
      <input_file id="fl-f2">
         <path>C:\ti\tirtos_tivac_2_16_00_08\products\TivaWare_C_Series-2.1.1.71b\driverlib\ccs\Debug\</path>
         <kind>archive</kind>
         <file>driverlib.lib</file>
         <name>cpu.obj</name>
      </input_file>
   </input_file_list>
   <object_component_list>
      <object_component id="oc-f">
         <name>.intvecs</name>
         <load_address>0x0</load_address>
         <run_address>0x0</run_address>
         <size>0x208</size>
         <input_file_ref idref="fl-7"/>
      </object_component>
      <object_component id="oc-27e">
         <name>.text</name>
         <load_address>0x208</load_address>
         <run_address>0x208</run_address>
         <size>0x113e</size>
         <input_file_ref idref="fl-cf"/>
      </object_component>
      <object_component id="oc-5d">
         <name>.text</name>
         <load_address>0x1346</load_address>
         <run_address>0x1346</run_address>
         <size>0x2</size>
         <input_file_ref idref="fl-ca"/>
      </object_component>
      <object_component id="oc-31">
         <name>.text</name>
         <load_address>0x1348</load_address>
         <run_address>0x1348</run_address>
         <size>0x42a</size>
         <input_file_ref idref="fl-4"/>
      </object_component>
      <object_component id="oc-10c">
         <name>.text:GPIOPinRead</name>
         <load_address>0x1772</load_address>
         <run_address>0x1772</run_address>
         <size>0x6</size>
         <input_file_ref idref="fl-ed"/>
      </object_component>
      <object_component id="oc-1bf">
         <name>.text</name>
         <load_address>0x1778</load_address>
         <run_address>0x1778</run_address>
         <size>0x40c</size>
         <input_file_ref idref="fl-2"/>
      </object_component>
      <object_component id="oc-2ec">
         <name>.text:GrFontGlyphRender</name>
         <load_address>0x1b84</load_address>
         <run_address>0x1b84</run_address>
         <size>0x256</size>
         <input_file_ref idref="fl-e7"/>
      </object_component>
      <object_component id="oc-140">
         <name>.text</name>
         <load_address>0x1dda</load_address>
         <run_address>0x1dda</run_address>
         <size>0x2</size>
         <input_file_ref idref="fl-df"/>
      </object_component>
      <object_component id="oc-1b9">
         <name>.text:SysCtlClockFreqSet</name>
         <load_address>0x1ddc</load_address>
         <run_address>0x1ddc</run_address>
         <size>0x204</size>
         <input_file_ref idref="fl-f0"/>
      </object_component>
      <object_component id="oc-30d">
         <name>.text</name>
         <load_address>0x1fe0</load_address>
         <run_address>0x1fe0</run_address>
         <size>0x1f4</size>
         <input_file_ref idref="fl-e2"/>
      </object_component>
      <object_component id="oc-33c">
         <name>.text</name>
         <load_address>0x21d4</load_address>
         <run_address>0x21d4</run_address>
         <size>0x1b6</size>
         <input_file_ref idref="fl-d5"/>
      </object_component>
      <object_component id="oc-2c4">
         <name>.text:GPIOPinWrite</name>
         <load_address>0x238a</load_address>
         <run_address>0x238a</run_address>
         <size>0x6</size>
         <input_file_ref idref="fl-ed"/>
      </object_component>
      <object_component id="oc-148">
         <name>.text</name>
         <load_address>0x2390</load_address>
         <run_address>0x2390</run_address>
         <size>0x192</size>
         <input_file_ref idref="fl-6"/>
      </object_component>
      <object_component id="oc-1d1">
         <name>.text:GrContextFontSet</name>
         <load_address>0x2522</load_address>
         <run_address>0x2522</run_address>
         <size>0x6</size>
         <input_file_ref idref="fl-e7"/>
      </object_component>
      <object_component id="oc-243">
         <name>.text</name>
         <load_address>0x2528</load_address>
         <run_address>0x2528</run_address>
         <size>0x17e</size>
         <input_file_ref idref="fl-3"/>
      </object_component>
      <object_component id="oc-322">
         <name>.text</name>
         <load_address>0x26a6</load_address>
         <run_address>0x26a6</run_address>
         <size>0x136</size>
         <input_file_ref idref="fl-d7"/>
      </object_component>
      <object_component id="oc-b9">
         <name>.text:GPIOPadConfigSet</name>
         <load_address>0x27dc</load_address>
         <run_address>0x27dc</run_address>
         <size>0x130</size>
         <input_file_ref idref="fl-ed"/>
      </object_component>
      <object_component id="oc-31d">
         <name>.text</name>
         <load_address>0x290c</load_address>
         <run_address>0x290c</run_address>
         <size>0xfc</size>
         <input_file_ref idref="fl-d8"/>
      </object_component>
      <object_component id="oc-347">
         <name>.text</name>
         <load_address>0x2a08</load_address>
         <run_address>0x2a08</run_address>
         <size>0xfc</size>
         <input_file_ref idref="fl-de"/>
      </object_component>
      <object_component id="oc-257">
         <name>.text:GrDefaultStringRenderer</name>
         <load_address>0x2b04</load_address>
         <run_address>0x2b04</run_address>
         <size>0xc4</size>
         <input_file_ref idref="fl-e7"/>
      </object_component>
      <object_component id="oc-45">
         <name>.text</name>
         <load_address>0x2bc8</load_address>
         <run_address>0x2bc8</run_address>
         <size>0x9c</size>
         <input_file_ref idref="fl-c8"/>
      </object_component>
      <object_component id="oc-1e6">
         <name>.text</name>
         <load_address>0x2c64</load_address>
         <run_address>0x2c64</run_address>
         <size>0x94</size>
         <input_file_ref idref="fl-cc"/>
      </object_component>
      <object_component id="oc-1e0">
         <name>.text:GrRectFill</name>
         <load_address>0x2cf8</load_address>
         <run_address>0x2cf8</run_address>
         <size>0x86</size>
         <input_file_ref idref="fl-e6"/>
      </object_component>
      <object_component id="oc-318">
         <name>.text:__aeabi_cdcmple</name>
         <load_address>0x2d7e</load_address>
         <run_address>0x2d7e</run_address>
         <size>0x86</size>
         <input_file_ref idref="fl-d6"/>
      </object_component>
      <object_component id="oc-327">
         <name>.text:__aeabi_cdrcmple</name>
         <load_address>0x2e04</load_address>
         <run_address>0x2e04</run_address>
         <size>0x86</size>
         <input_file_ref idref="fl-d6"/>
      </object_component>
      <object_component id="oc-da">
         <name>.text:ADCSequenceStepConfigure</name>
         <load_address>0x2e8a</load_address>
         <run_address>0x2e8a</run_address>
         <size>0x7a</size>
         <input_file_ref idref="fl-eb"/>
      </object_component>
      <object_component id="oc-51">
         <name>.text</name>
         <load_address>0x2f04</load_address>
         <run_address>0x2f04</run_address>
         <size>0x7a</size>
         <input_file_ref idref="fl-c9"/>
      </object_component>
      <object_component id="oc-69">
         <name>.text</name>
         <load_address>0x2f80</load_address>
         <run_address>0x2f80</run_address>
         <size>0x70</size>
         <input_file_ref idref="fl-d2"/>
      </object_component>
      <object_component id="oc-1c8">
         <name>.text:GrContextInit</name>
         <load_address>0x2ff0</load_address>
         <run_address>0x2ff0</run_address>
         <size>0x68</size>
         <input_file_ref idref="fl-e5"/>
      </object_component>
      <object_component id="oc-ad">
         <name>.text:IntEnable</name>
         <load_address>0x3058</load_address>
         <run_address>0x3058</run_address>
         <size>0x68</size>
         <input_file_ref idref="fl-ee"/>
      </object_component>
      <object_component id="oc-12">
         <name>.text:decompress:lzss</name>
         <load_address>0x30c0</load_address>
         <run_address>0x30c0</run_address>
         <size>0x68</size>
         <input_file_ref idref="fl-c4"/>
      </object_component>
      <object_component id="oc-341">
         <name>.text</name>
         <load_address>0x3128</load_address>
         <run_address>0x3128</run_address>
         <size>0x64</size>
         <input_file_ref idref="fl-dd"/>
      </object_component>
      <object_component id="oc-8c">
         <name>.text:TimerConfigure</name>
         <load_address>0x318c</load_address>
         <run_address>0x318c</run_address>
         <size>0x60</size>
         <input_file_ref idref="fl-f1"/>
      </object_component>
      <object_component id="oc-37f">
         <name>.text:FontWideGlyphDataGet</name>
         <load_address>0x31ec</load_address>
         <run_address>0x31ec</run_address>
         <size>0x5a</size>
         <input_file_ref idref="fl-e7"/>
      </object_component>
      <object_component id="oc-24">
         <name>.text</name>
         <load_address>0x3248</load_address>
         <run_address>0x3248</run_address>
         <size>0x54</size>
         <input_file_ref idref="fl-c3"/>
      </object_component>
      <object_component id="oc-75">
         <name>.text</name>
         <load_address>0x329c</load_address>
         <run_address>0x329c</run_address>
         <size>0x54</size>
         <input_file_ref idref="fl-c7"/>
      </object_component>
      <object_component id="oc-331">
         <name>.text</name>
         <load_address>0x32f0</load_address>
         <run_address>0x32f0</run_address>
         <size>0x54</size>
         <input_file_ref idref="fl-db"/>
      </object_component>
      <object_component id="oc-353">
         <name>.text</name>
         <load_address>0x3344</load_address>
         <run_address>0x3344</run_address>
         <size>0x4c</size>
         <input_file_ref idref="fl-d1"/>
      </object_component>
      <object_component id="oc-13a">
         <name>.text</name>
         <load_address>0x3390</load_address>
         <run_address>0x3390</run_address>
         <size>0x4c</size>
         <input_file_ref idref="fl-d3"/>
      </object_component>
      <object_component id="oc-26a">
         <name>.text:UpdateContextCharMapping</name>
         <load_address>0x33dc</load_address>
         <run_address>0x33dc</run_address>
         <size>0x4a</size>
         <input_file_ref idref="fl-e7"/>
      </object_component>
      <object_component id="oc-2ac">
         <name>.text:GPIOPinConfigure</name>
         <load_address>0x3428</load_address>
         <run_address>0x3428</run_address>
         <size>0x48</size>
         <input_file_ref idref="fl-ed"/>
      </object_component>
      <object_component id="oc-233">
         <name>.text:_SysCtlFrequencyGet</name>
         <load_address>0x3470</load_address>
         <run_address>0x3470</run_address>
         <size>0x48</size>
         <input_file_ref idref="fl-f0"/>
      </object_component>
      <object_component id="oc-32c">
         <name>.text</name>
         <load_address>0x34b8</load_address>
         <run_address>0x34b8</run_address>
         <size>0x48</size>
         <input_file_ref idref="fl-d9"/>
      </object_component>
      <object_component id="oc-d4">
         <name>.text:ADCSequenceConfigure</name>
         <load_address>0x3500</load_address>
         <run_address>0x3500</run_address>
         <size>0x3e</size>
         <input_file_ref idref="fl-eb"/>
      </object_component>
      <object_component id="oc-2b8">
         <name>.text:SSIConfigSetExpClk</name>
         <load_address>0x353e</load_address>
         <run_address>0x353e</run_address>
         <size>0x3c</size>
         <input_file_ref idref="fl-ef"/>
      </object_component>
      <object_component id="oc-385">
         <name>.text:FontGlyphDataGet</name>
         <load_address>0x357a</load_address>
         <run_address>0x357a</run_address>
         <size>0x3a</size>
         <input_file_ref idref="fl-e7"/>
      </object_component>
      <object_component id="oc-80">
         <name>.text:SysCtlPeripheralEnable</name>
         <load_address>0x35b4</load_address>
         <run_address>0x35b4</run_address>
         <size>0x34</size>
         <input_file_ref idref="fl-f0"/>
      </object_component>
      <object_component id="oc-f0">
         <name>.text:ADCIntStatus</name>
         <load_address>0x35e8</load_address>
         <run_address>0x35e8</run_address>
         <size>0x2e</size>
         <input_file_ref idref="fl-eb"/>
      </object_component>
      <object_component id="oc-2e0">
         <name>.text:GrStringNextCharGet</name>
         <load_address>0x3616</load_address>
         <run_address>0x3616</run_address>
         <size>0x2e</size>
         <input_file_ref idref="fl-e7"/>
      </object_component>
      <object_component id="oc-337">
         <name>.text</name>
         <load_address>0x3644</load_address>
         <run_address>0x3644</run_address>
         <size>0x2e</size>
         <input_file_ref idref="fl-da"/>
      </object_component>
      <object_component id="oc-178">
         <name>.text:GPIODirModeSet</name>
         <load_address>0x3672</load_address>
         <run_address>0x3672</run_address>
         <size>0x2a</size>
         <input_file_ref idref="fl-ed"/>
      </object_component>
      <object_component id="oc-2da">
         <name>.text:GrFontInfoGet</name>
         <load_address>0x369c</load_address>
         <run_address>0x369c</run_address>
         <size>0x26</size>
         <input_file_ref idref="fl-e7"/>
      </object_component>
      <object_component id="oc-a7">
         <name>.text:IntPrioritySet</name>
         <load_address>0x36c4</load_address>
         <run_address>0x36c4</run_address>
         <size>0x24</size>
         <input_file_ref idref="fl-ee"/>
      </object_component>
      <object_component id="oc-2e6">
         <name>.text:GrFontGlyphDataGet</name>
         <load_address>0x36e8</load_address>
         <run_address>0x36e8</run_address>
         <size>0x22</size>
         <input_file_ref idref="fl-e7"/>
      </object_component>
      <object_component id="oc-f9">
         <name>.text:ADCSequenceDataGet</name>
         <load_address>0x370a</load_address>
         <run_address>0x370a</run_address>
         <size>0x1e</size>
         <input_file_ref idref="fl-eb"/>
      </object_component>
      <object_component id="oc-301">
         <name>.text:GrFontCodepageGet</name>
         <load_address>0x3728</load_address>
         <run_address>0x3728</run_address>
         <size>0x1e</size>
         <input_file_ref idref="fl-e7"/>
      </object_component>
      <object_component id="oc-22d">
         <name>.text:_SysCtlMemTimingGet</name>
         <load_address>0x3748</load_address>
         <run_address>0x3748</run_address>
         <size>0x1c</size>
         <input_file_ref idref="fl-f0"/>
      </object_component>
      <object_component id="oc-1a8">
         <name>.text</name>
         <load_address>0x3764</load_address>
         <run_address>0x3764</run_address>
         <size>0x1c</size>
         <input_file_ref idref="fl-5"/>
      </object_component>
      <object_component id="oc-359">
         <name>.text</name>
         <load_address>0x3780</load_address>
         <run_address>0x3780</run_address>
         <size>0x1c</size>
         <input_file_ref idref="fl-dc"/>
      </object_component>
      <object_component id="oc-106">
         <name>.text:TimerIntClear</name>
         <load_address>0x379c</load_address>
         <run_address>0x379c</run_address>
         <size>0x4</size>
         <input_file_ref idref="fl-f1"/>
      </object_component>
      <object_component id="oc-2b">
         <name>.text</name>
         <load_address>0x37a0</load_address>
         <run_address>0x37a0</run_address>
         <size>0x1a</size>
         <input_file_ref idref="fl-7"/>
      </object_component>
      <object_component id="oc-c8">
         <name>.text:ADCClockConfigSet</name>
         <load_address>0x37ba</load_address>
         <run_address>0x37ba</run_address>
         <size>0x18</size>
         <input_file_ref idref="fl-eb"/>
      </object_component>
      <object_component id="oc-ea">
         <name>.text:ADCProcessorTrigger</name>
         <load_address>0x37d2</load_address>
         <run_address>0x37d2</run_address>
         <size>0x18</size>
         <input_file_ref idref="fl-eb"/>
      </object_component>
      <object_component id="oc-2b2">
         <name>.text:GPIOPinTypeGPIOOutput</name>
         <load_address>0x37ea</load_address>
         <run_address>0x37ea</run_address>
         <size>0x18</size>
         <input_file_ref idref="fl-ed"/>
      </object_component>
      <object_component id="oc-6f">
         <name>.text</name>
         <load_address>0x3804</load_address>
         <run_address>0x3804</run_address>
         <size>0x18</size>
         <input_file_ref idref="fl-d0"/>
      </object_component>
      <object_component id="oc-1ec">
         <name>.text:GrStringDraw</name>
         <load_address>0x381c</load_address>
         <run_address>0x381c</run_address>
         <size>0x16</size>
         <input_file_ref idref="fl-e7"/>
      </object_component>
      <object_component id="oc-34d">
         <name>.text</name>
         <load_address>0x3832</load_address>
         <run_address>0x3832</run_address>
         <size>0x16</size>
         <input_file_ref idref="fl-e0"/>
      </object_component>
      <object_component id="oc-86">
         <name>.text:TimerDisable</name>
         <load_address>0x3848</load_address>
         <run_address>0x3848</run_address>
         <size>0x14</size>
         <input_file_ref idref="fl-f1"/>
      </object_component>
      <object_component id="oc-1fc">
         <name>.text</name>
         <load_address>0x385c</load_address>
         <run_address>0x385c</run_address>
         <size>0x14</size>
         <input_file_ref idref="fl-ce"/>
      </object_component>
      <object_component id="oc-3a3">
         <name>.text</name>
         <load_address>0x3870</load_address>
         <run_address>0x3870</run_address>
         <size>0x14</size>
         <input_file_ref idref="fl-e4"/>
      </object_component>
      <object_component id="oc-312">
         <name>.text</name>
         <load_address>0x3884</load_address>
         <run_address>0x3884</run_address>
         <size>0x14</size>
         <input_file_ref idref="fl-e1"/>
      </object_component>
      <object_component id="oc-bf">
         <name>.text:GPIOPinTypeADC</name>
         <load_address>0x3898</load_address>
         <run_address>0x3898</run_address>
         <size>0x12</size>
         <input_file_ref idref="fl-ed"/>
      </object_component>
      <object_component id="oc-b3">
         <name>.text:GPIOPinTypeGPIOInput</name>
         <load_address>0x38aa</load_address>
         <run_address>0x38aa</run_address>
         <size>0x12</size>
         <input_file_ref idref="fl-ed"/>
      </object_component>
      <object_component id="oc-2a6">
         <name>.text:GPIOPinTypeSSI</name>
         <load_address>0x38bc</load_address>
         <run_address>0x38bc</run_address>
         <size>0x12</size>
         <input_file_ref idref="fl-ed"/>
      </object_component>
      <object_component id="oc-95">
         <name>.text:TimerLoadSet</name>
         <load_address>0x38ce</load_address>
         <run_address>0x38ce</run_address>
         <size>0x12</size>
         <input_file_ref idref="fl-f1"/>
      </object_component>
      <object_component id="oc-1ad">
         <name>.text:FPUEnable</name>
         <load_address>0x38e0</load_address>
         <run_address>0x38e0</run_address>
         <size>0x10</size>
         <input_file_ref idref="fl-ec"/>
      </object_component>
      <object_component id="oc-1b3">
         <name>.text:FPULazyStackingEnable</name>
         <load_address>0x38f0</load_address>
         <run_address>0x38f0</run_address>
         <size>0x10</size>
         <input_file_ref idref="fl-ec"/>
      </object_component>
      <object_component id="oc-1d7">
         <name>.text:IntMasterEnable</name>
         <load_address>0x3900</load_address>
         <run_address>0x3900</run_address>
         <size>0x10</size>
         <input_file_ref idref="fl-ee"/>
      </object_component>
      <object_component id="oc-ce">
         <name>.text:ADCSequenceDisable</name>
         <load_address>0x3910</load_address>
         <run_address>0x3910</run_address>
         <size>0xe</size>
         <input_file_ref idref="fl-eb"/>
      </object_component>
      <object_component id="oc-e0">
         <name>.text:ADCSequenceEnable</name>
         <load_address>0x391e</load_address>
         <run_address>0x391e</run_address>
         <size>0xe</size>
         <input_file_ref idref="fl-eb"/>
      </object_component>
      <object_component id="oc-a1">
         <name>.text:TimerEnable</name>
         <load_address>0x392c</load_address>
         <run_address>0x392c</run_address>
         <size>0xe</size>
         <input_file_ref idref="fl-f1"/>
      </object_component>
      <object_component id="oc-18">
         <name>.text:decompress:none</name>
         <load_address>0x393a</load_address>
         <run_address>0x393a</run_address>
         <size>0xe</size>
         <input_file_ref idref="fl-c5"/>
      </object_component>
      <object_component id="oc-273">
         <name>.text:CPUcpsie</name>
         <load_address>0x3948</load_address>
         <run_address>0x3948</run_address>
         <size>0xc</size>
         <input_file_ref idref="fl-f2"/>
      </object_component>
      <object_component id="oc-1e">
         <name>.text:decompress:ZI</name>
         <load_address>0x3954</load_address>
         <run_address>0x3954</run_address>
         <size>0xc</size>
         <input_file_ref idref="fl-c6"/>
      </object_component>
      <object_component id="oc-ff">
         <name>.text:ADCIntClear</name>
         <load_address>0x3960</load_address>
         <run_address>0x3960</run_address>
         <size>0xa</size>
         <input_file_ref idref="fl-eb"/>
      </object_component>
      <object_component id="oc-2d0">
         <name>.text:SSIDataPut</name>
         <load_address>0x396a</load_address>
         <run_address>0x396a</run_address>
         <size>0xa</size>
         <input_file_ref idref="fl-ef"/>
      </object_component>
      <object_component id="oc-2be">
         <name>.text:SSIEnable</name>
         <load_address>0x3974</load_address>
         <run_address>0x3974</run_address>
         <size>0xa</size>
         <input_file_ref idref="fl-ef"/>
      </object_component>
      <object_component id="oc-2f3">
         <name>.text:GrMapISO8859_1_Unicode</name>
         <load_address>0x397e</load_address>
         <run_address>0x397e</run_address>
         <size>0x8</size>
         <input_file_ref idref="fl-e9"/>
      </object_component>
      <object_component id="oc-2ca">
         <name>.text:SSIBusy</name>
         <load_address>0x3986</load_address>
         <run_address>0x3986</run_address>
         <size>0x8</size>
         <input_file_ref idref="fl-ef"/>
      </object_component>
      <object_component id="oc-9b">
         <name>.text:TimerIntEnable</name>
         <load_address>0x398e</load_address>
         <run_address>0x398e</run_address>
         <size>0x8</size>
         <input_file_ref idref="fl-f1"/>
      </object_component>
      <object_component id="oc-249">
         <name>.text:SysCtlDelay</name>
         <load_address>0x3996</load_address>
         <run_address>0x3996</run_address>
         <size>0x6</size>
         <input_file_ref idref="fl-f0"/>
      </object_component>
      <object_component id="oc-63">
         <name>.text</name>
         <load_address>0x399c</load_address>
         <run_address>0x399c</run_address>
         <size>0x4</size>
         <input_file_ref idref="fl-cb"/>
      </object_component>
      <object_component id="oc-264">
         <name>.const:.string:g_pui8FontFixed6x8Data</name>
         <load_address>0x39a0</load_address>
         <run_address>0x39a0</run_address>
         <size>0x2f8</size>
         <input_file_ref idref="fl-e8"/>
      </object_component>
      <object_component id="oc-23c">
         <name>.const:g_pppui32XTALtoVCO</name>
         <load_address>0x3c98</load_address>
         <run_address>0x3c98</run_address>
         <size>0x120</size>
         <input_file_ref idref="fl-f0"/>
      </object_component>
      <object_component id="oc-3b0">
         <name>.const:.string:_ctypes_</name>
         <load_address>0x3db8</load_address>
         <run_address>0x3db8</run_address>
         <size>0x101</size>
         <input_file_ref idref="fl-d4"/>
      </object_component>
      <object_component id="oc-1ce">
         <name>.const:g_sFontFixed6x8</name>
         <load_address>0x3ebc</load_address>
         <run_address>0x3ebc</run_address>
         <size>0xc8</size>
         <input_file_ref idref="fl-e8"/>
      </object_component>
      <object_component id="oc-16f">
         <name>.const:g_pui32Regs</name>
         <load_address>0x3f84</load_address>
         <run_address>0x3f84</run_address>
         <size>0x9c</size>
         <input_file_ref idref="fl-ee"/>
      </object_component>
      <object_component id="oc-370">
         <name>.const:g_pui32GPIOBaseAddrs</name>
         <load_address>0x4020</load_address>
         <run_address>0x4020</run_address>
         <size>0x90</size>
         <input_file_ref idref="fl-ed"/>
      </object_component>
      <object_component id="oc-174">
         <name>.const</name>
         <load_address>0x40b0</load_address>
         <run_address>0x40b0</run_address>
         <size>0x70</size>
         <input_file_ref idref="fl-ee"/>
      </object_component>
      <object_component id="oc-239">
         <name>.const:g_pui32Xtals</name>
         <load_address>0x4120</load_address>
         <run_address>0x4120</run_address>
         <size>0x6c</size>
         <input_file_ref idref="fl-f0"/>
      </object_component>
      <object_component id="oc-29b">
         <name>.const:g_sXTALtoMEMTIM</name>
         <load_address>0x418c</load_address>
         <run_address>0x418c</run_address>
         <size>0x30</size>
         <input_file_ref idref="fl-f0"/>
      </object_component>
      <object_component id="oc-1c5">
         <name>.const:g_sCrystalfontz128x128</name>
         <load_address>0x41bc</load_address>
         <run_address>0x41bc</run_address>
         <size>0x28</size>
         <input_file_ref idref="fl-2"/>
      </object_component>
      <object_component id="oc-25d">
         <name>.const</name>
         <load_address>0x41e4</load_address>
         <run_address>0x41e4</run_address>
         <size>0x10</size>
         <input_file_ref idref="fl-e5"/>
      </object_component>
      <object_component id="oc-1dd">
         <name>.const:.string:$P$T1$2</name>
         <load_address>0x41f4</load_address>
         <run_address>0x41f4</run_address>
         <size>0xa</size>
         <input_file_ref idref="fl-6"/>
      </object_component>
      <object_component id="oc-23f">
         <name>.const</name>
         <load_address>0x4200</load_address>
         <run_address>0x4200</run_address>
         <size>0x8</size>
         <input_file_ref idref="fl-f0"/>
      </object_component>
      <object_component id="oc-3fd">
         <name>.cinit..data.load</name>
         <load_address>0x4208</load_address>
         <run_address>0x4208</run_address>
         <size>0x1a</size>
      </object_component>
      <object_component id="oc-3fb">
         <name>__TI_handler_table</name>
         <load_address>0x4224</load_address>
         <run_address>0x4224</run_address>
         <size>0xc</size>
      </object_component>
      <object_component id="oc-3fe">
         <name>.cinit..bss.load</name>
         <load_address>0x4230</load_address>
         <run_address>0x4230</run_address>
         <size>0x8</size>
      </object_component>
      <object_component id="oc-3fc">
         <name>__TI_cinit_table</name>
         <load_address>0x4238</load_address>
         <run_address>0x4238</run_address>
         <size>0x10</size>
      </object_component>
      <object_component id="oc-251">
         <name>.data:Lcd_buffer</name>
         <load_address>0x20000000</load_address>
         <run_address>0x20000000</run_address>
         <size>0x8000</size>
         <input_file_ref idref="fl-2"/>
      </object_component>
      <object_component id="oc-e7">
         <name>.data</name>
         <load_address>0x20008040</load_address>
         <run_address>0x20008040</run_address>
         <size>0x6</size>
         <input_file_ref idref="fl-4"/>
      </object_component>
      <object_component id="oc-f6">
         <name>.data:gJoystick</name>
         <load_address>0x20008038</load_address>
         <run_address>0x20008038</run_address>
         <size>0x8</size>
         <input_file_ref idref="fl-4"/>
      </object_component>
      <object_component id="oc-105">
         <name>.data:count$2</name>
         <load_address>0x20008000</load_address>
         <run_address>0x20008000</run_address>
         <size>0x24</size>
         <input_file_ref idref="fl-4"/>
      </object_component>
      <object_component id="oc-112">
         <name>.data</name>
         <load_address>0x20008048</load_address>
         <run_address>0x20008048</run_address>
         <size>0x4</size>
         <input_file_ref idref="fl-6"/>
      </object_component>
      <object_component id="oc-150">
         <name>.data:$O1$$</name>
         <load_address>0x20008024</load_address>
         <run_address>0x20008024</run_address>
         <size>0xc</size>
         <input_file_ref idref="fl-c7"/>
      </object_component>
      <object_component id="oc-7b">
         <name>.data</name>
         <load_address>0x20008050</load_address>
         <run_address>0x20008050</run_address>
         <size>0x4</size>
         <input_file_ref idref="fl-cd"/>
      </object_component>
      <object_component id="oc-153">
         <name>.data:$O1$$</name>
         <load_address>0x20008030</load_address>
         <run_address>0x20008030</run_address>
         <size>0x8</size>
         <input_file_ref idref="fl-ce"/>
      </object_component>
      <object_component id="oc-3a9">
         <name>.data</name>
         <load_address>0x2000804c</load_address>
         <run_address>0x2000804c</run_address>
         <size>0x4</size>
         <input_file_ref idref="fl-e3"/>
      </object_component>
      <object_component id="oc-e6">
         <name>.bss:state$1</name>
         <uninitialized>true</uninitialized>
         <run_address>0x20008854</run_address>
         <size>0x14</size>
         <input_file_ref idref="fl-4"/>
      </object_component>
      <object_component id="oc-250">
         <name>.common:Lcd_Orientation</name>
         <uninitialized>true</uninitialized>
         <run_address>0x2000887c</run_address>
         <size>0x1</size>
      </object_component>
      <object_component id="oc-24b">
         <name>.common:Lcd_ScreenWidth</name>
         <uninitialized>true</uninitialized>
         <run_address>0x20008876</run_address>
         <size>0x2</size>
      </object_component>
      <object_component id="oc-24a">
         <name>.common:Lcd_ScreenHeigth</name>
         <uninitialized>true</uninitialized>
         <run_address>0x20008874</run_address>
         <size>0x2</size>
      </object_component>
      <object_component id="oc-24c">
         <name>.common:Lcd_PenSolid</name>
         <uninitialized>true</uninitialized>
         <run_address>0x2000887d</run_address>
         <size>0x1</size>
      </object_component>
      <object_component id="oc-24d">
         <name>.common:Lcd_FontSolid</name>
         <uninitialized>true</uninitialized>
         <run_address>0x2000887b</run_address>
         <size>0x1</size>
      </object_component>
      <object_component id="oc-24e">
         <name>.common:Lcd_FlagRead</name>
         <uninitialized>true</uninitialized>
         <run_address>0x2000887a</run_address>
         <size>0x1</size>
      </object_component>
      <object_component id="oc-24f">
         <name>.common:Lcd_TouchTrim</name>
         <uninitialized>true</uninitialized>
         <run_address>0x20008878</run_address>
         <size>0x2</size>
      </object_component>
      <object_component id="oc-c5">
         <name>.common:gADCSamplingRate</name>
         <uninitialized>true</uninitialized>
         <run_address>0x20008868</run_address>
         <size>0x4</size>
      </object_component>
      <object_component id="oc-92">
         <name>.common:gSystemClock</name>
         <uninitialized>true</uninitialized>
         <run_address>0x2000886c</run_address>
         <size>0x4</size>
      </object_component>
      <object_component id="oc-260">
         <name>.common:g_psGrLibDefaults</name>
         <uninitialized>true</uninitialized>
         <run_address>0x20008870</run_address>
         <size>0x4</size>
      </object_component>
      <object_component id="oc-2a">
         <name>.stack</name>
         <uninitialized>true</uninitialized>
         <run_address>0x20008054</run_address>
         <size>0x0</size>
         <input_file_ref idref="fl-c3"/>
      </object_component>
      <object_component id="oc-3ff">
         <name>.stack</name>
         <uninitialized>true</uninitialized>
         <run_address>0x20008054</run_address>
         <size>0x0</size>
      </object_component>
      <object_component id="oc-211">
         <name>.debug_info</name>
         <load_address>0x0</load_address>
         <run_address>0x0</run_address>
         <size>0x6f5</size>
         <input_file_ref idref="fl-2"/>
      </object_component>
      <object_component id="oc-252">
         <name>.debug_info</name>
         <load_address>0x6f5</load_address>
         <run_address>0x6f5</run_address>
         <size>0x102</size>
         <input_file_ref idref="fl-2"/>
      </object_component>
      <object_component id="oc-1c6">
         <name>.debug_info</name>
         <load_address>0x7f7</load_address>
         <run_address>0x7f7</run_address>
         <size>0x11b</size>
         <input_file_ref idref="fl-2"/>
      </object_component>
      <object_component id="oc-1c0">
         <name>.debug_info</name>
         <load_address>0x912</load_address>
         <run_address>0x912</run_address>
         <size>0x111a</size>
         <input_file_ref idref="fl-2"/>
      </object_component>
      <object_component id="oc-162">
         <name>.debug_info</name>
         <load_address>0x1a2c</load_address>
         <run_address>0x1a2c</run_address>
         <size>0x6bd</size>
         <input_file_ref idref="fl-2"/>
      </object_component>
      <object_component id="oc-11b">
         <name>.debug_info</name>
         <load_address>0x20e9</load_address>
         <run_address>0x20e9</run_address>
         <size>0x8b</size>
         <input_file_ref idref="fl-2"/>
      </object_component>
      <object_component id="oc-116">
         <name>.debug_info</name>
         <load_address>0x2174</load_address>
         <run_address>0x2174</run_address>
         <size>0x18b</size>
         <input_file_ref idref="fl-2"/>
      </object_component>
      <object_component id="oc-2d7">
         <name>.debug_info</name>
         <load_address>0x22ff</load_address>
         <run_address>0x22ff</run_address>
         <size>0x6b0</size>
         <input_file_ref idref="fl-3"/>
      </object_component>
      <object_component id="oc-246">
         <name>.debug_info</name>
         <load_address>0x29af</load_address>
         <run_address>0x29af</run_address>
         <size>0x61c</size>
         <input_file_ref idref="fl-3"/>
      </object_component>
      <object_component id="oc-c6">
         <name>.debug_info</name>
         <load_address>0x2fcb</load_address>
         <run_address>0x2fcb</run_address>
         <size>0x7e7</size>
         <input_file_ref idref="fl-4"/>
      </object_component>
      <object_component id="oc-e8">
         <name>.debug_info</name>
         <load_address>0x37b2</load_address>
         <run_address>0x37b2</run_address>
         <size>0xeb</size>
         <input_file_ref idref="fl-4"/>
      </object_component>
      <object_component id="oc-f7">
         <name>.debug_info</name>
         <load_address>0x389d</load_address>
         <run_address>0x389d</run_address>
         <size>0xed</size>
         <input_file_ref idref="fl-4"/>
      </object_component>
      <object_component id="oc-32">
         <name>.debug_info</name>
         <load_address>0x398a</load_address>
         <run_address>0x398a</run_address>
         <size>0x757</size>
         <input_file_ref idref="fl-4"/>
      </object_component>
      <object_component id="oc-1aa">
         <name>.debug_info</name>
         <load_address>0x40e1</load_address>
         <run_address>0x40e1</run_address>
         <size>0xfc</size>
         <input_file_ref idref="fl-5"/>
      </object_component>
      <object_component id="oc-93">
         <name>.debug_info</name>
         <load_address>0x41dd</load_address>
         <run_address>0x41dd</run_address>
         <size>0x809</size>
         <input_file_ref idref="fl-6"/>
      </object_component>
      <object_component id="oc-113">
         <name>.debug_info</name>
         <load_address>0x49e6</load_address>
         <run_address>0x49e6</run_address>
         <size>0xe2</size>
         <input_file_ref idref="fl-6"/>
      </object_component>
      <object_component id="oc-1de">
         <name>.debug_info</name>
         <load_address>0x4ac8</load_address>
         <run_address>0x4ac8</run_address>
         <size>0xe5</size>
         <input_file_ref idref="fl-6"/>
      </object_component>
      <object_component id="oc-149">
         <name>.debug_info</name>
         <load_address>0x4bad</load_address>
         <run_address>0x4bad</run_address>
         <size>0x2de</size>
         <input_file_ref idref="fl-6"/>
      </object_component>
      <object_component id="oc-167">
         <name>.debug_info</name>
         <load_address>0x4e8b</load_address>
         <run_address>0x4e8b</run_address>
         <size>0xc8</size>
         <input_file_ref idref="fl-6"/>
      </object_component>
      <object_component id="oc-290">
         <name>.debug_info</name>
         <load_address>0x4f53</load_address>
         <run_address>0x4f53</run_address>
         <size>0x4e</size>
         <input_file_ref idref="fl-6"/>
      </object_component>
      <object_component id="oc-39">
         <name>.debug_info</name>
         <load_address>0x4fa1</load_address>
         <run_address>0x4fa1</run_address>
         <size>0x2ce</size>
         <input_file_ref idref="fl-7"/>
      </object_component>
      <object_component id="oc-10">
         <name>.debug_info</name>
         <load_address>0x526f</load_address>
         <run_address>0x526f</run_address>
         <size>0x105</size>
         <input_file_ref idref="fl-7"/>
      </object_component>
      <object_component id="oc-2f">
         <name>.debug_info</name>
         <load_address>0x5374</load_address>
         <run_address>0x5374</run_address>
         <size>0x284</size>
         <input_file_ref idref="fl-7"/>
      </object_component>
      <object_component id="oc-40">
         <name>.debug_info</name>
         <load_address>0x55f8</load_address>
         <run_address>0x55f8</run_address>
         <size>0x84</size>
         <input_file_ref idref="fl-7"/>
      </object_component>
      <object_component id="oc-26">
         <name>.debug_info</name>
         <load_address>0x567c</load_address>
         <run_address>0x567c</run_address>
         <size>0x160</size>
         <input_file_ref idref="fl-c3"/>
      </object_component>
      <object_component id="oc-127">
         <name>.debug_info</name>
         <load_address>0x57dc</load_address>
         <run_address>0x57dc</run_address>
         <size>0x293</size>
         <input_file_ref idref="fl-c4"/>
      </object_component>
      <object_component id="oc-16">
         <name>.debug_info</name>
         <load_address>0x5a6f</load_address>
         <run_address>0x5a6f</run_address>
         <size>0x245</size>
         <input_file_ref idref="fl-c4"/>
      </object_component>
      <object_component id="oc-3b">
         <name>.debug_info</name>
         <load_address>0x5cb4</load_address>
         <run_address>0x5cb4</run_address>
         <size>0x60</size>
         <input_file_ref idref="fl-c4"/>
      </object_component>
      <object_component id="oc-122">
         <name>.debug_info</name>
         <load_address>0x5d14</load_address>
         <run_address>0x5d14</run_address>
         <size>0x46</size>
         <input_file_ref idref="fl-c4"/>
      </object_component>
      <object_component id="oc-50">
         <name>.debug_info</name>
         <load_address>0x5d5a</load_address>
         <run_address>0x5d5a</run_address>
         <size>0x2da</size>
         <input_file_ref idref="fl-c5"/>
      </object_component>
      <object_component id="oc-1c">
         <name>.debug_info</name>
         <load_address>0x6034</load_address>
         <run_address>0x6034</run_address>
         <size>0x1df</size>
         <input_file_ref idref="fl-c5"/>
      </object_component>
      <object_component id="oc-4b">
         <name>.debug_info</name>
         <load_address>0x6213</load_address>
         <run_address>0x6213</run_address>
         <size>0x46</size>
         <input_file_ref idref="fl-c5"/>
      </object_component>
      <object_component id="oc-129">
         <name>.debug_info</name>
         <load_address>0x6259</load_address>
         <run_address>0x6259</run_address>
         <size>0x2c</size>
         <input_file_ref idref="fl-c5"/>
      </object_component>
      <object_component id="oc-5c">
         <name>.debug_info</name>
         <load_address>0x6285</load_address>
         <run_address>0x6285</run_address>
         <size>0x2c9</size>
         <input_file_ref idref="fl-c6"/>
      </object_component>
      <object_component id="oc-20">
         <name>.debug_info</name>
         <load_address>0x654e</load_address>
         <run_address>0x654e</run_address>
         <size>0x1aa</size>
         <input_file_ref idref="fl-c6"/>
      </object_component>
      <object_component id="oc-57">
         <name>.debug_info</name>
         <load_address>0x66f8</load_address>
         <run_address>0x66f8</run_address>
         <size>0x46</size>
         <input_file_ref idref="fl-c6"/>
      </object_component>
      <object_component id="oc-131">
         <name>.debug_info</name>
         <load_address>0x673e</load_address>
         <run_address>0x673e</run_address>
         <size>0x2c</size>
         <input_file_ref idref="fl-c6"/>
      </object_component>
      <object_component id="oc-157">
         <name>.debug_info</name>
         <load_address>0x676a</load_address>
         <run_address>0x676a</run_address>
         <size>0x3ce</size>
         <input_file_ref idref="fl-c7"/>
      </object_component>
      <object_component id="oc-151">
         <name>.debug_info</name>
         <load_address>0x6b38</load_address>
         <run_address>0x6b38</run_address>
         <size>0x185</size>
         <input_file_ref idref="fl-c7"/>
      </object_component>
      <object_component id="oc-76">
         <name>.debug_info</name>
         <load_address>0x6cbd</load_address>
         <run_address>0x6cbd</run_address>
         <size>0x214</size>
         <input_file_ref idref="fl-c7"/>
      </object_component>
      <object_component id="oc-46">
         <name>.debug_info</name>
         <load_address>0x6ed1</load_address>
         <run_address>0x6ed1</run_address>
         <size>0x111</size>
         <input_file_ref idref="fl-c8"/>
      </object_component>
      <object_component id="oc-54">
         <name>.debug_info</name>
         <load_address>0x6fe2</load_address>
         <run_address>0x6fe2</run_address>
         <size>0x13f</size>
         <input_file_ref idref="fl-c9"/>
      </object_component>
      <object_component id="oc-61">
         <name>.debug_info</name>
         <load_address>0x7121</load_address>
         <run_address>0x7121</run_address>
         <size>0x138</size>
         <input_file_ref idref="fl-ca"/>
      </object_component>
      <object_component id="oc-64">
         <name>.debug_info</name>
         <load_address>0x7259</load_address>
         <run_address>0x7259</run_address>
         <size>0x148</size>
         <input_file_ref idref="fl-cb"/>
      </object_component>
      <object_component id="oc-285">
         <name>.debug_info</name>
         <load_address>0x73a1</load_address>
         <run_address>0x73a1</run_address>
         <size>0x35c</size>
         <input_file_ref idref="fl-cc"/>
      </object_component>
      <object_component id="oc-1e7">
         <name>.debug_info</name>
         <load_address>0x76fd</load_address>
         <run_address>0x76fd</run_address>
         <size>0x33e</size>
         <input_file_ref idref="fl-cc"/>
      </object_component>
      <object_component id="oc-286">
         <name>.debug_info</name>
         <load_address>0x7a3b</load_address>
         <run_address>0x7a3b</run_address>
         <size>0x2c</size>
         <input_file_ref idref="fl-cc"/>
      </object_component>
      <object_component id="oc-28b">
         <name>.debug_info</name>
         <load_address>0x7a67</load_address>
         <run_address>0x7a67</run_address>
         <size>0x69</size>
         <input_file_ref idref="fl-cc"/>
      </object_component>
      <object_component id="oc-7c">
         <name>.debug_info</name>
         <load_address>0x7ad0</load_address>
         <run_address>0x7ad0</run_address>
         <size>0x109</size>
         <input_file_ref idref="fl-cd"/>
      </object_component>
      <object_component id="oc-204">
         <name>.debug_info</name>
         <load_address>0x7bd9</load_address>
         <run_address>0x7bd9</run_address>
         <size>0x2be</size>
         <input_file_ref idref="fl-ce"/>
      </object_component>
      <object_component id="oc-154">
         <name>.debug_info</name>
         <load_address>0x7e97</load_address>
         <run_address>0x7e97</run_address>
         <size>0x113</size>
         <input_file_ref idref="fl-ce"/>
      </object_component>
      <object_component id="oc-1ff">
         <name>.debug_info</name>
         <load_address>0x7faa</load_address>
         <run_address>0x7faa</run_address>
         <size>0x21f</size>
         <input_file_ref idref="fl-ce"/>
      </object_component>
      <object_component id="oc-360">
         <name>.debug_info</name>
         <load_address>0x81c9</load_address>
         <run_address>0x81c9</run_address>
         <size>0x51f</size>
         <input_file_ref idref="fl-cf"/>
      </object_component>
      <object_component id="oc-27f">
         <name>.debug_info</name>
         <load_address>0x86e8</load_address>
         <run_address>0x86e8</run_address>
         <size>0x1543</size>
         <input_file_ref idref="fl-cf"/>
      </object_component>
      <object_component id="oc-361">
         <name>.debug_info</name>
         <load_address>0x9c2b</load_address>
         <run_address>0x9c2b</run_address>
         <size>0x86</size>
         <input_file_ref idref="fl-cf"/>
      </object_component>
      <object_component id="oc-3b9">
         <name>.debug_info</name>
         <load_address>0x9cb1</load_address>
         <run_address>0x9cb1</run_address>
         <size>0x46</size>
         <input_file_ref idref="fl-cf"/>
      </object_component>
      <object_component id="oc-366">
         <name>.debug_info</name>
         <load_address>0x9cf7</load_address>
         <run_address>0x9cf7</run_address>
         <size>0x39</size>
         <input_file_ref idref="fl-cf"/>
      </object_component>
      <object_component id="oc-14f">
         <name>.debug_info</name>
         <load_address>0x9d30</load_address>
         <run_address>0x9d30</run_address>
         <size>0x300</size>
         <input_file_ref idref="fl-d0"/>
      </object_component>
      <object_component id="oc-70">
         <name>.debug_info</name>
         <load_address>0xa030</load_address>
         <run_address>0xa030</run_address>
         <size>0x167</size>
         <input_file_ref idref="fl-d0"/>
      </object_component>
      <object_component id="oc-1f5">
         <name>.debug_info</name>
         <load_address>0xa197</load_address>
         <run_address>0xa197</run_address>
         <size>0x5e</size>
         <input_file_ref idref="fl-d0"/>
      </object_component>
      <object_component id="oc-3b4">
         <name>.debug_info</name>
         <load_address>0xa1f5</load_address>
         <run_address>0xa1f5</run_address>
         <size>0x2ae</size>
         <input_file_ref idref="fl-d1"/>
      </object_component>
      <object_component id="oc-354">
         <name>.debug_info</name>
         <load_address>0xa4a3</load_address>
         <run_address>0xa4a3</run_address>
         <size>0x171</size>
         <input_file_ref idref="fl-d1"/>
      </object_component>
      <object_component id="oc-147">
         <name>.debug_info</name>
         <load_address>0xa614</load_address>
         <run_address>0xa614</run_address>
         <size>0x483</size>
         <input_file_ref idref="fl-d2"/>
      </object_component>
      <object_component id="oc-6b">
         <name>.debug_info</name>
         <load_address>0xaa97</load_address>
         <run_address>0xaa97</run_address>
         <size>0x190</size>
         <input_file_ref idref="fl-d2"/>
      </object_component>
      <object_component id="oc-19e">
         <name>.debug_info</name>
         <load_address>0xac27</load_address>
         <run_address>0xac27</run_address>
         <size>0x39</size>
         <input_file_ref idref="fl-d2"/>
      </object_component>
      <object_component id="oc-225">
         <name>.debug_info</name>
         <load_address>0xac60</load_address>
         <run_address>0xac60</run_address>
         <size>0x39</size>
         <input_file_ref idref="fl-d2"/>
      </object_component>
      <object_component id="oc-1a3">
         <name>.debug_info</name>
         <load_address>0xac99</load_address>
         <run_address>0xac99</run_address>
         <size>0xcd</size>
         <input_file_ref idref="fl-d2"/>
      </object_component>
      <object_component id="oc-19a">
         <name>.debug_info</name>
         <load_address>0xad66</load_address>
         <run_address>0xad66</run_address>
         <size>0x37a</size>
         <input_file_ref idref="fl-d3"/>
      </object_component>
      <object_component id="oc-13c">
         <name>.debug_info</name>
         <load_address>0xb0e0</load_address>
         <run_address>0xb0e0</run_address>
         <size>0x183</size>
         <input_file_ref idref="fl-d3"/>
      </object_component>
      <object_component id="oc-220">
         <name>.debug_info</name>
         <load_address>0xb263</load_address>
         <run_address>0xb263</run_address>
         <size>0x2c</size>
         <input_file_ref idref="fl-d3"/>
      </object_component>
      <object_component id="oc-3d5">
         <name>.debug_info</name>
         <load_address>0xb28f</load_address>
         <run_address>0xb28f</run_address>
         <size>0xee</size>
         <input_file_ref idref="fl-d4"/>
      </object_component>
      <object_component id="oc-3b1">
         <name>.debug_info</name>
         <load_address>0xb37d</load_address>
         <run_address>0xb37d</run_address>
         <size>0xfa</size>
         <input_file_ref idref="fl-d4"/>
      </object_component>
      <object_component id="oc-33d">
         <name>.debug_info</name>
         <load_address>0xb477</load_address>
         <run_address>0xb477</run_address>
         <size>0x144</size>
         <input_file_ref idref="fl-d5"/>
      </object_component>
      <object_component id="oc-319">
         <name>.debug_info</name>
         <load_address>0xb5bb</load_address>
         <run_address>0xb5bb</run_address>
         <size>0x120</size>
         <input_file_ref idref="fl-d6"/>
      </object_component>
      <object_component id="oc-328">
         <name>.debug_info</name>
         <load_address>0xb6db</load_address>
         <run_address>0xb6db</run_address>
         <size>0x122</size>
         <input_file_ref idref="fl-d6"/>
      </object_component>
      <object_component id="oc-324">
         <name>.debug_info</name>
         <load_address>0xb7fd</load_address>
         <run_address>0xb7fd</run_address>
         <size>0x132</size>
         <input_file_ref idref="fl-d7"/>
      </object_component>
      <object_component id="oc-320">
         <name>.debug_info</name>
         <load_address>0xb92f</load_address>
         <run_address>0xb92f</run_address>
         <size>0x132</size>
         <input_file_ref idref="fl-d8"/>
      </object_component>
      <object_component id="oc-32e">
         <name>.debug_info</name>
         <load_address>0xba61</load_address>
         <run_address>0xba61</run_address>
         <size>0x126</size>
         <input_file_ref idref="fl-d9"/>
      </object_component>
      <object_component id="oc-33a">
         <name>.debug_info</name>
         <load_address>0xbb87</load_address>
         <run_address>0xbb87</run_address>
         <size>0x124</size>
         <input_file_ref idref="fl-da"/>
      </object_component>
      <object_component id="oc-399">
         <name>.debug_info</name>
         <load_address>0xbcab</load_address>
         <run_address>0xbcab</run_address>
         <size>0x2e6</size>
         <input_file_ref idref="fl-db"/>
      </object_component>
      <object_component id="oc-333">
         <name>.debug_info</name>
         <load_address>0xbf91</load_address>
         <run_address>0xbf91</run_address>
         <size>0x1c2</size>
         <input_file_ref idref="fl-db"/>
      </object_component>
      <object_component id="oc-3b6">
         <name>.debug_info</name>
         <load_address>0xc153</load_address>
         <run_address>0xc153</run_address>
         <size>0x28b</size>
         <input_file_ref idref="fl-dc"/>
      </object_component>
      <object_component id="oc-35c">
         <name>.debug_info</name>
         <load_address>0xc3de</load_address>
         <run_address>0xc3de</run_address>
         <size>0x1ab</size>
         <input_file_ref idref="fl-dc"/>
      </object_component>
      <object_component id="oc-39d">
         <name>.debug_info</name>
         <load_address>0xc589</load_address>
         <run_address>0xc589</run_address>
         <size>0x2d9</size>
         <input_file_ref idref="fl-dd"/>
      </object_component>
      <object_component id="oc-342">
         <name>.debug_info</name>
         <load_address>0xc862</load_address>
         <run_address>0xc862</run_address>
         <size>0x18a</size>
         <input_file_ref idref="fl-dd"/>
      </object_component>
      <object_component id="oc-39e">
         <name>.debug_info</name>
         <load_address>0xc9ec</load_address>
         <run_address>0xc9ec</run_address>
         <size>0x2c</size>
         <input_file_ref idref="fl-dd"/>
      </object_component>
      <object_component id="oc-3ad">
         <name>.debug_info</name>
         <load_address>0xca18</load_address>
         <run_address>0xca18</run_address>
         <size>0x316</size>
         <input_file_ref idref="fl-de"/>
      </object_component>
      <object_component id="oc-348">
         <name>.debug_info</name>
         <load_address>0xcd2e</load_address>
         <run_address>0xcd2e</run_address>
         <size>0x1d5</size>
         <input_file_ref idref="fl-de"/>
      </object_component>
      <object_component id="oc-142">
         <name>.debug_info</name>
         <load_address>0xcf03</load_address>
         <run_address>0xcf03</run_address>
         <size>0x145</size>
         <input_file_ref idref="fl-df"/>
      </object_component>
      <object_component id="oc-3af">
         <name>.debug_info</name>
         <load_address>0xd048</load_address>
         <run_address>0xd048</run_address>
         <size>0x28f</size>
         <input_file_ref idref="fl-e0"/>
      </object_component>
      <object_component id="oc-34e">
         <name>.debug_info</name>
         <load_address>0xd2d7</load_address>
         <run_address>0xd2d7</run_address>
         <size>0x244</size>
         <input_file_ref idref="fl-e0"/>
      </object_component>
      <object_component id="oc-392">
         <name>.debug_info</name>
         <load_address>0xd51b</load_address>
         <run_address>0xd51b</run_address>
         <size>0x284</size>
         <input_file_ref idref="fl-e1"/>
      </object_component>
      <object_component id="oc-313">
         <name>.debug_info</name>
         <load_address>0xd79f</load_address>
         <run_address>0xd79f</run_address>
         <size>0x22a</size>
         <input_file_ref idref="fl-e1"/>
      </object_component>
      <object_component id="oc-310">
         <name>.debug_info</name>
         <load_address>0xd9c9</load_address>
         <run_address>0xd9c9</run_address>
         <size>0x17d</size>
         <input_file_ref idref="fl-e2"/>
      </object_component>
      <object_component id="oc-3aa">
         <name>.debug_info</name>
         <load_address>0xdb46</load_address>
         <run_address>0xdb46</run_address>
         <size>0xf3</size>
         <input_file_ref idref="fl-e3"/>
      </object_component>
      <object_component id="oc-3a5">
         <name>.debug_info</name>
         <load_address>0xdc39</load_address>
         <run_address>0xdc39</run_address>
         <size>0x156</size>
         <input_file_ref idref="fl-e4"/>
      </object_component>
      <object_component id="oc-261">
         <name>.debug_info</name>
         <load_address>0xdd8f</load_address>
         <run_address>0xdd8f</run_address>
         <size>0x464</size>
         <input_file_ref idref="fl-e5"/>
      </object_component>
      <object_component id="oc-25e">
         <name>.debug_info</name>
         <load_address>0xe1f3</load_address>
         <run_address>0xe1f3</run_address>
         <size>0x167</size>
         <input_file_ref idref="fl-e5"/>
      </object_component>
      <object_component id="oc-1ca">
         <name>.debug_info</name>
         <load_address>0xe35a</load_address>
         <run_address>0xe35a</run_address>
         <size>0x27d</size>
         <input_file_ref idref="fl-e5"/>
      </object_component>
      <object_component id="oc-27d">
         <name>.debug_info</name>
         <load_address>0xe5d7</load_address>
         <run_address>0xe5d7</run_address>
         <size>0x3d9</size>
         <input_file_ref idref="fl-e6"/>
      </object_component>
      <object_component id="oc-1e1">
         <name>.debug_info</name>
         <load_address>0xe9b0</load_address>
         <run_address>0xe9b0</run_address>
         <size>0x284</size>
         <input_file_ref idref="fl-e6"/>
      </object_component>
      <object_component id="oc-271">
         <name>.debug_info</name>
         <load_address>0xec34</load_address>
         <run_address>0xec34</run_address>
         <size>0x51c</size>
         <input_file_ref idref="fl-e7"/>
      </object_component>
      <object_component id="oc-2e2">
         <name>.debug_info</name>
         <load_address>0xf150</load_address>
         <run_address>0xf150</run_address>
         <size>0x2fe</size>
         <input_file_ref idref="fl-e7"/>
      </object_component>
      <object_component id="oc-381">
         <name>.debug_info</name>
         <load_address>0xf44e</load_address>
         <run_address>0xf44e</run_address>
         <size>0x315</size>
         <input_file_ref idref="fl-e7"/>
      </object_component>
      <object_component id="oc-387">
         <name>.debug_info</name>
         <load_address>0xf763</load_address>
         <run_address>0xf763</run_address>
         <size>0x34b</size>
         <input_file_ref idref="fl-e7"/>
      </object_component>
      <object_component id="oc-2e8">
         <name>.debug_info</name>
         <load_address>0xfaae</load_address>
         <run_address>0xfaae</run_address>
         <size>0x30a</size>
         <input_file_ref idref="fl-e7"/>
      </object_component>
      <object_component id="oc-2dc">
         <name>.debug_info</name>
         <load_address>0xfdb8</load_address>
         <run_address>0xfdb8</run_address>
         <size>0x341</size>
         <input_file_ref idref="fl-e7"/>
      </object_component>
      <object_component id="oc-1ee">
         <name>.debug_info</name>
         <load_address>0x100f9</load_address>
         <run_address>0x100f9</run_address>
         <size>0x2fc</size>
         <input_file_ref idref="fl-e7"/>
      </object_component>
      <object_component id="oc-303">
         <name>.debug_info</name>
         <load_address>0x103f5</load_address>
         <run_address>0x103f5</run_address>
         <size>0x254</size>
         <input_file_ref idref="fl-e7"/>
      </object_component>
      <object_component id="oc-26c">
         <name>.debug_info</name>
         <load_address>0x10649</load_address>
         <run_address>0x10649</run_address>
         <size>0x2b6</size>
         <input_file_ref idref="fl-e7"/>
      </object_component>
      <object_component id="oc-2ee">
         <name>.debug_info</name>
         <load_address>0x108ff</load_address>
         <run_address>0x108ff</run_address>
         <size>0x49a</size>
         <input_file_ref idref="fl-e7"/>
      </object_component>
      <object_component id="oc-259">
         <name>.debug_info</name>
         <load_address>0x10d99</load_address>
         <run_address>0x10d99</run_address>
         <size>0x4bd</size>
         <input_file_ref idref="fl-e7"/>
      </object_component>
      <object_component id="oc-1d3">
         <name>.debug_info</name>
         <load_address>0x11256</load_address>
         <run_address>0x11256</run_address>
         <size>0x28d</size>
         <input_file_ref idref="fl-e7"/>
      </object_component>
      <object_component id="oc-269">
         <name>.debug_info</name>
         <load_address>0x114e3</load_address>
         <run_address>0x114e3</run_address>
         <size>0x362</size>
         <input_file_ref idref="fl-e8"/>
      </object_component>
      <object_component id="oc-265">
         <name>.debug_info</name>
         <load_address>0x11845</load_address>
         <run_address>0x11845</run_address>
         <size>0x165</size>
         <input_file_ref idref="fl-e8"/>
      </object_component>
      <object_component id="oc-1cf">
         <name>.debug_info</name>
         <load_address>0x119aa</load_address>
         <run_address>0x119aa</run_address>
         <size>0x158</size>
         <input_file_ref idref="fl-e8"/>
      </object_component>
      <object_component id="oc-38e">
         <name>.debug_info</name>
         <load_address>0x11b02</load_address>
         <run_address>0x11b02</run_address>
         <size>0x3cd</size>
         <input_file_ref idref="fl-e9"/>
      </object_component>
      <object_component id="oc-2f4">
         <name>.debug_info</name>
         <load_address>0x11ecf</load_address>
         <run_address>0x11ecf</run_address>
         <size>0x2b1</size>
         <input_file_ref idref="fl-e9"/>
      </object_component>
      <object_component id="oc-185">
         <name>.debug_info</name>
         <load_address>0x12180</load_address>
         <run_address>0x12180</run_address>
         <size>0x23d</size>
         <input_file_ref idref="fl-eb"/>
      </object_component>
      <object_component id="oc-dd">
         <name>.debug_info</name>
         <load_address>0x123bd</load_address>
         <run_address>0x123bd</run_address>
         <size>0x333</size>
         <input_file_ref idref="fl-eb"/>
      </object_component>
      <object_component id="oc-e3">
         <name>.debug_info</name>
         <load_address>0x126f0</load_address>
         <run_address>0x126f0</run_address>
         <size>0x2a0</size>
         <input_file_ref idref="fl-eb"/>
      </object_component>
      <object_component id="oc-d1">
         <name>.debug_info</name>
         <load_address>0x12990</load_address>
         <run_address>0x12990</run_address>
         <size>0x2a2</size>
         <input_file_ref idref="fl-eb"/>
      </object_component>
      <object_component id="oc-fc">
         <name>.debug_info</name>
         <load_address>0x12c32</load_address>
[...]
         <value>0x20008040</value>
         <object_component_ref idref="oc-e7"/>
      </symbol>
      <symbol id="sm-db">
         <name>ButtonISR</name>
         <value>0x1699</value>
         <object_component_ref idref="oc-31"/>
      </symbol>
      <symbol id="sm-dc">
         <name>ButtonInit</name>
         <value>0x1349</value>
         <object_component_ref idref="oc-31"/>
      </symbol>
      <symbol id="sm-dd">
         <name>gJoystick</name>
         <value>0x20008038</value>
         <object_component_ref idref="oc-f6"/>
      </symbol>
      <symbol id="sm-eb">
         <name>fill_stack</name>
         <value>0x3765</value>
         <object_component_ref idref="oc-1a8"/>
      </symbol>
      <symbol id="sm-116">
         <name>gSystemClock</name>
         <value>0x2000886c</value>
      </symbol>
      <symbol id="sm-117">
         <name>gTime</name>
         <value>0x20008048</value>
         <object_component_ref idref="oc-112"/>
      </symbol>
      <symbol id="sm-118">
         <name>main</name>
         <value>0x2391</value>
         <object_component_ref idref="oc-148"/>
      </symbol>
      <symbol id="sm-139">
         <name>ResetISR</name>
         <value>0x37a1</value>
         <object_component_ref idref="oc-2b"/>
      </symbol>
      <symbol id="sm-13a">
         <name>g_pfnVectors</name>
         <value>0x0</value>
         <object_component_ref idref="oc-f"/>
      </symbol>
      <symbol id="sm-14b">
         <name>_c_int00</name>
         <value>0x3249</value>
         <object_component_ref idref="oc-24"/>
      </symbol>
      <symbol id="sm-14c">
         <name>__stack</name>
         <value>0x20008054</value>
         <object_component_ref idref="oc-2a"/>
      </symbol>
      <symbol id="sm-16a">
         <name>__TI_decompress_lzss</name>
         <value>0x30c1</value>
         <object_component_ref idref="oc-12"/>
      </symbol>
      <symbol id="sm-181">
         <name>__TI_decompress_none</name>
         <value>0x393b</value>
         <object_component_ref idref="oc-18"/>
      </symbol>
      <symbol id="sm-198">
         <name>__TI_zero_init</name>
         <value>0x3955</value>
         <object_component_ref idref="oc-1e"/>
      </symbol>
      <symbol id="sm-1b9">
         <name>C$$EXIT</name>
         <value>0x329d</value>
         <object_component_ref idref="oc-75"/>
      </symbol>
      <symbol id="sm-1ba">
         <name>abort</name>
         <value>0x32a1</value>
         <object_component_ref idref="oc-75"/>
      </symbol>
      <symbol id="sm-1bb">
         <name>exit</name>
         <value>0x32a9</value>
         <object_component_ref idref="oc-75"/>
      </symbol>
      <symbol id="sm-1bc">
         <name>__TI_dtors_ptr</name>
         <value>0x20008028</value>
         <object_component_ref idref="oc-150"/>
      </symbol>
      <symbol id="sm-1bd">
         <name>__TI_cleanup_ptr</name>
         <value>0x20008024</value>
         <object_component_ref idref="oc-150"/>
      </symbol>
      <symbol id="sm-1be">
         <name>__TI_enable_exit_profile_output</name>
         <value>0x2000802c</value>
         <object_component_ref idref="oc-150"/>
      </symbol>
      <symbol id="sm-1d9">
         <name>memcpy</name>
         <value>0x2bc9</value>
         <object_component_ref idref="oc-45"/>
      </symbol>
      <symbol id="sm-1da">
         <name>__aeabi_memcpy</name>
         <value>0x2bc9</value>
         <object_component_ref idref="oc-45"/>
      </symbol>
      <symbol id="sm-1db">
         <name>__aeabi_memcpy8</name>
         <value>0x2bc9</value>
         <object_component_ref idref="oc-45"/>
      </symbol>
      <symbol id="sm-1dc">
         <name>__aeabi_memcpy4</name>
         <value>0x2bc9</value>
         <object_component_ref idref="oc-45"/>
      </symbol>
      <symbol id="sm-1eb">
         <name>__aeabi_memset</name>
         <value>0x2f07</value>
         <object_component_ref idref="oc-51"/>
      </symbol>
      <symbol id="sm-1ec">
         <name>memset</name>
         <value>0x2f0d</value>
         <object_component_ref idref="oc-51"/>
      </symbol>
      <symbol id="sm-1ed">
         <name>__aeabi_memset8</name>
         <value>0x2f07</value>
         <object_component_ref idref="oc-51"/>
      </symbol>
      <symbol id="sm-1ee">
         <name>__aeabi_memset4</name>
         <value>0x2f07</value>
         <object_component_ref idref="oc-51"/>
      </symbol>
      <symbol id="sm-1ef">
         <name>__aeabi_memclr8</name>
         <value>0x2f05</value>
         <object_component_ref idref="oc-51"/>
      </symbol>
      <symbol id="sm-1f0">
         <name>__aeabi_memclr4</name>
         <value>0x2f05</value>
         <object_component_ref idref="oc-51"/>
      </symbol>
      <symbol id="sm-1f1">
         <name>__aeabi_memclr</name>
         <value>0x2f05</value>
         <object_component_ref idref="oc-51"/>
      </symbol>
      <symbol id="sm-1fb">
         <name>__mpu_init</name>
         <value>0x1347</value>
         <object_component_ref idref="oc-5d"/>
      </symbol>
      <symbol id="sm-205">
         <name>_system_pre_init</name>
         <value>0x399d</value>
         <object_component_ref idref="oc-63"/>
      </symbol>
      <symbol id="sm-226">
         <name>snprintf</name>
         <value>0x2c65</value>
         <object_component_ref idref="oc-1e6"/>
      </symbol>
      <symbol id="sm-22e">
         <name>main_func_sp</name>
         <value>0x20008050</value>
         <object_component_ref idref="oc-7b"/>
      </symbol>
      <symbol id="sm-247">
         <name>_nop</name>
         <value>0x386b</value>
         <object_component_ref idref="oc-1fc"/>
      </symbol>
      <symbol id="sm-248">
         <name>_lock</name>
         <value>0x20008030</value>
         <object_component_ref idref="oc-153"/>
      </symbol>
      <symbol id="sm-249">
         <name>_unlock</name>
         <value>0x20008034</value>
         <object_component_ref idref="oc-153"/>
      </symbol>
      <symbol id="sm-24a">
         <name>_register_lock</name>
         <value>0x3863</value>
         <object_component_ref idref="oc-1fc"/>
      </symbol>
      <symbol id="sm-24b">
         <name>_register_unlock</name>
         <value>0x385d</value>
         <object_component_ref idref="oc-1fc"/>
      </symbol>
      <symbol id="sm-34c">
         <name>__TI_printfi</name>
         <value>0xa4d</value>
         <object_component_ref idref="oc-27e"/>
      </symbol>
      <symbol id="sm-360">
         <name>_args_main</name>
         <value>0x3805</value>
         <object_component_ref idref="oc-6f"/>
      </symbol>
      <symbol id="sm-376">
         <name>atoi</name>
         <value>0x3345</value>
         <object_component_ref idref="oc-353"/>
      </symbol>
      <symbol id="sm-3a0">
         <name>__TI_auto_init</name>
         <value>0x2f81</value>
         <object_component_ref idref="oc-69"/>
      </symbol>
      <symbol id="sm-3ba">
         <name>copy_in</name>
         <value>0x3391</value>
         <object_component_ref idref="oc-13a"/>
      </symbol>
      <symbol id="sm-3c5">
         <name>_ctypes_</name>
         <value>0x3db8</value>
         <object_component_ref idref="oc-3b0"/>
      </symbol>
      <symbol id="sm-3dc">
         <name>__aeabi_dsub</name>
         <value>0x21d5</value>
         <object_component_ref idref="oc-33c"/>
      </symbol>
      <symbol id="sm-3dd">
         <name>__aeabi_dadd</name>
         <value>0x21df</value>
         <object_component_ref idref="oc-33c"/>
      </symbol>
      <symbol id="sm-3ff">
         <name>__aeabi_cdcmpeq</name>
         <value>0x2d7f</value>
         <object_component_ref idref="oc-318"/>
      </symbol>
      <symbol id="sm-400">
         <name>__aeabi_cdcmple</name>
         <value>0x2d7f</value>
         <object_component_ref idref="oc-318"/>
      </symbol>
      <symbol id="sm-401">
         <name>__aeabi_cdrcmple</name>
         <value>0x2e05</value>
         <object_component_ref idref="oc-327"/>
      </symbol>
      <symbol id="sm-415">
         <name>__aeabi_ddiv</name>
         <value>0x26a7</value>
         <object_component_ref idref="oc-322"/>
      </symbol>
      <symbol id="sm-420">
         <name>__aeabi_dmul</name>
         <value>0x290d</value>
         <object_component_ref idref="oc-31d"/>
      </symbol>
      <symbol id="sm-42a">
         <name>__aeabi_d2iz</name>
         <value>0x34b9</value>
         <object_component_ref idref="oc-32c"/>
      </symbol>
      <symbol id="sm-434">
         <name>__aeabi_i2d</name>
         <value>0x3645</value>
         <object_component_ref idref="oc-337"/>
      </symbol>
      <symbol id="sm-443">
         <name>ltoa</name>
         <value>0x32f1</value>
         <object_component_ref idref="oc-331"/>
      </symbol>
      <symbol id="sm-453">
         <name>memccpy</name>
         <value>0x3781</value>
         <object_component_ref idref="oc-359"/>
      </symbol>
      <symbol id="sm-46e">
         <name>frexpl</name>
         <value>0x3129</value>
         <object_component_ref idref="oc-341"/>
      </symbol>
      <symbol id="sm-46f">
         <name>frexp</name>
         <value>0x3129</value>
         <object_component_ref idref="oc-341"/>
      </symbol>
      <symbol id="sm-48c">
         <name>scalbn</name>
         <value>0x2a09</value>
         <object_component_ref idref="oc-347"/>
      </symbol>
      <symbol id="sm-48d">
         <name>scalbnl</name>
         <value>0x2a09</value>
         <object_component_ref idref="oc-347"/>
      </symbol>
      <symbol id="sm-48e">
         <name>ldexpl</name>
         <value>0x2a09</value>
         <object_component_ref idref="oc-347"/>
      </symbol>
      <symbol id="sm-48f">
         <name>ldexp</name>
         <value>0x2a09</value>
         <object_component_ref idref="oc-347"/>
      </symbol>
      <symbol id="sm-499">
         <name>_system_post_cinit</name>
         <value>0x1ddb</value>
         <object_component_ref idref="oc-140"/>
      </symbol>
      <symbol id="sm-4a9">
         <name>strchr</name>
         <value>0x3833</value>
         <object_component_ref idref="oc-34d"/>
      </symbol>
      <symbol id="sm-4b7">
         <name>strlen</name>
         <value>0x3885</value>
         <object_component_ref idref="oc-312"/>
      </symbol>
      <symbol id="sm-4d3">
         <name>__aeabi_uldivmod</name>
         <value>0x1fe1</value>
         <object_component_ref idref="oc-30d"/>
      </symbol>
      <symbol id="sm-4db">
         <name>errno</name>
         <value>0x2000804c</value>
         <object_component_ref idref="oc-3a9"/>
      </symbol>
      <symbol id="sm-4e5">
         <name>copysign</name>
         <value>0x3871</value>
         <object_component_ref idref="oc-3a3"/>
      </symbol>
      <symbol id="sm-4e6">
         <name>copysignl</name>
         <value>0x3871</value>
         <object_component_ref idref="oc-3a3"/>
      </symbol>
      <symbol id="sm-501">
         <name>GrContextInit</name>
         <value>0x2ff1</value>
         <object_component_ref idref="oc-1c8"/>
      </symbol>
      <symbol id="sm-502">
         <name>g_psDefaultCodePointMapTable</name>
         <value>0x41e4</value>
         <object_component_ref idref="oc-25d"/>
      </symbol>
      <symbol id="sm-510">
         <name>GrRectFill</name>
         <value>0x2cf9</value>
         <object_component_ref idref="oc-1e0"/>
      </symbol>
      <symbol id="sm-59f">
         <name>GrFontInfoGet</name>
         <value>0x369d</value>
         <object_component_ref idref="oc-2da"/>
      </symbol>
      <symbol id="sm-5a0">
         <name>GrDefaultStringRenderer</name>
         <value>0x2b05</value>
         <object_component_ref idref="oc-257"/>
      </symbol>
      <symbol id="sm-5a1">
         <name>GrFontGlyphRender</name>
         <value>0x1b85</value>
         <object_component_ref idref="oc-2ec"/>
      </symbol>
      <symbol id="sm-5a2">
         <name>GrContextFontSet</name>
         <value>0x2523</value>
         <object_component_ref idref="oc-1d1"/>
      </symbol>
      <symbol id="sm-5a3">
         <name>GrFontGlyphDataGet</name>
         <value>0x36e9</value>
         <object_component_ref idref="oc-2e6"/>
      </symbol>
      <symbol id="sm-5a4">
         <name>GrStringDraw</name>
         <value>0x381d</value>
         <object_component_ref idref="oc-1ec"/>
      </symbol>
      <symbol id="sm-5a5">
         <name>GrFontCodepageGet</name>
         <value>0x3729</value>
         <object_component_ref idref="oc-301"/>
      </symbol>
      <symbol id="sm-5a6">
         <name>GrStringNextCharGet</name>
         <value>0x3617</value>
         <object_component_ref idref="oc-2e0"/>
      </symbol>
      <symbol id="sm-5b8">
         <name>g_sFontFixed6x8</name>
         <value>0x3ebc</value>
         <object_component_ref idref="oc-1ce"/>
      </symbol>
      <symbol id="sm-5c5">
         <name>GrMapISO8859_1_Unicode</name>
         <value>0x397f</value>
         <object_component_ref idref="oc-2f3"/>
      </symbol>
      <symbol id="sm-61b">
         <name>ADCProcessorTrigger</name>
         <value>0x37d3</value>
         <object_component_ref idref="oc-ea"/>
      </symbol>
      <symbol id="sm-61c">
         <name>ADCSequenceEnable</name>
         <value>0x391f</value>
         <object_component_ref idref="oc-e0"/>
      </symbol>
      <symbol id="sm-61d">
         <name>ADCSequenceConfigure</name>
         <value>0x3501</value>
         <object_component_ref idref="oc-d4"/>
      </symbol>
      <symbol id="sm-61e">
         <name>ADCSequenceStepConfigure</name>
         <value>0x2e8b</value>
         <object_component_ref idref="oc-da"/>
      </symbol>
      <symbol id="sm-61f">
         <name>ADCIntClear</name>
         <value>0x3961</value>
         <object_component_ref idref="oc-ff"/>
      </symbol>
      <symbol id="sm-620">
         <name>ADCIntStatus</name>
         <value>0x35e9</value>
         <object_component_ref idref="oc-f0"/>
      </symbol>
      <symbol id="sm-621">
         <name>ADCSequenceDisable</name>
         <value>0x3911</value>
         <object_component_ref idref="oc-ce"/>
      </symbol>
      <symbol id="sm-622">
         <name>ADCClockConfigSet</name>
         <value>0x37bb</value>
         <object_component_ref idref="oc-c8"/>
      </symbol>
      <symbol id="sm-623">
         <name>ADCSequenceDataGet</name>
         <value>0x370b</value>
         <object_component_ref idref="oc-f9"/>
      </symbol>
      <symbol id="sm-639">
         <name>FPULazyStackingEnable</name>
         <value>0x38f1</value>
         <object_component_ref idref="oc-1b3"/>
      </symbol>
      <symbol id="sm-63a">
         <name>FPUEnable</name>
         <value>0x38e1</value>
         <object_component_ref idref="oc-1ad"/>
      </symbol>
      <symbol id="sm-694">
         <name>GPIOPinConfigure</name>
         <value>0x3429</value>
         <object_component_ref idref="oc-2ac"/>
      </symbol>
      <symbol id="sm-695">
         <name>GPIOPinTypeADC</name>
         <value>0x3899</value>
         <object_component_ref idref="oc-bf"/>
      </symbol>
      <symbol id="sm-696">
         <name>GPIOPinTypeGPIOInput</name>
         <value>0x38ab</value>
         <object_component_ref idref="oc-b3"/>
      </symbol>
      <symbol id="sm-697">
         <name>GPIOPinTypeGPIOOutput</name>
         <value>0x37eb</value>
         <object_component_ref idref="oc-2b2"/>
      </symbol>
      <symbol id="sm-698">
         <name>GPIOPinRead</name>
         <value>0x1773</value>
         <object_component_ref idref="oc-10c"/>
      </symbol>
      <symbol id="sm-699">
         <name>GPIODirModeSet</name>
         <value>0x3673</value>
         <object_component_ref idref="oc-178"/>
      </symbol>
      <symbol id="sm-69a">
         <name>GPIOPinWrite</name>
         <value>0x238b</value>
         <object_component_ref idref="oc-2c4"/>
      </symbol>
      <symbol id="sm-69b">
         <name>GPIOPadConfigSet</name>
         <value>0x27dd</value>
         <object_component_ref idref="oc-b9"/>
      </symbol>
      <symbol id="sm-69c">
         <name>GPIOPinTypeSSI</name>
         <value>0x38bd</value>
         <object_component_ref idref="oc-2a6"/>
      </symbol>
      <symbol id="sm-6dd">
         <name>IntPrioritySet</name>
         <value>0x36c5</value>
         <object_component_ref idref="oc-a7"/>
      </symbol>
      <symbol id="sm-6de">
         <name>IntEnable</name>
         <value>0x3059</value>
         <object_component_ref idref="oc-ad"/>
      </symbol>
      <symbol id="sm-6df">
         <name>IntMasterEnable</name>
         <value>0x3901</value>
         <object_component_ref idref="oc-1d7"/>
      </symbol>
      <symbol id="sm-706">
         <name>SSIDataPut</name>
         <value>0x396b</value>
         <object_component_ref idref="oc-2d0"/>
      </symbol>
      <symbol id="sm-707">
         <name>SSIConfigSetExpClk</name>
         <value>0x353f</value>
         <object_component_ref idref="oc-2b8"/>
      </symbol>
      <symbol id="sm-708">
         <name>SSIEnable</name>
         <value>0x3975</value>
         <object_component_ref idref="oc-2be"/>
      </symbol>
      <symbol id="sm-709">
         <name>SSIBusy</name>
         <value>0x3987</value>
         <object_component_ref idref="oc-2ca"/>
      </symbol>
      <symbol id="sm-779">
         <name>SysCtlDelay</name>
         <value>0x3997</value>
         <object_component_ref idref="oc-249"/>
      </symbol>
      <symbol id="sm-77a">
         <name>SysCtlPeripheralEnable</name>
         <value>0x35b5</value>
         <object_component_ref idref="oc-80"/>
      </symbol>
      <symbol id="sm-77b">
         <name>SysCtlClockFreqSet</name>
         <value>0x1ddd</value>
         <object_component_ref idref="oc-1b9"/>
      </symbol>
      <symbol id="sm-7b9">
         <name>TimerLoadSet</name>
         <value>0x38cf</value>
         <object_component_ref idref="oc-95"/>
      </symbol>
      <symbol id="sm-7ba">
         <name>TimerDisable</name>
         <value>0x3849</value>
         <object_component_ref idref="oc-86"/>
      </symbol>
      <symbol id="sm-7bb">
         <name>TimerEnable</name>
         <value>0x392d</value>
         <object_component_ref idref="oc-a1"/>
      </symbol>
      <symbol id="sm-7bc">
         <name>TimerIntEnable</name>
         <value>0x398f</value>
         <object_component_ref idref="oc-9b"/>
      </symbol>
      <symbol id="sm-7bd">
         <name>TimerConfigure</name>
         <value>0x318d</value>
         <object_component_ref idref="oc-8c"/>
      </symbol>
      <symbol id="sm-7be">
         <name>TimerIntClear</name>
         <value>0x379d</value>
         <object_component_ref idref="oc-106"/>
      </symbol>
      <symbol id="sm-7c8">
         <name>CPUcpsie</name>
         <value>0x3949</value>
         <object_component_ref idref="oc-273"/>
      </symbol>
      <symbol id="sm-7c9">
         <name>__TI_static_base__</name>
         <value>0x0</value>
      </symbol>
      <symbol id="sm-7cc">
         <name>SHT$$INIT_ARRAY$$Limit</name>
         <value>0x0</value>
      </symbol>
      <symbol id="sm-7cd">
         <name>SHT$$INIT_ARRAY$$Base</name>
         <value>0x0</value>
      </symbol>
   </symbol_table>
   <title>Link successful</title>
</link_info>
