******************************************************************************
                  TI ARM Linker PC v18.12.4                    
******************************************************************************
>> Linked Thu Apr  8 15:50:20 2021

OUTPUT FILE NAME:   <Lab 1 Digital Oscilloscope.out>
ENTRY POINT SYMBOL: "_c_int00_noargs"  address: 00003779


MEMORY CONFIGURATION

         name            origin    length      used     unused   attr    fill
----------------------  --------  ---------  --------  --------  ----  --------
  FLASH                 00000000   00100000  000044e6  000fbb1a  R  X
  SRAM                  20000000   00040000  00008866  0003779a  RW X


SEGMENT ALLOCATION MAP

run origin  load origin   length   init length attrs members
----------  ----------- ---------- ----------- ----- -------
00000000    00000000    000044e8   000044e8    r-x
  00000000    00000000    00000208   00000208    r-- .intvecs
  00000208    00000208    00003a4a   00003a4a    r-x .text
  00003c54    00003c54    0000085c   0000085c    r-- .const
  000044b0    000044b0    00000038   00000038    r-- .cinit
20000000    20000000    0000886a   00000000    rw-
  20000000    20000000    0000803c   00000000    rw- .data
  20008040    20008040    00000800   00000000    rw- .stack
  20008840    20008840    0000002a   00000000    rw- .bss


SECTION ALLOCATION MAP

 output                                  attributes/
section   page    origin      length       input sections
--------  ----  ----------  ----------   ----------------
.intvecs   0    00000000    00000208     
                  00000000    00000208     tm4c1294ncpdt_startup_ccs.obj (.intvecs)

.text      0    00000208    00003a4a     
                  00000208    00000a4e     rtsv7M4_T_le_v4SPD16_eabi.lib : _printfi.c.obj (.text:__TI_printfi)
                  00000c56    00000002                                   : div0.asm.obj (.text)
                  00000c58    0000048a     buttons.obj (.text)
                  000010e2    00000006     driverlib.lib : gpio.obj (.text:GPIOPinRead)
                  000010e8    000003f0     Crystalfontz128x128_ST7735.obj (.text)
                  000014d8    000002a0     main.obj (.text)
                  00001778    00000270     rtsv7M4_T_le_v4SPD16_eabi.lib : _printfi.c.obj (.text:_pconv_a)
                  000019e8    00000256     grlib.lib : string.obj (.text:GrFontGlyphRender)
                  00001c3e    00000002     --HOLE-- [fill = 0]
                  00001c40    00000204     driverlib.lib : sysctl.obj (.text:SysCtlClockFreqSet)
                  00001e44    000001d0     rtsv7M4_T_le_v4SPD16_eabi.lib : _printfi.c.obj (.text:_pconv_g)
                  00002014    000001b6                                   : fd_add_t2.asm.obj (.text)
                  000021ca    00000006     driverlib.lib : gpio.obj (.text:GPIOPinWrite)
                  000021d0    0000017e     HAL_EK_TM4C1294XL_Crystalfontz128x128_ST7735.obj (.text)
                  0000234e    00000002     --HOLE-- [fill = 0]
                  00002350    0000013c     rtsv7M4_T_le_v4SPD16_eabi.lib : _printfi.c.obj (.text:_pconv_e)
                  0000248c    00000136                                   : fd_div_t2.asm.obj (.text)
                  000025c2    00000130     driverlib.lib : gpio.obj (.text:GPIOPadConfigSet)
                  000026f2    00000002     --HOLE-- [fill = 0]
                  000026f4    00000124     rtsv7M4_T_le_v4SPD16_eabi.lib : _printfi.c.obj (.text:fcvt)
                  00002818    00000110                                   : s_scalbn.c.obj (.text:scalbn)
                  00002928    000000fc                                   : fd_mul_t2.asm.obj (.text)
                  00002a24    000000c4     grlib.lib : string.obj (.text:GrDefaultStringRenderer)
                  00002ae8    000000b1     rtsv7M4_T_le_v4SPD16_eabi.lib : _printfi.c.obj (.text:_ltostr)
                  00002b99    00000001     --HOLE-- [fill = 0]
                  00002b9a    0000009c                                   : memcpy_t2.asm.obj (.text)
                  00002c36    00000096                                   : ull_div_t2.asm.obj (.text)
                  00002ccc    00000086     grlib.lib : rectangle.obj (.text:GrRectFill)
                  00002d52    00000086     rtsv7M4_T_le_v4SPD16_eabi.lib : fd_cmp_t2.asm.obj (.text:__aeabi_cdcmple)
                  00002dd8    00000086                                   : fd_cmp_t2.asm.obj (.text:__aeabi_cdrcmple)
                  00002e5e    00000002     --HOLE-- [fill = 0]
                  00002e60    00000080                                   : s_floorf.c.obj (.text:floorf)
                  00002ee0    0000007a     driverlib.lib : adc.obj (.text:ADCSequenceStepConfigure)
                  00002f5a    0000007a     rtsv7M4_T_le_v4SPD16_eabi.lib : memset_t2.asm.obj (.text)
                  00002fd4    0000006e                                   : _printfi.c.obj (.text:_mcpy)
                  00003042    0000006e                                   : s_roundf.c.obj (.text:roundf)
                  000030b0    00000068     grlib.lib : context.obj (.text:GrContextInit)
                  00003118    00000068     driverlib.lib : interrupt.obj (.text:IntEnable)
                  00003180    00000068     rtsv7M4_T_le_v4SPD16_eabi.lib : copy_decompress_lzss.c.obj (.text:decompress:lzss:__TI_decompress_lzss)
                  000031e8    00000064                                   : s_frexp.c.obj (.text:frexp)
                  0000324c    00000060     driverlib.lib : timer.obj (.text:TimerConfigure)
                  000032ac    0000005a     grlib.lib : string.obj (.text:FontWideGlyphDataGet)
                  00003306    00000056     rtsv7M4_T_le_v4SPD16_eabi.lib : _printfi.c.obj (.text:_pconv_f)
                  0000335c    00000054                                   : ltoa.c.obj (.text:ltoa)
                  000033b0    00000052                                   : _printfi.c.obj (.text:_ecpy)
                  00003402    00000002     --HOLE-- [fill = 0]
                  00003404    0000004c                                   : atoi.c.obj (.text:atoi)
                  00003450    0000004c                                   : snprintf.c.obj (.text:snprintf)
                  0000349c    0000004a     grlib.lib : string.obj (.text:UpdateContextCharMapping)
                  000034e6    00000002     --HOLE-- [fill = 0]
                  000034e8    0000004a     sysctl_pll.obj (.text)
                  00003532    00000002     --HOLE-- [fill = 0]
                  00003534    00000048     driverlib.lib : gpio.obj (.text:GPIOPinConfigure)
                  0000357c    00000048                   : sysctl.obj (.text:_SysCtlFrequencyGet)
                  000035c4    00000048     rtsv7M4_T_le_v4SPD16_eabi.lib : fd_toi_t2.asm.obj (.text)
                  0000360c    00000044                                   : autoinit.c.obj (.text:__TI_auto_init_nobinit_nopinit:__TI_auto_init_nobinit_nopinit)
                  00003650    0000003e     driverlib.lib : adc.obj (.text:ADCSequenceConfigure)
                  0000368e    0000003e     rtsv7M4_T_le_v4SPD16_eabi.lib : _printfi.c.obj (.text:_fcpy)
                  000036cc    0000003c     driverlib.lib : ssi.obj (.text:SSIConfigSetExpClk)
                  00003708    0000003a     grlib.lib : string.obj (.text:FontGlyphDataGet)
                  00003742    00000002     --HOLE-- [fill = 0]
                  00003744    00000034     driverlib.lib : sysctl.obj (.text:SysCtlPeripheralEnable)
                  00003778    00000034     rtsv7M4_T_le_v4SPD16_eabi.lib : boot_cortex_m.c.obj (.text:_c_int00_noargs:_c_int00_noargs)
                  000037ac    00000030                                   : snprintf.c.obj (.text:_outs)
                  000037dc    0000002e     driverlib.lib : adc.obj (.text:ADCIntStatus)
                  0000380a    0000002e     grlib.lib : string.obj (.text:GrStringNextCharGet)
                  00003838    0000002e     rtsv7M4_T_le_v4SPD16_eabi.lib : i_tofd_t2.asm.obj (.text)
                  00003866    0000002a     driverlib.lib : gpio.obj (.text:GPIODirModeSet)
                  00003890    00000026     grlib.lib : string.obj (.text:GrFontInfoGet)
                  000038b6    00000002     --HOLE-- [fill = 0]
                  000038b8    00000024     driverlib.lib : interrupt.obj (.text:IntPrioritySet)
                  000038dc    00000022     grlib.lib : string.obj (.text:GrFontGlyphDataGet)
                  000038fe    00000022     driverlib.lib : pwm.obj (.text:PWMGenConfigure)
                  00003920    0000001e                   : adc.obj (.text:ADCSequenceDataGet)
                  0000393e    0000001e     grlib.lib : string.obj (.text:GrFontCodepageGet)
                  0000395c    0000001e     driverlib.lib : pwm.obj (.text:PWMPulseWidthSet)
                  0000397a    00000002     --HOLE-- [fill = 0]
                  0000397c    0000001c                   : sysctl.obj (.text:_SysCtlMemTimingGet)
                  00003998    0000001c     rtsv7M4_T_le_v4SPD16_eabi.lib : copy_zero_init.c.obj (.text:decompress:ZI:__TI_zero_init_nomemset:__TI_zero_init_nomemset)
                  000039b4    0000001c                                   : memccpy.c.obj (.text:memccpy)
                  000039d0    0000001a                                   : s_copysign.c.obj (.text:copysign)
                  000039ea    00000006     grlib.lib : string.obj (.text:GrContextFontSet)
                  000039f0    0000001a     tm4c1294ncpdt_startup_ccs.obj (.text)
                  00003a0a    00000018     driverlib.lib : adc.obj (.text:ADCClockConfigSet)
                  00003a22    00000018                   : adc.obj (.text:ADCProcessorTrigger)
                  00003a3a    00000018                   : gpio.obj (.text:GPIOPinTypeGPIOOutput)
                  00003a52    00000018     rtsv7M4_T_le_v4SPD16_eabi.lib : snprintf.c.obj (.text:_outc)
                  00003a6a    00000016     grlib.lib : string.obj (.text:GrStringDraw)
                  00003a80    00000016     rtsv7M4_T_le_v4SPD16_eabi.lib : strchr.c.obj (.text:strchr)
                  00003a96    00000002     --HOLE-- [fill = 0]
                  00003a98    00000014     driverlib.lib : pwm.obj (.text:PWMClockSet)
                  00003aac    00000014                   : timer.obj (.text:TimerDisable)
                  00003ac0    00000014     rtsv7M4_T_le_v4SPD16_eabi.lib : strlen.c.obj (.text:strlen)
                  00003ad4    00000012     driverlib.lib : gpio.obj (.text:GPIOPinTypeADC)
                  00003ae6    00000012                   : gpio.obj (.text:GPIOPinTypeGPIOInput)
                  00003af8    00000012                   : gpio.obj (.text:GPIOPinTypePWM)
                  00003b0a    00000012                   : gpio.obj (.text:GPIOPinTypeSSI)
                  00003b1c    00000012                   : pwm.obj (.text:PWMOutputState)
                  00003b2e    00000012                   : timer.obj (.text:TimerLoadSet)
                  00003b40    00000012     rtsv7M4_T_le_v4SPD16_eabi.lib : wcslen.c.obj (.text:wcslen)
                  00003b52    00000002     --HOLE-- [fill = 0]
                  00003b54    00000010     driverlib.lib : fpu.obj (.text:FPUEnable)
                  00003b64    00000010                   : fpu.obj (.text:FPULazyStackingEnable)
                  00003b74    00000010                   : interrupt.obj (.text:IntMasterDisable)
                  00003b84    00000010                   : interrupt.obj (.text:IntMasterEnable)
                  00003b94    00000010                   : pwm.obj (.text:PWMGenPeriodSet)
                  00003ba4    0000000e                   : adc.obj (.text:ADCSequenceDisable)
                  00003bb2    0000000e                   : adc.obj (.text:ADCSequenceEnable)
                  00003bc0    0000000e                   : timer.obj (.text:TimerEnable)
                  00003bce    0000000e     rtsv7M4_T_le_v4SPD16_eabi.lib : copy_decompress_none.c.obj (.text:decompress:none:__TI_decompress_none)
                  00003bdc    0000000c     driverlib.lib : cpu.obj (.text:CPUcpsid)
                  00003be8    0000000c                   : cpu.obj (.text:CPUcpsie)
                  00003bf4    0000000c                   : pwm.obj (.text:PWMGenEnable)
                  00003c00    0000000a                   : adc.obj (.text:ADCIntClear)
                  00003c0a    0000000a                   : ssi.obj (.text:SSIDataPut)
                  00003c14    0000000a                   : ssi.obj (.text:SSIEnable)
                  00003c1e    00000008     grlib.lib : charmap.obj (.text:GrMapISO8859_1_Unicode)
                  00003c26    00000008     driverlib.lib : ssi.obj (.text:SSIBusy)
                  00003c2e    00000008                   : timer.obj (.text:TimerIntEnable)
                  00003c36    00000002     --HOLE-- [fill = 0]
                  00003c38    00000008     rtsv7M4_T_le_v4SPD16_eabi.lib : errno.c.obj (.text:__aeabi_errno_addr)
                  00003c40    00000006     driverlib.lib : sysctl.obj (.text:SysCtlDelay)
                  00003c46    00000004                   : timer.obj (.text:TimerIntClear)
                  00003c4a    00000004     rtsv7M4_T_le_v4SPD16_eabi.lib : pre_init.c.obj (.text:_system_pre_init)
                  00003c4e    00000004                                   : exit.c.obj (.text:abort:abort)

.const     0    00003c54    0000085c     
                  00003c54    000002f8     grlib.lib : fontfixed6x8.obj (.const:.string:g_pui8FontFixed6x8Data)
                  00003f4c    00000120     driverlib.lib : sysctl.obj (.const:g_pppui32XTALtoVCO)
                  0000406c    00000101     rtsv7M4_T_le_v4SPD16_eabi.lib : ctype.c.obj (.const:.string:_ctypes_)
                  0000416d    00000003     --HOLE-- [fill = 0]
                  00004170    000000c8     grlib.lib : fontfixed6x8.obj (.const:g_sFontFixed6x8)
                  00004238    0000009c     driverlib.lib : interrupt.obj (.const:g_pui32Regs)
                  000042d4    00000090                   : gpio.obj (.const:g_pui32GPIOBaseAddrs)
                  00004364    00000070                   : interrupt.obj (.const)
                  000043d4    0000006c                   : sysctl.obj (.const:g_pui32Xtals)
                  00004440    00000030                   : sysctl.obj (.const:g_sXTALtoMEMTIM)
                  00004470    00000028     Crystalfontz128x128_ST7735.obj (.const:g_sCrystalfontz128x128)
                  00004498    00000010     grlib.lib : context.obj (.const)
                  000044a8    00000008     driverlib.lib : sysctl.obj (.const)

.cinit     0    000044b0    00000038     
                  000044b0    00000014     (.cinit..data.load) [load image, compression = lzss]
                  000044c4    0000000c     (__TI_handler_table)
                  000044d0    00000008     (.cinit..bss.load) [load image, compression = zero_init]
                  000044d8    00000010     (__TI_cinit_table)

.init_array 
*          0    00000000    00000000     UNINITIALIZED

.data      0    20000000    0000803c     UNINITIALIZED
                  20000000    00008000     Crystalfontz128x128_ST7735.obj (.data:Lcd_buffer)
                  20008000    00000024     buttons.obj (.data:count$2)
                  20008024    00000008     buttons.obj (.data:gJoystick)
                  2000802c    00000006     buttons.obj (.data)
                  20008032    00000002     --HOLE--
                  20008034    00000004     main.obj (.data)
                  20008038    00000004     rtsv7M4_T_le_v4SPD16_eabi.lib : errno.c.obj (.data)

.bss       0    20008840    0000002a     UNINITIALIZED
                  20008840    00000014     buttons.obj (.bss:state$1)
                  20008854    00000004     (.common:gADCSamplingRate)
                  20008858    00000004     (.common:gSystemClock)
                  2000885c    00000004     (.common:g_psGrLibDefaults)
                  20008860    00000002     (.common:Lcd_ScreenHeigth)
                  20008862    00000002     (.common:Lcd_ScreenWidth)
                  20008864    00000002     (.common:Lcd_TouchTrim)
                  20008866    00000001     (.common:Lcd_FlagRead)
                  20008867    00000001     (.common:Lcd_FontSolid)
                  20008868    00000001     (.common:Lcd_Orientation)
                  20008869    00000001     (.common:Lcd_PenSolid)

.stack     0    20008040    00000800     UNINITIALIZED
                  20008040    00000004     rtsv7M4_T_le_v4SPD16_eabi.lib : boot_cortex_m.c.obj (.stack)
                  20008044    000007fc     --HOLE--

MODULE SUMMARY

       Module                                             code    ro data   rw data
       ------                                             ----    -------   -------
    .\
       Crystalfontz128x128_ST7735.obj                     1008    40        32778  
       buttons.obj                                        1162    0         74     
       main.obj                                           672     0         8      
       tm4c1294ncpdt_startup_ccs.obj                      26      520       0      
       HAL_EK_TM4C1294XL_Crystalfontz128x128_ST7735.obj   382     0         0      
       sysctl_pll.obj                                     74      0         0      
    +--+--------------------------------------------------+-------+---------+---------+
       Total:                                             3324    560       32860  
                                                                                   
    C:/ti/tirtos_tivac_2_16_01_14/products/TivaWare_C_Series-2.1.1.71b/driverlib/ccs/Debug/driverlib.lib
       sysctl.obj                                         674     452       0      
       gpio.obj                                           526     144       0      
       interrupt.obj                                      172     268       0      
       adc.obj                                            346     0         0      
       timer.obj                                          160     0         0      
       pwm.obj                                            130     0         0      
       ssi.obj                                            88      0         0      
       fpu.obj                                            32      0         0      
       cpu.obj                                            24      0         0      
    +--+--------------------------------------------------+-------+---------+---------+
       Total:                                             2152    864       0      
                                                                                   
    C:/ti/tirtos_tivac_2_16_01_14/products/TivaWare_C_Series-2.1.1.71b/grlib/ccs/Debug/grlib.lib
       string.obj                                         1192    0         0      
       fontfixed6x8.obj                                   0       960       0      
       rectangle.obj                                      134     0         0      
       context.obj                                        104     16        4      
       charmap.obj                                        8       0         0      
    +--+--------------------------------------------------+-------+---------+---------+
       Total:                                             1438    976       4      
                                                                                   
    E:\ti\ccs930\ccs\tools\compiler\ti-cgt-arm_18.12.4.LTS\lib\rtsv7M4_T_le_v4SPD16_eabi.lib
       _printfi.c.obj                                     4851    0         0      
       fd_add_t2.asm.obj                                  438     0         0      
       fd_div_t2.asm.obj                                  310     0         0      
       s_scalbn.c.obj                                     272     0         0      
       fd_cmp_t2.asm.obj                                  268     0         0      
       ctype.c.obj                                        0       257       0      
       fd_mul_t2.asm.obj                                  252     0         0      
       memcpy_t2.asm.obj                                  156     0         0      
       ull_div_t2.asm.obj                                 150     0         0      
       snprintf.c.obj                                     148     0         0      
       s_floorf.c.obj                                     128     0         0      
       memset_t2.asm.obj                                  122     0         0      
       s_roundf.c.obj                                     110     0         0      
       copy_decompress_lzss.c.obj                         104     0         0      
       s_frexp.c.obj                                      100     0         0      
       ltoa.c.obj                                         84      0         0      
       atoi.c.obj                                         76      0         0      
       fd_toi_t2.asm.obj                                  72      0         0      
       autoinit.c.obj                                     68      0         0      
       boot_cortex_m.c.obj                                52      0         0      
       i_tofd_t2.asm.obj                                  46      0         0      
       copy_zero_init.c.obj                               28      0         0      
       memccpy.c.obj                                      28      0         0      
       s_copysign.c.obj                                   26      0         0      
       strchr.c.obj                                       22      0         0      
       strlen.c.obj                                       20      0         0      
       wcslen.c.obj                                       18      0         0      
       copy_decompress_none.c.obj                         14      0         0      
       errno.c.obj                                        8       0         4      
       exit.c.obj                                         4       0         0      
       pre_init.c.obj                                     4       0         0      
       div0.asm.obj                                       2       0         0      
    +--+--------------------------------------------------+-------+---------+---------+
       Total:                                             7981    257       4      
                                                                                   
       Stack:                                             0       0         2048   
       Linker Generated:                                  0       56        0      
    +--+--------------------------------------------------+-------+---------+---------+
       Grand Total:                                       14895   2713      34916  


LINKER GENERATED COPY TABLES

__TI_cinit_table @ 000044d8 records: 2, size/record: 8, table size: 16
	.data: load addr=000044b0, load size=00000014 bytes, run addr=20000000, run size=0000803c bytes, compression=lzss
	.bss: load addr=000044d0, load size=00000008 bytes, run addr=20008840, run size=0000002a bytes, compression=zero_init


LINKER GENERATED HANDLER TABLE

__TI_handler_table @ 000044c4 records: 3, size/record: 4, table size: 12
	index: 0, handler: __TI_decompress_lzss
	index: 1, handler: __TI_decompress_none
	index: 2, handler: __TI_zero_init


GLOBAL SYMBOLS: SORTED ALPHABETICALLY BY Name 

address   name                              
-------   ----                              
00003a0b  ADCClockConfigSet                 
00003c01  ADCIntClear                       
000037dd  ADCIntStatus                      
00003a23  ADCProcessorTrigger               
00003651  ADCSequenceConfigure              
00003921  ADCSequenceDataGet                
00003ba5  ADCSequenceDisable                
00003bb3  ADCSequenceEnable                 
00002ee1  ADCSequenceStepConfigure          
00000f89  ButtonAutoRepeat                  
00000f19  ButtonDebounce                    
00001009  ButtonISR                         
00000d39  ButtonInit                        
00000c59  ButtonReadJoystick                
00003c4f  C$$EXIT                           
00003bdd  CPUcpsid                          
00003be9  CPUcpsie                          
00001411  Crystalfontz128x128_Init          
00001131  Crystalfontz128x128_SetDrawFrame  
000010e9  Crystalfontz128x128_SetOrientation
00003b55  FPUEnable                         
00003b65  FPULazyStackingEnable             
00003867  GPIODirModeSet                    
000025c3  GPIOPadConfigSet                  
00003535  GPIOPinConfigure                  
000010e3  GPIOPinRead                       
00003ad5  GPIOPinTypeADC                    
00003ae7  GPIOPinTypeGPIOInput              
00003a3b  GPIOPinTypeGPIOOutput             
00003af9  GPIOPinTypePWM                    
00003b0b  GPIOPinTypeSSI                    
000021cb  GPIOPinWrite                      
000039eb  GrContextFontSet                  
000030b1  GrContextInit                     
00002a25  GrDefaultStringRenderer           
0000393f  GrFontCodepageGet                 
000038dd  GrFontGlyphDataGet                
000019e9  GrFontGlyphRender                 
00003891  GrFontInfoGet                     
00003c1f  GrMapISO8859_1_Unicode            
00002ccd  GrRectFill                        
00003a6b  GrStringDraw                      
0000380b  GrStringNextCharGet               
000022c1  HAL_LCD_PortInit                  
00002231  HAL_LCD_SpiInit                   
000021e1  HAL_LCD_writeCommand              
000021d1  HAL_LCD_writeData                 
00003119  IntEnable                         
00003b75  IntMasterDisable                  
00003b85  IntMasterEnable                   
000038b9  IntPrioritySet                    
20008866  Lcd_FlagRead                      
20008867  Lcd_FontSolid                     
20008868  Lcd_Orientation                   
20008869  Lcd_PenSolid                      
20008860  Lcd_ScreenHeigth                  
20008862  Lcd_ScreenWidth                   
20008864  Lcd_TouchTrim                     
20000000  Lcd_buffer                        
00003a99  PWMClockSet                       
000038ff  PWMGenConfigure                   
00003bf5  PWMGenEnable                      
00003b95  PWMGenPeriodSet                   
00003b1d  PWMOutputState                    
0000395d  PWMPulseWidthSet                  
000039f1  ResetISR                          
00003c27  SSIBusy                           
000036cd  SSIConfigSetExpClk                
00003c0b  SSIDataPut                        
00003c15  SSIEnable                         
00001c41  SysCtlClockFreqSet                
00003c41  SysCtlDelay                       
000034e9  SysCtlFrequencyGet                
00003745  SysCtlPeripheralEnable            
0000324d  TimerConfigure                    
00003aad  TimerDisable                      
00003bc1  TimerEnable                       
00003c47  TimerIntClear                     
00003c2f  TimerIntEnable                    
00003b2f  TimerLoadSet                      
20008840  __STACK_END                       
00000800  __STACK_SIZE                      
20008240  __STACK_TOP                       
000044d8  __TI_CINIT_Base                   
000044e8  __TI_CINIT_Limit                  
000044c4  __TI_Handler_Table_Base           
000044d0  __TI_Handler_Table_Limit          
0000360d  __TI_auto_init_nobinit_nopinit    
00003181  __TI_decompress_lzss              
00003bcf  __TI_decompress_none              
ffffffff  __TI_pprof_out_hndl               
00000209  __TI_printfi                      
ffffffff  __TI_prof_data_size               
ffffffff  __TI_prof_data_start              
00000000  __TI_static_base__                
00003999  __TI_zero_init_nomemset           
00002d53  __aeabi_cdcmpeq                   
00002d53  __aeabi_cdcmple                   
00002dd9  __aeabi_cdrcmple                  
000035c5  __aeabi_d2iz                      
0000201f  __aeabi_dadd                      
0000248d  __aeabi_ddiv                      
00002929  __aeabi_dmul                      
00002015  __aeabi_dsub                      
00003c39  __aeabi_errno_addr                
00003839  __aeabi_i2d                       
00000c57  __aeabi_idiv0                     
00000c57  __aeabi_ldiv0                     
00002f5b  __aeabi_memclr                    
00002f5b  __aeabi_memclr4                   
00002f5b  __aeabi_memclr8                   
00002b9b  __aeabi_memcpy                    
00002b9b  __aeabi_memcpy4                   
00002b9b  __aeabi_memcpy8                   
00002f5d  __aeabi_memset                    
00002f5d  __aeabi_memset4                   
00002f5d  __aeabi_memset8                   
00002c37  __aeabi_uldivmod                  
ffffffff  __binit__                         
ffffffff  __c_args__                        
UNDEFED   __mpu_init                        
20008040  __stack                           
00003779  _c_int00_noargs                   
0000406c  _ctypes_                          
UNDEFED   _system_post_cinit                
00003c4b  _system_pre_init                  
00003c4f  abort                             
00003405  atoi                              
ffffffff  binit                             
000039d1  copysign                          
000039d1  copysignl                         
20008038  errno                             
00002e61  floorf                            
000031e9  frexp                             
000031e9  frexpl                            
20008854  gADCSamplingRate                  
2000802c  gButtons                          
20008024  gJoystick                         
20008858  gSystemClock                      
20008034  gTime                             
00000000  g_pfnVectors                      
00004498  g_psDefaultCodePointMapTable      
00004470  g_sCrystalfontz128x128            
00004170  g_sFontFixed6x8                   
00002819  ldexp                             
00002819  ldexpl                            
0000335d  ltoa                              
000014d9  main                              
000039b5  memccpy                           
00002b9b  memcpy                            
00002f63  memset                            
00003043  roundf                            
00002819  scalbn                            
00002819  scalbnl                           
00003451  snprintf                          
00003a81  strchr                            
00003ac1  strlen                            
00003b41  wcslen                            


GLOBAL SYMBOLS: SORTED BY Symbol Address 

address   name                              
-------   ----                              
00000000  __TI_static_base__                
00000000  g_pfnVectors                      
00000209  __TI_printfi                      
00000800  __STACK_SIZE                      
00000c57  __aeabi_idiv0                     
00000c57  __aeabi_ldiv0                     
00000c59  ButtonReadJoystick                
00000d39  ButtonInit                        
00000f19  ButtonDebounce                    
00000f89  ButtonAutoRepeat                  
00001009  ButtonISR                         
000010e3  GPIOPinRead                       
000010e9  Crystalfontz128x128_SetOrientation
00001131  Crystalfontz128x128_SetDrawFrame  
00001411  Crystalfontz128x128_Init          
000014d9  main                              
000019e9  GrFontGlyphRender                 
00001c41  SysCtlClockFreqSet                
00002015  __aeabi_dsub                      
0000201f  __aeabi_dadd                      
000021cb  GPIOPinWrite                      
000021d1  HAL_LCD_writeData                 
000021e1  HAL_LCD_writeCommand              
00002231  HAL_LCD_SpiInit                   
000022c1  HAL_LCD_PortInit                  
0000248d  __aeabi_ddiv                      
000025c3  GPIOPadConfigSet                  
00002819  ldexp                             
00002819  ldexpl                            
00002819  scalbn                            
00002819  scalbnl                           
00002929  __aeabi_dmul                      
00002a25  GrDefaultStringRenderer           
00002b9b  __aeabi_memcpy                    
00002b9b  __aeabi_memcpy4                   
00002b9b  __aeabi_memcpy8                   
00002b9b  memcpy                            
00002c37  __aeabi_uldivmod                  
00002ccd  GrRectFill                        
00002d53  __aeabi_cdcmpeq                   
00002d53  __aeabi_cdcmple                   
00002dd9  __aeabi_cdrcmple                  
00002e61  floorf                            
00002ee1  ADCSequenceStepConfigure          
00002f5b  __aeabi_memclr                    
00002f5b  __aeabi_memclr4                   
00002f5b  __aeabi_memclr8                   
00002f5d  __aeabi_memset                    
00002f5d  __aeabi_memset4                   
00002f5d  __aeabi_memset8                   
00002f63  memset                            
00003043  roundf                            
000030b1  GrContextInit                     
00003119  IntEnable                         
00003181  __TI_decompress_lzss              
000031e9  frexp                             
000031e9  frexpl                            
0000324d  TimerConfigure                    
0000335d  ltoa                              
00003405  atoi                              
00003451  snprintf                          
000034e9  SysCtlFrequencyGet                
00003535  GPIOPinConfigure                  
000035c5  __aeabi_d2iz                      
0000360d  __TI_auto_init_nobinit_nopinit    
00003651  ADCSequenceConfigure              
000036cd  SSIConfigSetExpClk                
00003745  SysCtlPeripheralEnable            
00003779  _c_int00_noargs                   
000037dd  ADCIntStatus                      
0000380b  GrStringNextCharGet               
00003839  __aeabi_i2d                       
00003867  GPIODirModeSet                    
00003891  GrFontInfoGet                     
000038b9  IntPrioritySet                    
000038dd  GrFontGlyphDataGet                
000038ff  PWMGenConfigure                   
00003921  ADCSequenceDataGet                
0000393f  GrFontCodepageGet                 
0000395d  PWMPulseWidthSet                  
00003999  __TI_zero_init_nomemset           
000039b5  memccpy                           
000039d1  copysign                          
000039d1  copysignl                         
000039eb  GrContextFontSet                  
000039f1  ResetISR                          
00003a0b  ADCClockConfigSet                 
00003a23  ADCProcessorTrigger               
00003a3b  GPIOPinTypeGPIOOutput             
00003a6b  GrStringDraw                      
00003a81  strchr                            
00003a99  PWMClockSet                       
00003aad  TimerDisable                      
00003ac1  strlen                            
00003ad5  GPIOPinTypeADC                    
00003ae7  GPIOPinTypeGPIOInput              
00003af9  GPIOPinTypePWM                    
00003b0b  GPIOPinTypeSSI                    
00003b1d  PWMOutputState                    
00003b2f  TimerLoadSet                      
00003b41  wcslen                            
00003b55  FPUEnable                         
00003b65  FPULazyStackingEnable             
00003b75  IntMasterDisable                  
00003b85  IntMasterEnable                   
00003b95  PWMGenPeriodSet                   
00003ba5  ADCSequenceDisable                
00003bb3  ADCSequenceEnable                 
00003bc1  TimerEnable                       
00003bcf  __TI_decompress_none              
00003bdd  CPUcpsid                          
00003be9  CPUcpsie                          
00003bf5  PWMGenEnable                      
00003c01  ADCIntClear                       
00003c0b  SSIDataPut                        
00003c15  SSIEnable                         
00003c1f  GrMapISO8859_1_Unicode            
00003c27  SSIBusy                           
00003c2f  TimerIntEnable                    
00003c39  __aeabi_errno_addr                
00003c41  SysCtlDelay                       
00003c47  TimerIntClear                     
00003c4b  _system_pre_init                  
00003c4f  C$$EXIT                           
00003c4f  abort                             
0000406c  _ctypes_                          
00004170  g_sFontFixed6x8                   
00004470  g_sCrystalfontz128x128            
00004498  g_psDefaultCodePointMapTable      
000044c4  __TI_Handler_Table_Base           
000044d0  __TI_Handler_Table_Limit          
000044d8  __TI_CINIT_Base                   
000044e8  __TI_CINIT_Limit                  
20000000  Lcd_buffer                        
20008024  gJoystick                         
2000802c  gButtons                          
20008034  gTime                             
20008038  errno                             
20008040  __stack                           
20008240  __STACK_TOP                       
20008840  __STACK_END                       
20008854  gADCSamplingRate                  
20008858  gSystemClock                      
20008860  Lcd_ScreenHeigth                  
20008862  Lcd_ScreenWidth                   
20008864  Lcd_TouchTrim                     
20008866  Lcd_FlagRead                      
20008867  Lcd_FontSolid                     
20008868  Lcd_Orientation                   
20008869  Lcd_PenSolid                      
ffffffff  __TI_pprof_out_hndl               
ffffffff  __TI_prof_data_size               
ffffffff  __TI_prof_data_start              
ffffffff  __binit__                         
ffffffff  __c_args__                        
ffffffff  binit                             
UNDEFED   __mpu_init                        
UNDEFED   _system_post_cinit                

[158 symbols]
