******************************************************************************
                  TI ARM Linker PC v18.12.4                    
******************************************************************************
>> Linked Tue Apr 13 01:44:13 2021

OUTPUT FILE NAME:   <Lab 1 Digital Oscilloscope.out>
ENTRY POINT SYMBOL: "_c_int00_noargs"  address: 00003ee1


MEMORY CONFIGURATION

         name            origin    length      used     unused   attr    fill
----------------------  --------  ---------  --------  --------  ----  --------
  FLASH                 00000000   00100000  00004cb0  000fb350  R  X
  SRAM                  20000000   00040000  00009892  0003676e  RW X


SEGMENT ALLOCATION MAP

run origin  load origin   length   init length attrs members
----------  ----------- ---------- ----------- ----- -------
00000000    00000000    00004cb0   00004cb0    r-x
  00000000    00000000    00000208   00000208    r-- .intvecs
  00000208    00000208    000041bc   000041bc    r-x .text
  000043c4    000043c4    000008ac   000008ac    r-- .const
  00004c70    00004c70    00000040   00000040    r-- .cinit
20000000    20000000    00009898   00000000    rw-
  20000000    20000000    00008050   00000000    rw- .data
  20008050    20008050    00001042   00000000    rw- .bss
  20009098    20009098    00000800   00000000    rw- .stack


SECTION ALLOCATION MAP

 output                                  attributes/
section   page    origin      length       input sections
--------  ----  ----------  ----------   ----------------
.intvecs   0    00000000    00000208     
                  00000000    00000208     tm4c1294ncpdt_startup_ccs.obj (.intvecs)

.text      0    00000208    000041bc     
                  00000208    00000a4e     rtsv7M4_T_le_v4SPD16_eabi.lib : _printfi.c.obj (.text:__TI_printfi)
                  00000c56    00000002                                   : div0.asm.obj (.text)
                  00000c58    0000055a     buttons.obj (.text)
                  000011b2    00000006     driverlib.lib : gpio.obj (.text:GPIOPinRead)
                  000011b8    000004ce     main.obj (.text)
                  00001686    00000002     --HOLE-- [fill = 0]
                  00001688    000003f0     Crystalfontz128x128_ST7735.obj (.text)
                  00001a78    00000270     rtsv7M4_T_le_v4SPD16_eabi.lib : _printfi.c.obj (.text:_pconv_a)
                  00001ce8    00000256     grlib.lib : string.obj (.text:GrFontGlyphRender)
                  00001f3e    00000002     --HOLE-- [fill = 0]
                  00001f40    00000204     driverlib.lib : sysctl.obj (.text:SysCtlClockFreqSet)
                  00002144    000001d0     rtsv7M4_T_le_v4SPD16_eabi.lib : _printfi.c.obj (.text:_pconv_g)
                  00002314    000001b6                                   : fd_add_t2.asm.obj (.text)
                  000024ca    00000006     driverlib.lib : gpio.obj (.text:GPIOPinWrite)
                  000024d0    000001a6     sampling.obj (.text)
                  00002676    00000002     --HOLE-- [fill = 0]
                  00002678    0000017e     HAL_EK_TM4C1294XL_Crystalfontz128x128_ST7735.obj (.text)
                  000027f6    00000002     --HOLE-- [fill = 0]
                  000027f8    0000013c     rtsv7M4_T_le_v4SPD16_eabi.lib : _printfi.c.obj (.text:_pconv_e)
                  00002934    00000136                                   : fd_div_t2.asm.obj (.text)
                  00002a6a    00000130     driverlib.lib : gpio.obj (.text:GPIOPadConfigSet)
                  00002b9a    00000002     --HOLE-- [fill = 0]
                  00002b9c    00000124     rtsv7M4_T_le_v4SPD16_eabi.lib : _printfi.c.obj (.text:fcvt)
                  00002cc0    00000110                                   : s_scalbn.c.obj (.text:scalbn)
                  00002dd0    00000106     grlib.lib : line.obj (.text:GrLineDraw)
                  00002ed6    000000fc     rtsv7M4_T_le_v4SPD16_eabi.lib : fd_mul_t2.asm.obj (.text)
                  00002fd2    000000c4     grlib.lib : string.obj (.text:GrDefaultStringRenderer)
                  00003096    000000c0               : line.obj (.text:GrLineClip)
                  00003156    00000002     --HOLE-- [fill = 0]
                  00003158    000000b1     rtsv7M4_T_le_v4SPD16_eabi.lib : _printfi.c.obj (.text:_ltostr)
                  00003209    00000001     --HOLE-- [fill = 0]
                  0000320a    0000009c                                   : memcpy_t2.asm.obj (.text)
                  000032a6    00000096                                   : ull_div_t2.asm.obj (.text)
                  0000333c    00000086     grlib.lib : rectangle.obj (.text:GrRectFill)
                  000033c2    00000086     rtsv7M4_T_le_v4SPD16_eabi.lib : fd_cmp_t2.asm.obj (.text:__aeabi_cdcmple)
                  00003448    00000086                                   : fd_cmp_t2.asm.obj (.text:__aeabi_cdrcmple)
                  000034ce    00000002     --HOLE-- [fill = 0]
                  000034d0    00000080                                   : s_floorf.c.obj (.text:floorf)
                  00003550    0000007a     driverlib.lib : adc.obj (.text:ADCSequenceStepConfigure)
                  000035ca    0000007a     rtsv7M4_T_le_v4SPD16_eabi.lib : memset_t2.asm.obj (.text)
                  00003644    0000006e                                   : _printfi.c.obj (.text:_mcpy)
                  000036b2    0000006e                                   : s_roundf.c.obj (.text:roundf)
                  00003720    00000068     grlib.lib : context.obj (.text:GrContextInit)
                  00003788    00000068     driverlib.lib : interrupt.obj (.text:IntEnable)
                  000037f0    00000068     rtsv7M4_T_le_v4SPD16_eabi.lib : copy_decompress_lzss.c.obj (.text:decompress:lzss:__TI_decompress_lzss)
                  00003858    00000064                                   : s_frexp.c.obj (.text:frexp)
                  000038bc    00000060     driverlib.lib : timer.obj (.text:TimerConfigure)
                  0000391c    0000005a     grlib.lib : string.obj (.text:FontWideGlyphDataGet)
                  00003976    00000056     rtsv7M4_T_le_v4SPD16_eabi.lib : _printfi.c.obj (.text:_pconv_f)
                  000039cc    00000054                                   : ltoa.c.obj (.text:ltoa)
                  00003a20    00000052                                   : _printfi.c.obj (.text:_ecpy)
                  00003a72    00000002     --HOLE-- [fill = 0]
                  00003a74    0000004c                                   : atoi.c.obj (.text:atoi)
                  00003ac0    0000004c                                   : snprintf.c.obj (.text:snprintf)
                  00003b0c    0000004a     grlib.lib : string.obj (.text:UpdateContextCharMapping)
                  00003b56    00000002     --HOLE-- [fill = 0]
                  00003b58    0000004a     sysctl_pll.obj (.text)
                  00003ba2    00000002     --HOLE-- [fill = 0]
                  00003ba4    00000048     driverlib.lib : gpio.obj (.text:GPIOPinConfigure)
                  00003bec    00000048                   : sysctl.obj (.text:_SysCtlFrequencyGet)
                  00003c34    00000048     rtsv7M4_T_le_v4SPD16_eabi.lib : fd_toi_t2.asm.obj (.text)
                  00003c7c    00000046     grlib.lib : line.obj (.text:GrLineDrawH)
                  00003cc2    00000046               : line.obj (.text:GrLineDrawV)
                  00003d08    00000044     rtsv7M4_T_le_v4SPD16_eabi.lib : autoinit.c.obj (.text:__TI_auto_init_nobinit_nopinit:__TI_auto_init_nobinit_nopinit)
                  00003d4c    0000003e     driverlib.lib : adc.obj (.text:ADCSequenceConfigure)
                  00003d8a    0000003e     rtsv7M4_T_le_v4SPD16_eabi.lib : _printfi.c.obj (.text:_fcpy)
                  00003dc8    0000003c     driverlib.lib : ssi.obj (.text:SSIConfigSetExpClk)
                  00003e04    0000003a     grlib.lib : string.obj (.text:FontGlyphDataGet)
                  00003e3e    00000038     rtsv7M4_T_le_v4SPD16_eabi.lib : fs_tod_t2.asm.obj (.text)
                  00003e76    00000036     grlib.lib : line.obj (.text:GrClipCodeGet)
                  00003eac    00000034     driverlib.lib : sysctl.obj (.text:SysCtlPeripheralEnable)
                  00003ee0    00000034     rtsv7M4_T_le_v4SPD16_eabi.lib : boot_cortex_m.c.obj (.text:_c_int00_noargs:_c_int00_noargs)
                  00003f14    00000030                                   : snprintf.c.obj (.text:_outs)
                  00003f44    0000002e     driverlib.lib : adc.obj (.text:ADCIntStatus)
                  00003f72    0000002e     grlib.lib : string.obj (.text:GrStringNextCharGet)
                  00003fa0    0000002e     rtsv7M4_T_le_v4SPD16_eabi.lib : i_tofd_t2.asm.obj (.text)
                  00003fce    0000002a     driverlib.lib : gpio.obj (.text:GPIODirModeSet)
                  00003ff8    00000026     grlib.lib : string.obj (.text:GrFontInfoGet)
                  0000401e    00000002     --HOLE-- [fill = 0]
                  00004020    00000024     driverlib.lib : interrupt.obj (.text:IntPrioritySet)
                  00004044    00000022     grlib.lib : string.obj (.text:GrFontGlyphDataGet)
                  00004066    00000022     driverlib.lib : pwm.obj (.text:PWMGenConfigure)
                  00004088    0000001e                   : adc.obj (.text:ADCSequenceDataGet)
                  000040a6    0000001e     grlib.lib : string.obj (.text:GrFontCodepageGet)
                  000040c4    0000001e     driverlib.lib : pwm.obj (.text:PWMPulseWidthSet)
                  000040e2    00000002     --HOLE-- [fill = 0]
                  000040e4    0000001c                   : sysctl.obj (.text:_SysCtlMemTimingGet)
                  00004100    0000001c     rtsv7M4_T_le_v4SPD16_eabi.lib : memccpy.c.obj (.text:memccpy)
                  0000411c    0000001a                                   : s_copysign.c.obj (.text:copysign)
                  00004136    00000002     --HOLE-- [fill = 0]
                  00004138    0000001a     tm4c1294ncpdt_startup_ccs.obj (.text)
                  00004152    00000018     driverlib.lib : adc.obj (.text:ADCClockConfigSet)
                  0000416a    00000018                   : adc.obj (.text:ADCProcessorTrigger)
                  00004182    00000018                   : gpio.obj (.text:GPIOPinTypeGPIOOutput)
                  0000419a    00000018     rtsv7M4_T_le_v4SPD16_eabi.lib : snprintf.c.obj (.text:_outc)
                  000041b2    00000016     grlib.lib : string.obj (.text:GrStringDraw)
                  000041c8    00000016     rtsv7M4_T_le_v4SPD16_eabi.lib : strchr.c.obj (.text:strchr)
                  000041de    00000002     --HOLE-- [fill = 0]
                  000041e0    00000014     driverlib.lib : pwm.obj (.text:PWMClockSet)
                  000041f4    00000014                   : timer.obj (.text:TimerDisable)
                  00004208    00000014     rtsv7M4_T_le_v4SPD16_eabi.lib : strlen.c.obj (.text:strlen)
                  0000421c    00000012     driverlib.lib : gpio.obj (.text:GPIOPinTypeADC)
                  0000422e    00000012                   : gpio.obj (.text:GPIOPinTypeGPIOInput)
                  00004240    00000012                   : gpio.obj (.text:GPIOPinTypePWM)
                  00004252    00000012                   : gpio.obj (.text:GPIOPinTypeSSI)
                  00004264    00000012                   : pwm.obj (.text:PWMOutputState)
                  00004276    00000012                   : timer.obj (.text:TimerLoadSet)
                  00004288    00000012     rtsv7M4_T_le_v4SPD16_eabi.lib : wcslen.c.obj (.text:wcslen)
                  0000429a    00000010     driverlib.lib : adc.obj (.text:ADCIntEnable)
                  000042aa    00000002     --HOLE-- [fill = 0]
                  000042ac    00000010                   : fpu.obj (.text:FPUEnable)
                  000042bc    00000010                   : fpu.obj (.text:FPULazyStackingEnable)
                  000042cc    00000010                   : interrupt.obj (.text:IntMasterDisable)
                  000042dc    00000010                   : interrupt.obj (.text:IntMasterEnable)
                  000042ec    00000010                   : pwm.obj (.text:PWMGenPeriodSet)
                  000042fc    0000000e                   : adc.obj (.text:ADCSequenceDisable)
                  0000430a    0000000e                   : adc.obj (.text:ADCSequenceEnable)
                  00004318    0000000e                   : timer.obj (.text:TimerEnable)
                  00004326    0000000e     rtsv7M4_T_le_v4SPD16_eabi.lib : copy_decompress_none.c.obj (.text:decompress:none:__TI_decompress_none)
                  00004334    0000000c     driverlib.lib : cpu.obj (.text:CPUcpsid)
                  00004340    0000000c                   : cpu.obj (.text:CPUcpsie)
                  0000434c    0000000c                   : pwm.obj (.text:PWMGenEnable)
                  00004358    0000000c     rtsv7M4_T_le_v4SPD16_eabi.lib : copy_zero_init.c.obj (.text:decompress:ZI:__TI_zero_init)
                  00004364    0000000a     driverlib.lib : adc.obj (.text:ADCIntClear)
                  0000436e    0000000a                   : ssi.obj (.text:SSIDataPut)
                  00004378    0000000a                   : ssi.obj (.text:SSIEnable)
                  00004382    0000000a                   : timer.obj (.text:TimerIntStatus)
                  0000438c    00000008     grlib.lib : charmap.obj (.text:GrMapISO8859_1_Unicode)
                  00004394    00000008     driverlib.lib : ssi.obj (.text:SSIBusy)
                  0000439c    00000008                   : timer.obj (.text:TimerIntEnable)
                  000043a4    00000008     rtsv7M4_T_le_v4SPD16_eabi.lib : errno.c.obj (.text:__aeabi_errno_addr)
                  000043ac    00000006     grlib.lib : string.obj (.text:GrContextFontSet)
                  000043b2    00000006     driverlib.lib : sysctl.obj (.text:SysCtlDelay)
                  000043b8    00000004                   : timer.obj (.text:TimerIntClear)
                  000043bc    00000004     rtsv7M4_T_le_v4SPD16_eabi.lib : pre_init.c.obj (.text:_system_pre_init)
                  000043c0    00000004                                   : exit.c.obj (.text:abort:abort)

.const     0    000043c4    000008ac     
                  000043c4    000002f8     grlib.lib : fontfixed6x8.obj (.const:.string:g_pui8FontFixed6x8Data)
                  000046bc    00000120     driverlib.lib : sysctl.obj (.const:g_pppui32XTALtoVCO)
                  000047dc    00000101     rtsv7M4_T_le_v4SPD16_eabi.lib : ctype.c.obj (.const:.string:_ctypes_)
                  000048dd    00000003     --HOLE-- [fill = 0]
                  000048e0    000000c8     grlib.lib : fontfixed6x8.obj (.const:g_sFontFixed6x8)
                  000049a8    0000009c     driverlib.lib : interrupt.obj (.const:g_pui32Regs)
                  00004a44    00000090                   : gpio.obj (.const:g_pui32GPIOBaseAddrs)
                  00004ad4    00000070                   : interrupt.obj (.const)
                  00004b44    0000006c                   : sysctl.obj (.const:g_pui32Xtals)
                  00004bb0    00000030                   : sysctl.obj (.const:g_sXTALtoMEMTIM)
                  00004be0    00000028     Crystalfontz128x128_ST7735.obj (.const:g_sCrystalfontz128x128)
                  00004c08    00000026     main.obj (.const:.string)
                  00004c2e    00000002     --HOLE-- [fill = 0]
                  00004c30    00000014     main.obj (.const:$P$T0$1)
                  00004c44    00000014     main.obj (.const:gVoltageScaleStr)
                  00004c58    00000010     grlib.lib : context.obj (.const)
                  00004c68    00000008     driverlib.lib : sysctl.obj (.const)

.cinit     0    00004c70    00000040     
                  00004c70    00000015     (.cinit..data.load) [load image, compression = lzss]
                  00004c85    00000003     --HOLE-- [fill = 0]
                  00004c88    0000000c     (__TI_handler_table)
                  00004c94    00000004     --HOLE-- [fill = 0]
                  00004c98    00000008     (.cinit..bss.load) [load image, compression = zero_init]
                  00004ca0    00000010     (__TI_cinit_table)

.init_array 
*          0    00000000    00000000     UNINITIALIZED

.data      0    20000000    00008050     UNINITIALIZED
                  20000000    00008000     Crystalfontz128x128_ST7735.obj (.data:Lcd_buffer)
                  20008000    00000024     buttons.obj (.data:count$2)
                  20008024    0000000d     buttons.obj (.data)
                  20008031    00000003     --HOLE--
                  20008034    00000008     buttons.obj (.data:gJoystick)
                  2000803c    00000008     main.obj (.data)
                  20008044    00000008     sampling.obj (.data)
                  2000804c    00000004     rtsv7M4_T_le_v4SPD16_eabi.lib : errno.c.obj (.data)

.bss       0    20008050    00001042     UNINITIALIZED
                  20008050    00001000     (.common:gADCBuffer)
                  20009050    00000014     buttons.obj (.bss:state$1)
                  20009064    0000000c     (.common:fifo)
                  20009070    00000004     (.common:gADCSamplingRate)
                  20009074    00000004     (.common:gSystemClock)
                  20009078    00000004     (.common:g_psGrLibDefaults)
                  2000907c    00000004     (.common:load1)
                  20009080    00000004     (.common:scale)
                  20009084    00000004     (.common:unload)
                  20009088    00000002     (.common:Lcd_ScreenHeigth)
                  2000908a    00000002     (.common:Lcd_ScreenWidth)
                  2000908c    00000002     (.common:Lcd_TouchTrim)
                  2000908e    00000001     (.common:Lcd_FlagRead)
                  2000908f    00000001     (.common:Lcd_FontSolid)
                  20009090    00000001     (.common:Lcd_Orientation)
                  20009091    00000001     (.common:Lcd_PenSolid)

.stack     0    20009098    00000800     UNINITIALIZED
                  20009098    00000004     rtsv7M4_T_le_v4SPD16_eabi.lib : boot_cortex_m.c.obj (.stack)
                  2000909c    000007fc     --HOLE--

MODULE SUMMARY

       Module                                             code    ro data   rw data
       ------                                             ----    -------   -------
    .\
       Crystalfontz128x128_ST7735.obj                     1008    40        32778  
       sampling.obj                                       422     0         4104   
       buttons.obj                                        1370    0         93     
       main.obj                                           1230    78        24     
       tm4c1294ncpdt_startup_ccs.obj                      26      520       0      
       HAL_EK_TM4C1294XL_Crystalfontz128x128_ST7735.obj   382     0         0      
       sysctl_pll.obj                                     74      0         0      
    +--+--------------------------------------------------+-------+---------+---------+
       Total:                                             4512    638       36999  
                                                                                   
    C:/ti/tirtos_tivac_2_16_01_14/products/TivaWare_C_Series-2.1.1.71b/driverlib/ccs/Debug/driverlib.lib
       sysctl.obj                                         674     452       0      
       gpio.obj                                           526     144       0      
       interrupt.obj                                      172     268       0      
       adc.obj                                            362     0         0      
       timer.obj                                          170     0         0      
       pwm.obj                                            130     0         0      
       ssi.obj                                            88      0         0      
       fpu.obj                                            32      0         0      
       cpu.obj                                            24      0         0      
    +--+--------------------------------------------------+-------+---------+---------+
       Total:                                             2178    864       0      
                                                                                   
    C:/ti/tirtos_tivac_2_16_01_14/products/TivaWare_C_Series-2.1.1.71b/grlib/ccs/Debug/grlib.lib
       string.obj                                         1192    0         0      
       fontfixed6x8.obj                                   0       960       0      
       line.obj                                           648     0         0      
       rectangle.obj                                      134     0         0      
       context.obj                                        104     16        4      
       charmap.obj                                        8       0         0      
    +--+--------------------------------------------------+-------+---------+---------+
       Total:                                             2086    976       4      
                                                                                   
    E:\ti\ccs930\ccs\tools\compiler\ti-cgt-arm_18.12.4.LTS\lib\rtsv7M4_T_le_v4SPD16_eabi.lib
       _printfi.c.obj                                     4851    0         0      
       fd_add_t2.asm.obj                                  438     0         0      
       fd_div_t2.asm.obj                                  310     0         0      
       s_scalbn.c.obj                                     272     0         0      
       fd_cmp_t2.asm.obj                                  268     0         0      
       ctype.c.obj                                        0       257       0      
       fd_mul_t2.asm.obj                                  252     0         0      
       memcpy_t2.asm.obj                                  156     0         0      
       ull_div_t2.asm.obj                                 150     0         0      
       snprintf.c.obj                                     148     0         0      
       s_floorf.c.obj                                     128     0         0      
       memset_t2.asm.obj                                  122     0         0      
       s_roundf.c.obj                                     110     0         0      
       copy_decompress_lzss.c.obj                         104     0         0      
       s_frexp.c.obj                                      100     0         0      
       ltoa.c.obj                                         84      0         0      
       atoi.c.obj                                         76      0         0      
       fd_toi_t2.asm.obj                                  72      0         0      
       autoinit.c.obj                                     68      0         0      
       fs_tod_t2.asm.obj                                  56      0         0      
       boot_cortex_m.c.obj                                52      0         0      
       i_tofd_t2.asm.obj                                  46      0         0      
       memccpy.c.obj                                      28      0         0      
       s_copysign.c.obj                                   26      0         0      
       strchr.c.obj                                       22      0         0      
       strlen.c.obj                                       20      0         0      
       wcslen.c.obj                                       18      0         0      
       copy_decompress_none.c.obj                         14      0         0      
       copy_zero_init.c.obj                               12      0         0      
       errno.c.obj                                        8       0         4      
       exit.c.obj                                         4       0         0      
       pre_init.c.obj                                     4       0         0      
       div0.asm.obj                                       2       0         0      
    +--+--------------------------------------------------+-------+---------+---------+
       Total:                                             8021    257       4      
                                                                                   
       Stack:                                             0       0         2048   
       Linker Generated:                                  0       57        0      
    +--+--------------------------------------------------+-------+---------+---------+
       Grand Total:                                       16797   2792      39055  


LINKER GENERATED COPY TABLES

__TI_cinit_table @ 00004ca0 records: 2, size/record: 8, table size: 16
	.data: load addr=00004c70, load size=00000015 bytes, run addr=20000000, run size=00008050 bytes, compression=lzss
	.bss: load addr=00004c98, load size=00000008 bytes, run addr=20008050, run size=00001042 bytes, compression=zero_init


LINKER GENERATED HANDLER TABLE

__TI_handler_table @ 00004c88 records: 3, size/record: 4, table size: 12
	index: 0, handler: __TI_decompress_lzss
	index: 1, handler: __TI_decompress_none
	index: 2, handler: __TI_zero_init


GLOBAL SYMBOLS: SORTED ALPHABETICALLY BY Name 

address   name                              
-------   ----                              
00004153  ADCClockConfigSet                 
00004365  ADCIntClear                       
0000429b  ADCIntEnable                      
00003f45  ADCIntStatus                      
0000416b  ADCProcessorTrigger               
00003d4d  ADCSequenceConfigure              
00004089  ADCSequenceDataGet                
000042fd  ADCSequenceDisable                
0000430b  ADCSequenceEnable                 
00003551  ADCSequenceStepConfigure          
00002629  ADC_ISR                           
00001059  ButtonAutoRepeat                  
00000fe9  ButtonDebounce                    
000010d9  ButtonISR                         
00000dc1  ButtonInit                        
00000ce1  ButtonReadJoystick                
000043c1  C$$EXIT                           
000011b9  CPULoad                           
00004335  CPUcpsid                          
00004341  CPUcpsie                          
000019b1  Crystalfontz128x128_Init          
000016d1  Crystalfontz128x128_SetDrawFrame  
00001689  Crystalfontz128x128_SetOrientation
000042ad  FPUEnable                         
000042bd  FPULazyStackingEnable             
000025d9  FallingTrigger                    
00003fcf  GPIODirModeSet                    
00002a6b  GPIOPadConfigSet                  
00003ba5  GPIOPinConfigure                  
000011b3  GPIOPinRead                       
0000421d  GPIOPinTypeADC                    
0000422f  GPIOPinTypeGPIOInput              
00004183  GPIOPinTypeGPIOOutput             
00004241  GPIOPinTypePWM                    
00004253  GPIOPinTypeSSI                    
000024cb  GPIOPinWrite                      
000043ad  GrContextFontSet                  
00003721  GrContextInit                     
00002fd3  GrDefaultStringRenderer           
000040a7  GrFontCodepageGet                 
00004045  GrFontGlyphDataGet                
00001ce9  GrFontGlyphRender                 
00003ff9  GrFontInfoGet                     
00002dd1  GrLineDraw                        
00003c7d  GrLineDrawH                       
00003cc3  GrLineDrawV                       
0000438d  GrMapISO8859_1_Unicode            
0000333d  GrRectFill                        
000041b3  GrStringDraw                      
00003f73  GrStringNextCharGet               
00002769  HAL_LCD_PortInit                  
000026d9  HAL_LCD_SpiInit                   
00002689  HAL_LCD_writeCommand              
00002679  HAL_LCD_writeData                 
00003789  IntEnable                         
000042cd  IntMasterDisable                  
000042dd  IntMasterEnable                   
00004021  IntPrioritySet                    
2000908e  Lcd_FlagRead                      
2000908f  Lcd_FontSolid                     
20009090  Lcd_Orientation                   
20009091  Lcd_PenSolid                      
20009088  Lcd_ScreenHeigth                  
2000908a  Lcd_ScreenWidth                   
2000908c  Lcd_TouchTrim                     
20000000  Lcd_buffer                        
000041e1  PWMClockSet                       
00004067  PWMGenConfigure                   
0000434d  PWMGenEnable                      
000042ed  PWMGenPeriodSet                   
00004265  PWMOutputState                    
000040c5  PWMPulseWidthSet                  
00004139  ResetISR                          
00002589  RisingTrigger                     
00004395  SSIBusy                           
00003dc9  SSIConfigSetExpClk                
0000436f  SSIDataPut                        
00004379  SSIEnable                         
00001f41  SysCtlClockFreqSet                
000043b3  SysCtlDelay                       
00003b59  SysCtlFrequencyGet                
00003ead  SysCtlPeripheralEnable            
000038bd  TimerConfigure                    
000041f5  TimerDisable                      
00004319  TimerEnable                       
000043b9  TimerIntClear                     
0000439d  TimerIntEnable                    
00004383  TimerIntStatus                    
00004277  TimerLoadSet                      
20009898  __STACK_END                       
00000800  __STACK_SIZE                      
20009298  __STACK_TOP                       
00004ca0  __TI_CINIT_Base                   
00004cb0  __TI_CINIT_Limit                  
00004c88  __TI_Handler_Table_Base           
00004c94  __TI_Handler_Table_Limit          
00003d09  __TI_auto_init_nobinit_nopinit    
000037f1  __TI_decompress_lzss              
00004327  __TI_decompress_none              
ffffffff  __TI_pprof_out_hndl               
00000209  __TI_printfi                      
ffffffff  __TI_prof_data_size               
ffffffff  __TI_prof_data_start              
00000000  __TI_static_base__                
00004359  __TI_zero_init                    
000033c3  __aeabi_cdcmpeq                   
000033c3  __aeabi_cdcmple                   
00003449  __aeabi_cdrcmple                  
00003c35  __aeabi_d2iz                      
0000231f  __aeabi_dadd                      
00002935  __aeabi_ddiv                      
00002ed7  __aeabi_dmul                      
00002315  __aeabi_dsub                      
000043a5  __aeabi_errno_addr                
00003e3f  __aeabi_f2d                       
00003fa1  __aeabi_i2d                       
00000c57  __aeabi_idiv0                     
00000c57  __aeabi_ldiv0                     
000035cb  __aeabi_memclr                    
000035cb  __aeabi_memclr4                   
000035cb  __aeabi_memclr8                   
0000320b  __aeabi_memcpy                    
0000320b  __aeabi_memcpy4                   
0000320b  __aeabi_memcpy8                   
000035cd  __aeabi_memset                    
000035cd  __aeabi_memset4                   
000035cd  __aeabi_memset8                   
000032a7  __aeabi_uldivmod                  
ffffffff  __binit__                         
ffffffff  __c_args__                        
UNDEFED   __mpu_init                        
20009098  __stack                           
00003ee1  _c_int00_noargs                   
000047dc  _ctypes_                          
UNDEFED   _system_post_cinit                
000043bd  _system_pre_init                  
000043c1  abort                             
00003a75  atoi                              
ffffffff  binit                             
0000411d  copysign                          
0000411d  copysignl                         
2000804c  errno                             
20009064  fifo                              
20008028  fifo_1                            
00000c91  fifo_get                          
2000802c  fifo_last                         
00000c59  fifo_put                          
000034d1  floorf                            
00003859  frexp                             
00003859  frexpl                            
20008050  gADCBuffer                        
20008044  gADCBufferIndex                   
20008048  gADCErrors                        
20009070  gADCSamplingRate                  
20008024  gButtons                          
20008034  gJoystick                         
20009074  gSystemClock                      
2000803c  gTime                             
00004c44  gVoltageScaleStr                  
00000000  g_pfnVectors                      
00004c58  g_psDefaultCodePointMapTable      
00004be0  g_sCrystalfontz128x128            
000048e0  g_sFontFixed6x8                   
000024d1  initADC                           
00002cc1  ldexp                             
00002cc1  ldexpl                            
20008040  load                              
2000907c  load1                             
000039cd  ltoa                              
000011f1  main                              
00004101  memccpy                           
0000320b  memcpy                            
000035d3  memset                            
000036b3  roundf                            
00002cc1  scalbn                            
00002cc1  scalbnl                           
20009080  scale                             
00003ac1  snprintf                          
000041c9  strchr                            
00004209  strlen                            
20009084  unload                            
00004289  wcslen                            


GLOBAL SYMBOLS: SORTED BY Symbol Address 

address   name                              
-------   ----                              
00000000  __TI_static_base__                
00000000  g_pfnVectors                      
00000209  __TI_printfi                      
00000800  __STACK_SIZE                      
00000c57  __aeabi_idiv0                     
00000c57  __aeabi_ldiv0                     
00000c59  fifo_put                          
00000c91  fifo_get                          
00000ce1  ButtonReadJoystick                
00000dc1  ButtonInit                        
00000fe9  ButtonDebounce                    
00001059  ButtonAutoRepeat                  
000010d9  ButtonISR                         
000011b3  GPIOPinRead                       
000011b9  CPULoad                           
000011f1  main                              
00001689  Crystalfontz128x128_SetOrientation
000016d1  Crystalfontz128x128_SetDrawFrame  
000019b1  Crystalfontz128x128_Init          
00001ce9  GrFontGlyphRender                 
00001f41  SysCtlClockFreqSet                
00002315  __aeabi_dsub                      
0000231f  __aeabi_dadd                      
000024cb  GPIOPinWrite                      
000024d1  initADC                           
00002589  RisingTrigger                     
000025d9  FallingTrigger                    
00002629  ADC_ISR                           
00002679  HAL_LCD_writeData                 
00002689  HAL_LCD_writeCommand              
000026d9  HAL_LCD_SpiInit                   
00002769  HAL_LCD_PortInit                  
00002935  __aeabi_ddiv                      
00002a6b  GPIOPadConfigSet                  
00002cc1  ldexp                             
00002cc1  ldexpl                            
00002cc1  scalbn                            
00002cc1  scalbnl                           
00002dd1  GrLineDraw                        
00002ed7  __aeabi_dmul                      
00002fd3  GrDefaultStringRenderer           
0000320b  __aeabi_memcpy                    
0000320b  __aeabi_memcpy4                   
0000320b  __aeabi_memcpy8                   
0000320b  memcpy                            
000032a7  __aeabi_uldivmod                  
0000333d  GrRectFill                        
000033c3  __aeabi_cdcmpeq                   
000033c3  __aeabi_cdcmple                   
00003449  __aeabi_cdrcmple                  
000034d1  floorf                            
00003551  ADCSequenceStepConfigure          
000035cb  __aeabi_memclr                    
000035cb  __aeabi_memclr4                   
000035cb  __aeabi_memclr8                   
000035cd  __aeabi_memset                    
000035cd  __aeabi_memset4                   
000035cd  __aeabi_memset8                   
000035d3  memset                            
000036b3  roundf                            
00003721  GrContextInit                     
00003789  IntEnable                         
000037f1  __TI_decompress_lzss              
00003859  frexp                             
00003859  frexpl                            
000038bd  TimerConfigure                    
000039cd  ltoa                              
00003a75  atoi                              
00003ac1  snprintf                          
00003b59  SysCtlFrequencyGet                
00003ba5  GPIOPinConfigure                  
00003c35  __aeabi_d2iz                      
00003c7d  GrLineDrawH                       
00003cc3  GrLineDrawV                       
00003d09  __TI_auto_init_nobinit_nopinit    
00003d4d  ADCSequenceConfigure              
00003dc9  SSIConfigSetExpClk                
00003e3f  __aeabi_f2d                       
00003ead  SysCtlPeripheralEnable            
00003ee1  _c_int00_noargs                   
00003f45  ADCIntStatus                      
00003f73  GrStringNextCharGet               
00003fa1  __aeabi_i2d                       
00003fcf  GPIODirModeSet                    
00003ff9  GrFontInfoGet                     
00004021  IntPrioritySet                    
00004045  GrFontGlyphDataGet                
00004067  PWMGenConfigure                   
00004089  ADCSequenceDataGet                
000040a7  GrFontCodepageGet                 
000040c5  PWMPulseWidthSet                  
00004101  memccpy                           
0000411d  copysign                          
0000411d  copysignl                         
00004139  ResetISR                          
00004153  ADCClockConfigSet                 
0000416b  ADCProcessorTrigger               
00004183  GPIOPinTypeGPIOOutput             
000041b3  GrStringDraw                      
000041c9  strchr                            
000041e1  PWMClockSet                       
000041f5  TimerDisable                      
00004209  strlen                            
0000421d  GPIOPinTypeADC                    
0000422f  GPIOPinTypeGPIOInput              
00004241  GPIOPinTypePWM                    
00004253  GPIOPinTypeSSI                    
00004265  PWMOutputState                    
00004277  TimerLoadSet                      
00004289  wcslen                            
0000429b  ADCIntEnable                      
000042ad  FPUEnable                         
000042bd  FPULazyStackingEnable             
000042cd  IntMasterDisable                  
000042dd  IntMasterEnable                   
000042ed  PWMGenPeriodSet                   
000042fd  ADCSequenceDisable                
0000430b  ADCSequenceEnable                 
00004319  TimerEnable                       
00004327  __TI_decompress_none              
00004335  CPUcpsid                          
00004341  CPUcpsie                          
0000434d  PWMGenEnable                      
00004359  __TI_zero_init                    
00004365  ADCIntClear                       
0000436f  SSIDataPut                        
00004379  SSIEnable                         
00004383  TimerIntStatus                    
0000438d  GrMapISO8859_1_Unicode            
00004395  SSIBusy                           
0000439d  TimerIntEnable                    
000043a5  __aeabi_errno_addr                
000043ad  GrContextFontSet                  
000043b3  SysCtlDelay                       
000043b9  TimerIntClear                     
000043bd  _system_pre_init                  
000043c1  C$$EXIT                           
000043c1  abort                             
000047dc  _ctypes_                          
000048e0  g_sFontFixed6x8                   
00004be0  g_sCrystalfontz128x128            
00004c44  gVoltageScaleStr                  
00004c58  g_psDefaultCodePointMapTable      
00004c88  __TI_Handler_Table_Base           
00004c94  __TI_Handler_Table_Limit          
00004ca0  __TI_CINIT_Base                   
00004cb0  __TI_CINIT_Limit                  
20000000  Lcd_buffer                        
20008024  gButtons                          
20008028  fifo_1                            
2000802c  fifo_last                         
20008034  gJoystick                         
2000803c  gTime                             
20008040  load                              
20008044  gADCBufferIndex                   
20008048  gADCErrors                        
2000804c  errno                             
20008050  gADCBuffer                        
20009064  fifo                              
20009070  gADCSamplingRate                  
20009074  gSystemClock                      
2000907c  load1                             
20009080  scale                             
20009084  unload                            
20009088  Lcd_ScreenHeigth                  
2000908a  Lcd_ScreenWidth                   
2000908c  Lcd_TouchTrim                     
2000908e  Lcd_FlagRead                      
2000908f  Lcd_FontSolid                     
20009090  Lcd_Orientation                   
20009091  Lcd_PenSolid                      
20009098  __stack                           
20009298  __STACK_TOP                       
20009898  __STACK_END                       
ffffffff  __TI_pprof_out_hndl               
ffffffff  __TI_prof_data_size               
ffffffff  __TI_prof_data_start              
ffffffff  __binit__                         
ffffffff  __c_args__                        
ffffffff  binit                             
UNDEFED   __mpu_init                        
UNDEFED   _system_post_cinit                

[182 symbols]
