******************************************************************************
                  TI ARM Linker PC v18.12.4                    
******************************************************************************
>> Linked Fri Mar 26 16:00:58 2021

OUTPUT FILE NAME:   <Lab 0 Stopwatch.out>
ENTRY POINT SYMBOL: "_c_int00_noargs"  address: 00003679


MEMORY CONFIGURATION

         name            origin    length      used     unused   attr    fill
----------------------  --------  ---------  --------  --------  ----  --------
  FLASH                 00000000   00100000  00004352  000fbcae  R  X
  SRAM                  20000000   00040000  00008866  0003779a  RW X


SEGMENT ALLOCATION MAP

run origin  load origin   length   init length attrs members
----------  ----------- ---------- ----------- ----- -------
00000000    00000000    00004358   00004358    r-x
  00000000    00000000    00000208   00000208    r-- .intvecs
  00000208    00000208    000038b6   000038b6    r-x .text
  00003ac0    00003ac0    0000085c   0000085c    r-- .const
  00004320    00004320    00000038   00000038    r-- .cinit
20000000    20000000    0000886a   00000000    rw-
  20000000    20000000    0000803c   00000000    rw- .data
  20008040    20008040    00000800   00000000    rw- .stack
  20008840    20008840    0000002a   00000000    rw- .bss


SECTION ALLOCATION MAP

 output                                  attributes/
section   page    origin      length       input sections
--------  ----  ----------  ----------   ----------------
.intvecs   0    00000000    00000208     
                  00000000    00000208     tm4c1294ncpdt_startup_ccs.obj (.intvecs)

.text      0    00000208    000038b6     
                  00000208    00000a4e     rtsv7M4_T_le_v4SPD16_eabi.lib : _printfi.c.obj (.text:__TI_printfi)
                  00000c56    00000002                                   : div0.asm.obj (.text)
                  00000c58    0000048a     buttons.obj (.text)
                  000010e2    00000006     driverlib.lib : gpio.obj (.text:GPIOPinRead)
                  000010e8    000003f0     Crystalfontz128x128_ST7735.obj (.text)
                  000014d8    00000270     rtsv7M4_T_le_v4SPD16_eabi.lib : _printfi.c.obj (.text:_pconv_a)
                  00001748    00000256     grlib.lib : string.obj (.text:GrFontGlyphRender)
                  0000199e    00000002     --HOLE-- [fill = 0]
                  000019a0    00000204     driverlib.lib : sysctl.obj (.text:SysCtlClockFreqSet)
                  00001ba4    000001d0     rtsv7M4_T_le_v4SPD16_eabi.lib : _printfi.c.obj (.text:_pconv_g)
                  00001d74    000001b6                                   : fd_add_t2.asm.obj (.text)
                  00001f2a    00000006     driverlib.lib : gpio.obj (.text:GPIOPinWrite)
                  00001f30    000001a0     main.obj (.text)
                  000020d0    0000017e     HAL_EK_TM4C1294XL_Crystalfontz128x128_ST7735.obj (.text)
                  0000224e    00000002     --HOLE-- [fill = 0]
                  00002250    0000013c     rtsv7M4_T_le_v4SPD16_eabi.lib : _printfi.c.obj (.text:_pconv_e)
                  0000238c    00000136                                   : fd_div_t2.asm.obj (.text)
                  000024c2    00000130     driverlib.lib : gpio.obj (.text:GPIOPadConfigSet)
                  000025f2    00000002     --HOLE-- [fill = 0]
                  000025f4    00000124     rtsv7M4_T_le_v4SPD16_eabi.lib : _printfi.c.obj (.text:fcvt)
                  00002718    00000110                                   : s_scalbn.c.obj (.text:scalbn)
                  00002828    000000fc                                   : fd_mul_t2.asm.obj (.text)
                  00002924    000000c4     grlib.lib : string.obj (.text:GrDefaultStringRenderer)
                  000029e8    000000b1     rtsv7M4_T_le_v4SPD16_eabi.lib : _printfi.c.obj (.text:_ltostr)
                  00002a99    00000001     --HOLE-- [fill = 0]
                  00002a9a    0000009c                                   : memcpy_t2.asm.obj (.text)
                  00002b36    00000096                                   : ull_div_t2.asm.obj (.text)
                  00002bcc    00000086     grlib.lib : rectangle.obj (.text:GrRectFill)
                  00002c52    00000086     rtsv7M4_T_le_v4SPD16_eabi.lib : fd_cmp_t2.asm.obj (.text:__aeabi_cdcmple)
                  00002cd8    00000086                                   : fd_cmp_t2.asm.obj (.text:__aeabi_cdrcmple)
                  00002d5e    00000002     --HOLE-- [fill = 0]
                  00002d60    00000080                                   : s_floorf.c.obj (.text:floorf)
                  00002de0    0000007a     driverlib.lib : adc.obj (.text:ADCSequenceStepConfigure)
                  00002e5a    0000007a     rtsv7M4_T_le_v4SPD16_eabi.lib : memset_t2.asm.obj (.text)
                  00002ed4    0000006e                                   : _printfi.c.obj (.text:_mcpy)
                  00002f42    0000006e                                   : s_roundf.c.obj (.text:roundf)
                  00002fb0    00000068     grlib.lib : context.obj (.text:GrContextInit)
                  00003018    00000068     driverlib.lib : interrupt.obj (.text:IntEnable)
                  00003080    00000068     rtsv7M4_T_le_v4SPD16_eabi.lib : copy_decompress_lzss.c.obj (.text:decompress:lzss:__TI_decompress_lzss)
                  000030e8    00000064                                   : s_frexp.c.obj (.text:frexp)
                  0000314c    00000060     driverlib.lib : timer.obj (.text:TimerConfigure)
                  000031ac    0000005a     grlib.lib : string.obj (.text:FontWideGlyphDataGet)
                  00003206    00000056     rtsv7M4_T_le_v4SPD16_eabi.lib : _printfi.c.obj (.text:_pconv_f)
                  0000325c    00000054                                   : ltoa.c.obj (.text:ltoa)
                  000032b0    00000052                                   : _printfi.c.obj (.text:_ecpy)
                  00003302    00000002     --HOLE-- [fill = 0]
                  00003304    0000004c                                   : atoi.c.obj (.text:atoi)
                  00003350    0000004c                                   : snprintf.c.obj (.text:snprintf)
                  0000339c    0000004a     grlib.lib : string.obj (.text:UpdateContextCharMapping)
                  000033e6    00000002     --HOLE-- [fill = 0]
                  000033e8    0000004a     sysctl_pll.obj (.text)
                  00003432    00000002     --HOLE-- [fill = 0]
                  00003434    00000048     driverlib.lib : gpio.obj (.text:GPIOPinConfigure)
                  0000347c    00000048                   : sysctl.obj (.text:_SysCtlFrequencyGet)
                  000034c4    00000048     rtsv7M4_T_le_v4SPD16_eabi.lib : fd_toi_t2.asm.obj (.text)
                  0000350c    00000044                                   : autoinit.c.obj (.text:__TI_auto_init_nobinit_nopinit:__TI_auto_init_nobinit_nopinit)
                  00003550    0000003e     driverlib.lib : adc.obj (.text:ADCSequenceConfigure)
                  0000358e    0000003e     rtsv7M4_T_le_v4SPD16_eabi.lib : _printfi.c.obj (.text:_fcpy)
                  000035cc    0000003c     driverlib.lib : ssi.obj (.text:SSIConfigSetExpClk)
                  00003608    0000003a     grlib.lib : string.obj (.text:FontGlyphDataGet)
                  00003642    00000002     --HOLE-- [fill = 0]
                  00003644    00000034     driverlib.lib : sysctl.obj (.text:SysCtlPeripheralEnable)
                  00003678    00000034     rtsv7M4_T_le_v4SPD16_eabi.lib : boot_cortex_m.c.obj (.text:_c_int00_noargs:_c_int00_noargs)
                  000036ac    00000030                                   : snprintf.c.obj (.text:_outs)
                  000036dc    0000002e     driverlib.lib : adc.obj (.text:ADCIntStatus)
                  0000370a    0000002e     grlib.lib : string.obj (.text:GrStringNextCharGet)
                  00003738    0000002e     rtsv7M4_T_le_v4SPD16_eabi.lib : i_tofd_t2.asm.obj (.text)
                  00003766    0000002a     driverlib.lib : gpio.obj (.text:GPIODirModeSet)
                  00003790    00000026     grlib.lib : string.obj (.text:GrFontInfoGet)
                  000037b6    00000002     --HOLE-- [fill = 0]
                  000037b8    00000024     driverlib.lib : interrupt.obj (.text:IntPrioritySet)
                  000037dc    00000022     grlib.lib : string.obj (.text:GrFontGlyphDataGet)
                  000037fe    0000001e     driverlib.lib : adc.obj (.text:ADCSequenceDataGet)
                  0000381c    0000001e     grlib.lib : string.obj (.text:GrFontCodepageGet)
                  0000383a    00000002     --HOLE-- [fill = 0]
                  0000383c    0000001c     driverlib.lib : sysctl.obj (.text:_SysCtlMemTimingGet)
                  00003858    0000001c     rtsv7M4_T_le_v4SPD16_eabi.lib : copy_zero_init.c.obj (.text:decompress:ZI:__TI_zero_init_nomemset:__TI_zero_init_nomemset)
                  00003874    0000001c                                   : memccpy.c.obj (.text:memccpy)
                  00003890    0000001a                                   : s_copysign.c.obj (.text:copysign)
                  000038aa    00000006     grlib.lib : string.obj (.text:GrContextFontSet)
                  000038b0    0000001a     tm4c1294ncpdt_startup_ccs.obj (.text)
                  000038ca    00000018     driverlib.lib : adc.obj (.text:ADCClockConfigSet)
                  000038e2    00000018                   : adc.obj (.text:ADCProcessorTrigger)
                  000038fa    00000018                   : gpio.obj (.text:GPIOPinTypeGPIOOutput)
                  00003912    00000018     rtsv7M4_T_le_v4SPD16_eabi.lib : snprintf.c.obj (.text:_outc)
                  0000392a    00000016     grlib.lib : string.obj (.text:GrStringDraw)
                  00003940    00000016     rtsv7M4_T_le_v4SPD16_eabi.lib : strchr.c.obj (.text:strchr)
                  00003956    00000002     --HOLE-- [fill = 0]
                  00003958    00000014     driverlib.lib : timer.obj (.text:TimerDisable)
                  0000396c    00000014     rtsv7M4_T_le_v4SPD16_eabi.lib : strlen.c.obj (.text:strlen)
                  00003980    00000012     driverlib.lib : gpio.obj (.text:GPIOPinTypeADC)
                  00003992    00000012                   : gpio.obj (.text:GPIOPinTypeGPIOInput)
                  000039a4    00000012                   : gpio.obj (.text:GPIOPinTypeSSI)
                  000039b6    00000012                   : timer.obj (.text:TimerLoadSet)
                  000039c8    00000012     rtsv7M4_T_le_v4SPD16_eabi.lib : wcslen.c.obj (.text:wcslen)
                  000039da    00000002     --HOLE-- [fill = 0]
                  000039dc    00000010     driverlib.lib : fpu.obj (.text:FPUEnable)
                  000039ec    00000010                   : fpu.obj (.text:FPULazyStackingEnable)
                  000039fc    00000010                   : interrupt.obj (.text:IntMasterDisable)
                  00003a0c    00000010                   : interrupt.obj (.text:IntMasterEnable)
                  00003a1c    0000000e                   : adc.obj (.text:ADCSequenceDisable)
                  00003a2a    0000000e                   : adc.obj (.text:ADCSequenceEnable)
                  00003a38    0000000e                   : timer.obj (.text:TimerEnable)
                  00003a46    0000000e     rtsv7M4_T_le_v4SPD16_eabi.lib : copy_decompress_none.c.obj (.text:decompress:none:__TI_decompress_none)
                  00003a54    0000000c     driverlib.lib : cpu.obj (.text:CPUcpsid)
                  00003a60    0000000c                   : cpu.obj (.text:CPUcpsie)
                  00003a6c    0000000a                   : adc.obj (.text:ADCIntClear)
                  00003a76    0000000a                   : ssi.obj (.text:SSIDataPut)
                  00003a80    0000000a                   : ssi.obj (.text:SSIEnable)
                  00003a8a    00000008     grlib.lib : charmap.obj (.text:GrMapISO8859_1_Unicode)
                  00003a92    00000008     driverlib.lib : ssi.obj (.text:SSIBusy)
                  00003a9a    00000008                   : timer.obj (.text:TimerIntEnable)
                  00003aa2    00000002     --HOLE-- [fill = 0]
                  00003aa4    00000008     rtsv7M4_T_le_v4SPD16_eabi.lib : errno.c.obj (.text:__aeabi_errno_addr)
                  00003aac    00000006     driverlib.lib : sysctl.obj (.text:SysCtlDelay)
                  00003ab2    00000004                   : timer.obj (.text:TimerIntClear)
                  00003ab6    00000004     rtsv7M4_T_le_v4SPD16_eabi.lib : pre_init.c.obj (.text:_system_pre_init)
                  00003aba    00000004                                   : exit.c.obj (.text:abort:abort)

.const     0    00003ac0    0000085c     
                  00003ac0    000002f8     grlib.lib : fontfixed6x8.obj (.const:.string:g_pui8FontFixed6x8Data)
                  00003db8    00000120     driverlib.lib : sysctl.obj (.const:g_pppui32XTALtoVCO)
                  00003ed8    00000101     rtsv7M4_T_le_v4SPD16_eabi.lib : ctype.c.obj (.const:.string:_ctypes_)
                  00003fd9    00000003     --HOLE-- [fill = 0]
                  00003fdc    000000c8     grlib.lib : fontfixed6x8.obj (.const:g_sFontFixed6x8)
                  000040a4    0000009c     driverlib.lib : interrupt.obj (.const:g_pui32Regs)
                  00004140    00000090                   : gpio.obj (.const:g_pui32GPIOBaseAddrs)
                  000041d0    00000070                   : interrupt.obj (.const)
                  00004240    0000006c                   : sysctl.obj (.const:g_pui32Xtals)
                  000042ac    00000030                   : sysctl.obj (.const:g_sXTALtoMEMTIM)
                  000042dc    00000028     Crystalfontz128x128_ST7735.obj (.const:g_sCrystalfontz128x128)
                  00004304    00000010     grlib.lib : context.obj (.const)
                  00004314    00000008     driverlib.lib : sysctl.obj (.const)

.cinit     0    00004320    00000038     
                  00004320    00000014     (.cinit..data.load) [load image, compression = lzss]
                  00004334    0000000c     (__TI_handler_table)
                  00004340    00000008     (.cinit..bss.load) [load image, compression = zero_init]
                  00004348    00000010     (__TI_cinit_table)

.init_array 
*          0    00000000    00000000     UNINITIALIZED

.data      0    20000000    0000803c     UNINITIALIZED
                  20000000    00008000     Crystalfontz128x128_ST7735.obj (.data:Lcd_buffer)
                  20008000    00000024     buttons.obj (.data:count$2)
                  20008024    00000008     buttons.obj (.data:gJoystick)
                  2000802c    00000006     buttons.obj (.data)
                  20008032    00000002     --HOLE--
                  20008034    00000004     main.obj (.data)
                  20008038    00000004     rtsv7M4_T_le_v4SPD16_eabi.lib : errno.c.obj (.data)

.bss       0    20008840    0000002a     UNINITIALIZED
                  20008840    00000014     buttons.obj (.bss:state$1)
                  20008854    00000004     (.common:gADCSamplingRate)
                  20008858    00000004     (.common:gSystemClock)
                  2000885c    00000004     (.common:g_psGrLibDefaults)
                  20008860    00000002     (.common:Lcd_ScreenHeigth)
                  20008862    00000002     (.common:Lcd_ScreenWidth)
                  20008864    00000002     (.common:Lcd_TouchTrim)
                  20008866    00000001     (.common:Lcd_FlagRead)
                  20008867    00000001     (.common:Lcd_FontSolid)
                  20008868    00000001     (.common:Lcd_Orientation)
                  20008869    00000001     (.common:Lcd_PenSolid)

.stack     0    20008040    00000800     UNINITIALIZED
                  20008040    00000004     rtsv7M4_T_le_v4SPD16_eabi.lib : boot_cortex_m.c.obj (.stack)
                  20008044    000007fc     --HOLE--

MODULE SUMMARY

       Module                                             code    ro data   rw data
       ------                                             ----    -------   -------
    .\
       Crystalfontz128x128_ST7735.obj                     1008    40        32778  
       buttons.obj                                        1162    0         74     
       tm4c1294ncpdt_startup_ccs.obj                      26      520       0      
       main.obj                                           416     0         8      
       HAL_EK_TM4C1294XL_Crystalfontz128x128_ST7735.obj   382     0         0      
       sysctl_pll.obj                                     74      0         0      
    +--+--------------------------------------------------+-------+---------+---------+
       Total:                                             3068    560       32860  
                                                                                   
    C:/ti/tirtos_tivac_2_16_01_14/products/TivaWare_C_Series-2.1.1.71b/driverlib/ccs/Debug/driverlib.lib
       sysctl.obj                                         674     452       0      
       gpio.obj                                           508     144       0      
       interrupt.obj                                      172     268       0      
       adc.obj                                            346     0         0      
       timer.obj                                          160     0         0      
       ssi.obj                                            88      0         0      
       fpu.obj                                            32      0         0      
       cpu.obj                                            24      0         0      
    +--+--------------------------------------------------+-------+---------+---------+
       Total:                                             2004    864       0      
                                                                                   
    C:/ti/tirtos_tivac_2_16_01_14/products/TivaWare_C_Series-2.1.1.71b/grlib/ccs/Debug/grlib.lib
       string.obj                                         1192    0         0      
       fontfixed6x8.obj                                   0       960       0      
       rectangle.obj                                      134     0         0      
       context.obj                                        104     16        4      
       charmap.obj                                        8       0         0      
    +--+--------------------------------------------------+-------+---------+---------+
       Total:                                             1438    976       4      
                                                                                   
    E:\ti\ccs930\ccs\tools\compiler\ti-cgt-arm_18.12.4.LTS\lib\rtsv7M4_T_le_v4SPD16_eabi.lib
       _printfi.c.obj                                     4851    0         0      
       fd_add_t2.asm.obj                                  438     0         0      
       fd_div_t2.asm.obj                                  310     0         0      
       s_scalbn.c.obj                                     272     0         0      
       fd_cmp_t2.asm.obj                                  268     0         0      
       ctype.c.obj                                        0       257       0      
       fd_mul_t2.asm.obj                                  252     0         0      
       memcpy_t2.asm.obj                                  156     0         0      
       ull_div_t2.asm.obj                                 150     0         0      
       snprintf.c.obj                                     148     0         0      
       s_floorf.c.obj                                     128     0         0      
       memset_t2.asm.obj                                  122     0         0      
       s_roundf.c.obj                                     110     0         0      
       copy_decompress_lzss.c.obj                         104     0         0      
       s_frexp.c.obj                                      100     0         0      
       ltoa.c.obj                                         84      0         0      
       atoi.c.obj                                         76      0         0      
       fd_toi_t2.asm.obj                                  72      0         0      
       autoinit.c.obj                                     68      0         0      
       boot_cortex_m.c.obj                                52      0         0      
       i_tofd_t2.asm.obj                                  46      0         0      
       copy_zero_init.c.obj                               28      0         0      
       memccpy.c.obj                                      28      0         0      
       s_copysign.c.obj                                   26      0         0      
       strchr.c.obj                                       22      0         0      
       strlen.c.obj                                       20      0         0      
       wcslen.c.obj                                       18      0         0      
       copy_decompress_none.c.obj                         14      0         0      
       errno.c.obj                                        8       0         4      
       exit.c.obj                                         4       0         0      
       pre_init.c.obj                                     4       0         0      
       div0.asm.obj                                       2       0         0      
    +--+--------------------------------------------------+-------+---------+---------+
       Total:                                             7981    257       4      
                                                                                   
       Stack:                                             0       0         2048   
       Linker Generated:                                  0       56        0      
    +--+--------------------------------------------------+-------+---------+---------+
       Grand Total:                                       14491   2713      34916  


LINKER GENERATED COPY TABLES

__TI_cinit_table @ 00004348 records: 2, size/record: 8, table size: 16
	.data: load addr=00004320, load size=00000014 bytes, run addr=20000000, run size=0000803c bytes, compression=lzss
	.bss: load addr=00004340, load size=00000008 bytes, run addr=20008840, run size=0000002a bytes, compression=zero_init


LINKER GENERATED HANDLER TABLE

__TI_handler_table @ 00004334 records: 3, size/record: 4, table size: 12
	index: 0, handler: __TI_decompress_lzss
	index: 1, handler: __TI_decompress_none
	index: 2, handler: __TI_zero_init


GLOBAL SYMBOLS: SORTED ALPHABETICALLY BY Name 

address   name                              
-------   ----                              
000038cb  ADCClockConfigSet                 
00003a6d  ADCIntClear                       
000036dd  ADCIntStatus                      
000038e3  ADCProcessorTrigger               
00003551  ADCSequenceConfigure              
000037ff  ADCSequenceDataGet                
00003a1d  ADCSequenceDisable                
00003a2b  ADCSequenceEnable                 
00002de1  ADCSequenceStepConfigure          
00000f89  ButtonAutoRepeat                  
00000f19  ButtonDebounce                    
00001009  ButtonISR                         
00000d39  ButtonInit                        
00000c59  ButtonReadJoystick                
00003abb  C$$EXIT                           
00003a55  CPUcpsid                          
00003a61  CPUcpsie                          
00001411  Crystalfontz128x128_Init          
00001131  Crystalfontz128x128_SetDrawFrame  
000010e9  Crystalfontz128x128_SetOrientation
000039dd  FPUEnable                         
000039ed  FPULazyStackingEnable             
00003767  GPIODirModeSet                    
000024c3  GPIOPadConfigSet                  
00003435  GPIOPinConfigure                  
000010e3  GPIOPinRead                       
00003981  GPIOPinTypeADC                    
00003993  GPIOPinTypeGPIOInput              
000038fb  GPIOPinTypeGPIOOutput             
000039a5  GPIOPinTypeSSI                    
00001f2b  GPIOPinWrite                      
000038ab  GrContextFontSet                  
00002fb1  GrContextInit                     
00002925  GrDefaultStringRenderer           
0000381d  GrFontCodepageGet                 
000037dd  GrFontGlyphDataGet                
00001749  GrFontGlyphRender                 
00003791  GrFontInfoGet                     
00003a8b  GrMapISO8859_1_Unicode            
00002bcd  GrRectFill                        
0000392b  GrStringDraw                      
0000370b  GrStringNextCharGet               
000021c1  HAL_LCD_PortInit                  
00002131  HAL_LCD_SpiInit                   
000020e1  HAL_LCD_writeCommand              
000020d1  HAL_LCD_writeData                 
00003019  IntEnable                         
000039fd  IntMasterDisable                  
00003a0d  IntMasterEnable                   
000037b9  IntPrioritySet                    
20008866  Lcd_FlagRead                      
20008867  Lcd_FontSolid                     
20008868  Lcd_Orientation                   
20008869  Lcd_PenSolid                      
20008860  Lcd_ScreenHeigth                  
20008862  Lcd_ScreenWidth                   
20008864  Lcd_TouchTrim                     
20000000  Lcd_buffer                        
000038b1  ResetISR                          
00003a93  SSIBusy                           
000035cd  SSIConfigSetExpClk                
00003a77  SSIDataPut                        
00003a81  SSIEnable                         
000019a1  SysCtlClockFreqSet                
00003aad  SysCtlDelay                       
000033e9  SysCtlFrequencyGet                
00003645  SysCtlPeripheralEnable            
0000314d  TimerConfigure                    
00003959  TimerDisable                      
00003a39  TimerEnable                       
00003ab3  TimerIntClear                     
00003a9b  TimerIntEnable                    
000039b7  TimerLoadSet                      
20008840  __STACK_END                       
00000800  __STACK_SIZE                      
20008240  __STACK_TOP                       
00004348  __TI_CINIT_Base                   
00004358  __TI_CINIT_Limit                  
00004334  __TI_Handler_Table_Base           
00004340  __TI_Handler_Table_Limit          
0000350d  __TI_auto_init_nobinit_nopinit    
00003081  __TI_decompress_lzss              
00003a47  __TI_decompress_none              
ffffffff  __TI_pprof_out_hndl               
00000209  __TI_printfi                      
ffffffff  __TI_prof_data_size               
ffffffff  __TI_prof_data_start              
00000000  __TI_static_base__                
00003859  __TI_zero_init_nomemset           
00002c53  __aeabi_cdcmpeq                   
00002c53  __aeabi_cdcmple                   
00002cd9  __aeabi_cdrcmple                  
000034c5  __aeabi_d2iz                      
00001d7f  __aeabi_dadd                      
0000238d  __aeabi_ddiv                      
00002829  __aeabi_dmul                      
00001d75  __aeabi_dsub                      
00003aa5  __aeabi_errno_addr                
00003739  __aeabi_i2d                       
00000c57  __aeabi_idiv0                     
00000c57  __aeabi_ldiv0                     
00002e5b  __aeabi_memclr                    
00002e5b  __aeabi_memclr4                   
00002e5b  __aeabi_memclr8                   
00002a9b  __aeabi_memcpy                    
00002a9b  __aeabi_memcpy4                   
00002a9b  __aeabi_memcpy8                   
00002e5d  __aeabi_memset                    
00002e5d  __aeabi_memset4                   
00002e5d  __aeabi_memset8                   
00002b37  __aeabi_uldivmod                  
ffffffff  __binit__                         
ffffffff  __c_args__                        
UNDEFED   __mpu_init                        
20008040  __stack                           
00003679  _c_int00_noargs                   
00003ed8  _ctypes_                          
UNDEFED   _system_post_cinit                
00003ab7  _system_pre_init                  
00003abb  abort                             
00003305  atoi                              
ffffffff  binit                             
00003891  copysign                          
00003891  copysignl                         
20008038  errno                             
00002d61  floorf                            
000030e9  frexp                             
000030e9  frexpl                            
20008854  gADCSamplingRate                  
2000802c  gButtons                          
20008024  gJoystick                         
20008858  gSystemClock                      
20008034  gTime                             
00000000  g_pfnVectors                      
00004304  g_psDefaultCodePointMapTable      
000042dc  g_sCrystalfontz128x128            
00003fdc  g_sFontFixed6x8                   
00002719  ldexp                             
00002719  ldexpl                            
0000325d  ltoa                              
00001f31  main                              
00003875  memccpy                           
00002a9b  memcpy                            
00002e63  memset                            
00002f43  roundf                            
00002719  scalbn                            
00002719  scalbnl                           
00003351  snprintf                          
00003941  strchr                            
0000396d  strlen                            
000039c9  wcslen                            


GLOBAL SYMBOLS: SORTED BY Symbol Address 

address   name                              
-------   ----                              
00000000  __TI_static_base__                
00000000  g_pfnVectors                      
00000209  __TI_printfi                      
00000800  __STACK_SIZE                      
00000c57  __aeabi_idiv0                     
00000c57  __aeabi_ldiv0                     
00000c59  ButtonReadJoystick                
00000d39  ButtonInit                        
00000f19  ButtonDebounce                    
00000f89  ButtonAutoRepeat                  
00001009  ButtonISR                         
000010e3  GPIOPinRead                       
000010e9  Crystalfontz128x128_SetOrientation
00001131  Crystalfontz128x128_SetDrawFrame  
00001411  Crystalfontz128x128_Init          
00001749  GrFontGlyphRender                 
000019a1  SysCtlClockFreqSet                
00001d75  __aeabi_dsub                      
00001d7f  __aeabi_dadd                      
00001f2b  GPIOPinWrite                      
00001f31  main                              
000020d1  HAL_LCD_writeData                 
000020e1  HAL_LCD_writeCommand              
00002131  HAL_LCD_SpiInit                   
000021c1  HAL_LCD_PortInit                  
0000238d  __aeabi_ddiv                      
000024c3  GPIOPadConfigSet                  
00002719  ldexp                             
00002719  ldexpl                            
00002719  scalbn                            
00002719  scalbnl                           
00002829  __aeabi_dmul                      
00002925  GrDefaultStringRenderer           
00002a9b  __aeabi_memcpy                    
00002a9b  __aeabi_memcpy4                   
00002a9b  __aeabi_memcpy8                   
00002a9b  memcpy                            
00002b37  __aeabi_uldivmod                  
00002bcd  GrRectFill                        
00002c53  __aeabi_cdcmpeq                   
00002c53  __aeabi_cdcmple                   
00002cd9  __aeabi_cdrcmple                  
00002d61  floorf                            
00002de1  ADCSequenceStepConfigure          
00002e5b  __aeabi_memclr                    
00002e5b  __aeabi_memclr4                   
00002e5b  __aeabi_memclr8                   
00002e5d  __aeabi_memset                    
00002e5d  __aeabi_memset4                   
00002e5d  __aeabi_memset8                   
00002e63  memset                            
00002f43  roundf                            
00002fb1  GrContextInit                     
00003019  IntEnable                         
00003081  __TI_decompress_lzss              
000030e9  frexp                             
000030e9  frexpl                            
0000314d  TimerConfigure                    
0000325d  ltoa                              
00003305  atoi                              
00003351  snprintf                          
000033e9  SysCtlFrequencyGet                
00003435  GPIOPinConfigure                  
000034c5  __aeabi_d2iz                      
0000350d  __TI_auto_init_nobinit_nopinit    
00003551  ADCSequenceConfigure              
000035cd  SSIConfigSetExpClk                
00003645  SysCtlPeripheralEnable            
00003679  _c_int00_noargs                   
000036dd  ADCIntStatus                      
0000370b  GrStringNextCharGet               
00003739  __aeabi_i2d                       
00003767  GPIODirModeSet                    
00003791  GrFontInfoGet                     
000037b9  IntPrioritySet                    
000037dd  GrFontGlyphDataGet                
000037ff  ADCSequenceDataGet                
0000381d  GrFontCodepageGet                 
00003859  __TI_zero_init_nomemset           
00003875  memccpy                           
00003891  copysign                          
00003891  copysignl                         
000038ab  GrContextFontSet                  
000038b1  ResetISR                          
000038cb  ADCClockConfigSet                 
000038e3  ADCProcessorTrigger               
000038fb  GPIOPinTypeGPIOOutput             
0000392b  GrStringDraw                      
00003941  strchr                            
00003959  TimerDisable                      
0000396d  strlen                            
00003981  GPIOPinTypeADC                    
00003993  GPIOPinTypeGPIOInput              
000039a5  GPIOPinTypeSSI                    
000039b7  TimerLoadSet                      
000039c9  wcslen                            
000039dd  FPUEnable                         
000039ed  FPULazyStackingEnable             
000039fd  IntMasterDisable                  
00003a0d  IntMasterEnable                   
00003a1d  ADCSequenceDisable                
00003a2b  ADCSequenceEnable                 
00003a39  TimerEnable                       
00003a47  __TI_decompress_none              
00003a55  CPUcpsid                          
00003a61  CPUcpsie                          
00003a6d  ADCIntClear                       
00003a77  SSIDataPut                        
00003a81  SSIEnable                         
00003a8b  GrMapISO8859_1_Unicode            
00003a93  SSIBusy                           
00003a9b  TimerIntEnable                    
00003aa5  __aeabi_errno_addr                
00003aad  SysCtlDelay                       
00003ab3  TimerIntClear                     
00003ab7  _system_pre_init                  
00003abb  C$$EXIT                           
00003abb  abort                             
00003ed8  _ctypes_                          
00003fdc  g_sFontFixed6x8                   
000042dc  g_sCrystalfontz128x128            
00004304  g_psDefaultCodePointMapTable      
00004334  __TI_Handler_Table_Base           
00004340  __TI_Handler_Table_Limit          
00004348  __TI_CINIT_Base                   
00004358  __TI_CINIT_Limit                  
20000000  Lcd_buffer                        
20008024  gJoystick                         
2000802c  gButtons                          
20008034  gTime                             
20008038  errno                             
20008040  __stack                           
20008240  __STACK_TOP                       
20008840  __STACK_END                       
20008854  gADCSamplingRate                  
20008858  gSystemClock                      
20008860  Lcd_ScreenHeigth                  
20008862  Lcd_ScreenWidth                   
20008864  Lcd_TouchTrim                     
20008866  Lcd_FlagRead                      
20008867  Lcd_FontSolid                     
20008868  Lcd_Orientation                   
20008869  Lcd_PenSolid                      
ffffffff  __TI_pprof_out_hndl               
ffffffff  __TI_prof_data_size               
ffffffff  __TI_prof_data_start              
ffffffff  __binit__                         
ffffffff  __c_args__                        
ffffffff  binit                             
UNDEFED   __mpu_init                        
UNDEFED   _system_post_cinit                

[151 symbols]
