******************************************************************************
                  TI ARM Linker PC v18.12.4                    
******************************************************************************
>> Linked Thu Mar 25 16:42:13 2021

OUTPUT FILE NAME:   <Lab 0 Stopwatch.out>
ENTRY POINT SYMBOL: "_c_int00_noargs"  address: 00003661


MEMORY CONFIGURATION

         name            origin    length      used     unused   attr    fill
----------------------  --------  ---------  --------  --------  ----  --------
  FLASH                 00000000   00100000  0000433a  000fbcc6  R  X
  SRAM                  20000000   00040000  00008866  0003779a  RW X


SEGMENT ALLOCATION MAP

run origin  load origin   length   init length attrs members
----------  ----------- ---------- ----------- ----- -------
00000000    00000000    00004340   00004340    r-x
  00000000    00000000    00000208   00000208    r-- .intvecs
  00000208    00000208    0000389e   0000389e    r-x .text
  00003aa8    00003aa8    0000085c   0000085c    r-- .const
  00004308    00004308    00000038   00000038    r-- .cinit
20000000    20000000    0000886a   00000000    rw-
  20000000    20000000    0000803c   00000000    rw- .data
  20008040    20008040    00000800   00000000    rw- .stack
  20008840    20008840    0000002a   00000000    rw- .bss


SECTION ALLOCATION MAP

 output                                  attributes/
section   page    origin      length       input sections
--------  ----  ----------  ----------   ----------------
.intvecs   0    00000000    00000208     
                  00000000    00000208     tm4c1294ncpdt_startup_ccs.obj (.intvecs)

.text      0    00000208    0000389e     
                  00000208    00000a4e     rtsv7M4_T_le_v4SPD16_eabi.lib : _printfi.c.obj (.text:__TI_printfi)
                  00000c56    00000002                                   : div0.asm.obj (.text)
                  00000c58    00000472     buttons.obj (.text)
                  000010ca    00000006     driverlib.lib : gpio.obj (.text:GPIOPinRead)
                  000010d0    000003f0     Crystalfontz128x128_ST7735.obj (.text)
                  000014c0    00000270     rtsv7M4_T_le_v4SPD16_eabi.lib : _printfi.c.obj (.text:_pconv_a)
                  00001730    00000256     grlib.lib : string.obj (.text:GrFontGlyphRender)
                  00001986    00000002     --HOLE-- [fill = 0]
                  00001988    00000204     driverlib.lib : sysctl.obj (.text:SysCtlClockFreqSet)
                  00001b8c    000001d0     rtsv7M4_T_le_v4SPD16_eabi.lib : _printfi.c.obj (.text:_pconv_g)
                  00001d5c    000001b6                                   : fd_add_t2.asm.obj (.text)
                  00001f12    00000006     driverlib.lib : gpio.obj (.text:GPIOPinWrite)
                  00001f18    000001a0     main.obj (.text)
                  000020b8    0000017e     HAL_EK_TM4C1294XL_Crystalfontz128x128_ST7735.obj (.text)
                  00002236    00000002     --HOLE-- [fill = 0]
                  00002238    0000013c     rtsv7M4_T_le_v4SPD16_eabi.lib : _printfi.c.obj (.text:_pconv_e)
                  00002374    00000136                                   : fd_div_t2.asm.obj (.text)
                  000024aa    00000130     driverlib.lib : gpio.obj (.text:GPIOPadConfigSet)
                  000025da    00000002     --HOLE-- [fill = 0]
                  000025dc    00000124     rtsv7M4_T_le_v4SPD16_eabi.lib : _printfi.c.obj (.text:fcvt)
                  00002700    00000110                                   : s_scalbn.c.obj (.text:scalbn)
                  00002810    000000fc                                   : fd_mul_t2.asm.obj (.text)
                  0000290c    000000c4     grlib.lib : string.obj (.text:GrDefaultStringRenderer)
                  000029d0    000000b1     rtsv7M4_T_le_v4SPD16_eabi.lib : _printfi.c.obj (.text:_ltostr)
                  00002a81    00000001     --HOLE-- [fill = 0]
                  00002a82    0000009c                                   : memcpy_t2.asm.obj (.text)
                  00002b1e    00000096                                   : ull_div_t2.asm.obj (.text)
                  00002bb4    00000086     grlib.lib : rectangle.obj (.text:GrRectFill)
                  00002c3a    00000086     rtsv7M4_T_le_v4SPD16_eabi.lib : fd_cmp_t2.asm.obj (.text:__aeabi_cdcmple)
                  00002cc0    00000086                                   : fd_cmp_t2.asm.obj (.text:__aeabi_cdrcmple)
                  00002d46    00000002     --HOLE-- [fill = 0]
                  00002d48    00000080                                   : s_floorf.c.obj (.text:floorf)
                  00002dc8    0000007a     driverlib.lib : adc.obj (.text:ADCSequenceStepConfigure)
                  00002e42    0000007a     rtsv7M4_T_le_v4SPD16_eabi.lib : memset_t2.asm.obj (.text)
                  00002ebc    0000006e                                   : _printfi.c.obj (.text:_mcpy)
                  00002f2a    0000006e                                   : s_roundf.c.obj (.text:roundf)
                  00002f98    00000068     grlib.lib : context.obj (.text:GrContextInit)
                  00003000    00000068     driverlib.lib : interrupt.obj (.text:IntEnable)
                  00003068    00000068     rtsv7M4_T_le_v4SPD16_eabi.lib : copy_decompress_lzss.c.obj (.text:decompress:lzss:__TI_decompress_lzss)
                  000030d0    00000064                                   : s_frexp.c.obj (.text:frexp)
                  00003134    00000060     driverlib.lib : timer.obj (.text:TimerConfigure)
                  00003194    0000005a     grlib.lib : string.obj (.text:FontWideGlyphDataGet)
                  000031ee    00000056     rtsv7M4_T_le_v4SPD16_eabi.lib : _printfi.c.obj (.text:_pconv_f)
                  00003244    00000054                                   : ltoa.c.obj (.text:ltoa)
                  00003298    00000052                                   : _printfi.c.obj (.text:_ecpy)
                  000032ea    00000002     --HOLE-- [fill = 0]
                  000032ec    0000004c                                   : atoi.c.obj (.text:atoi)
                  00003338    0000004c                                   : snprintf.c.obj (.text:snprintf)
                  00003384    0000004a     grlib.lib : string.obj (.text:UpdateContextCharMapping)
                  000033ce    00000002     --HOLE-- [fill = 0]
                  000033d0    0000004a     sysctl_pll.obj (.text)
                  0000341a    00000002     --HOLE-- [fill = 0]
                  0000341c    00000048     driverlib.lib : gpio.obj (.text:GPIOPinConfigure)
                  00003464    00000048                   : sysctl.obj (.text:_SysCtlFrequencyGet)
                  000034ac    00000048     rtsv7M4_T_le_v4SPD16_eabi.lib : fd_toi_t2.asm.obj (.text)
                  000034f4    00000044                                   : autoinit.c.obj (.text:__TI_auto_init_nobinit_nopinit:__TI_auto_init_nobinit_nopinit)
                  00003538    0000003e     driverlib.lib : adc.obj (.text:ADCSequenceConfigure)
                  00003576    0000003e     rtsv7M4_T_le_v4SPD16_eabi.lib : _printfi.c.obj (.text:_fcpy)
                  000035b4    0000003c     driverlib.lib : ssi.obj (.text:SSIConfigSetExpClk)
                  000035f0    0000003a     grlib.lib : string.obj (.text:FontGlyphDataGet)
                  0000362a    00000002     --HOLE-- [fill = 0]
                  0000362c    00000034     driverlib.lib : sysctl.obj (.text:SysCtlPeripheralEnable)
                  00003660    00000034     rtsv7M4_T_le_v4SPD16_eabi.lib : boot_cortex_m.c.obj (.text:_c_int00_noargs:_c_int00_noargs)
                  00003694    00000030                                   : snprintf.c.obj (.text:_outs)
                  000036c4    0000002e     driverlib.lib : adc.obj (.text:ADCIntStatus)
                  000036f2    0000002e     grlib.lib : string.obj (.text:GrStringNextCharGet)
                  00003720    0000002e     rtsv7M4_T_le_v4SPD16_eabi.lib : i_tofd_t2.asm.obj (.text)
                  0000374e    0000002a     driverlib.lib : gpio.obj (.text:GPIODirModeSet)
                  00003778    00000026     grlib.lib : string.obj (.text:GrFontInfoGet)
                  0000379e    00000002     --HOLE-- [fill = 0]
                  000037a0    00000024     driverlib.lib : interrupt.obj (.text:IntPrioritySet)
                  000037c4    00000022     grlib.lib : string.obj (.text:GrFontGlyphDataGet)
                  000037e6    0000001e     driverlib.lib : adc.obj (.text:ADCSequenceDataGet)
                  00003804    0000001e     grlib.lib : string.obj (.text:GrFontCodepageGet)
                  00003822    00000002     --HOLE-- [fill = 0]
                  00003824    0000001c     driverlib.lib : sysctl.obj (.text:_SysCtlMemTimingGet)
                  00003840    0000001c     rtsv7M4_T_le_v4SPD16_eabi.lib : copy_zero_init.c.obj (.text:decompress:ZI:__TI_zero_init_nomemset:__TI_zero_init_nomemset)
                  0000385c    0000001c                                   : memccpy.c.obj (.text:memccpy)
                  00003878    0000001a                                   : s_copysign.c.obj (.text:copysign)
                  00003892    00000006     grlib.lib : string.obj (.text:GrContextFontSet)
                  00003898    0000001a     tm4c1294ncpdt_startup_ccs.obj (.text)
                  000038b2    00000018     driverlib.lib : adc.obj (.text:ADCClockConfigSet)
                  000038ca    00000018                   : adc.obj (.text:ADCProcessorTrigger)
                  000038e2    00000018                   : gpio.obj (.text:GPIOPinTypeGPIOOutput)
                  000038fa    00000018     rtsv7M4_T_le_v4SPD16_eabi.lib : snprintf.c.obj (.text:_outc)
                  00003912    00000016     grlib.lib : string.obj (.text:GrStringDraw)
                  00003928    00000016     rtsv7M4_T_le_v4SPD16_eabi.lib : strchr.c.obj (.text:strchr)
                  0000393e    00000002     --HOLE-- [fill = 0]
                  00003940    00000014     driverlib.lib : timer.obj (.text:TimerDisable)
                  00003954    00000014     rtsv7M4_T_le_v4SPD16_eabi.lib : strlen.c.obj (.text:strlen)
                  00003968    00000012     driverlib.lib : gpio.obj (.text:GPIOPinTypeADC)
                  0000397a    00000012                   : gpio.obj (.text:GPIOPinTypeGPIOInput)
                  0000398c    00000012                   : gpio.obj (.text:GPIOPinTypeSSI)
                  0000399e    00000012                   : timer.obj (.text:TimerLoadSet)
                  000039b0    00000012     rtsv7M4_T_le_v4SPD16_eabi.lib : wcslen.c.obj (.text:wcslen)
                  000039c2    00000002     --HOLE-- [fill = 0]
                  000039c4    00000010     driverlib.lib : fpu.obj (.text:FPUEnable)
                  000039d4    00000010                   : fpu.obj (.text:FPULazyStackingEnable)
                  000039e4    00000010                   : interrupt.obj (.text:IntMasterDisable)
                  000039f4    00000010                   : interrupt.obj (.text:IntMasterEnable)
                  00003a04    0000000e                   : adc.obj (.text:ADCSequenceDisable)
                  00003a12    0000000e                   : adc.obj (.text:ADCSequenceEnable)
                  00003a20    0000000e                   : timer.obj (.text:TimerEnable)
                  00003a2e    0000000e     rtsv7M4_T_le_v4SPD16_eabi.lib : copy_decompress_none.c.obj (.text:decompress:none:__TI_decompress_none)
                  00003a3c    0000000c     driverlib.lib : cpu.obj (.text:CPUcpsid)
                  00003a48    0000000c                   : cpu.obj (.text:CPUcpsie)
                  00003a54    0000000a                   : adc.obj (.text:ADCIntClear)
                  00003a5e    0000000a                   : ssi.obj (.text:SSIDataPut)
                  00003a68    0000000a                   : ssi.obj (.text:SSIEnable)
                  00003a72    00000008     grlib.lib : charmap.obj (.text:GrMapISO8859_1_Unicode)
                  00003a7a    00000008     driverlib.lib : ssi.obj (.text:SSIBusy)
                  00003a82    00000008                   : timer.obj (.text:TimerIntEnable)
                  00003a8a    00000002     --HOLE-- [fill = 0]
                  00003a8c    00000008     rtsv7M4_T_le_v4SPD16_eabi.lib : errno.c.obj (.text:__aeabi_errno_addr)
                  00003a94    00000006     driverlib.lib : sysctl.obj (.text:SysCtlDelay)
                  00003a9a    00000004                   : timer.obj (.text:TimerIntClear)
                  00003a9e    00000004     rtsv7M4_T_le_v4SPD16_eabi.lib : pre_init.c.obj (.text:_system_pre_init)
                  00003aa2    00000004                                   : exit.c.obj (.text:abort:abort)

.const     0    00003aa8    0000085c     
                  00003aa8    000002f8     grlib.lib : fontfixed6x8.obj (.const:.string:g_pui8FontFixed6x8Data)
                  00003da0    00000120     driverlib.lib : sysctl.obj (.const:g_pppui32XTALtoVCO)
                  00003ec0    00000101     rtsv7M4_T_le_v4SPD16_eabi.lib : ctype.c.obj (.const:.string:_ctypes_)
                  00003fc1    00000003     --HOLE-- [fill = 0]
                  00003fc4    000000c8     grlib.lib : fontfixed6x8.obj (.const:g_sFontFixed6x8)
                  0000408c    0000009c     driverlib.lib : interrupt.obj (.const:g_pui32Regs)
                  00004128    00000090                   : gpio.obj (.const:g_pui32GPIOBaseAddrs)
                  000041b8    00000070                   : interrupt.obj (.const)
                  00004228    0000006c                   : sysctl.obj (.const:g_pui32Xtals)
                  00004294    00000030                   : sysctl.obj (.const:g_sXTALtoMEMTIM)
                  000042c4    00000028     Crystalfontz128x128_ST7735.obj (.const:g_sCrystalfontz128x128)
                  000042ec    00000010     grlib.lib : context.obj (.const)
                  000042fc    00000008     driverlib.lib : sysctl.obj (.const)

.cinit     0    00004308    00000038     
                  00004308    00000014     (.cinit..data.load) [load image, compression = lzss]
                  0000431c    0000000c     (__TI_handler_table)
                  00004328    00000008     (.cinit..bss.load) [load image, compression = zero_init]
                  00004330    00000010     (__TI_cinit_table)

.init_array 
*          0    00000000    00000000     UNINITIALIZED

.data      0    20000000    0000803c     UNINITIALIZED
                  20000000    00008000     Crystalfontz128x128_ST7735.obj (.data:Lcd_buffer)
                  20008000    00000024     buttons.obj (.data:count$2)
                  20008024    00000008     buttons.obj (.data:gJoystick)
                  2000802c    00000006     buttons.obj (.data)
                  20008032    00000002     --HOLE--
                  20008034    00000004     main.obj (.data)
                  20008038    00000004     rtsv7M4_T_le_v4SPD16_eabi.lib : errno.c.obj (.data)

.bss       0    20008840    0000002a     UNINITIALIZED
                  20008840    00000014     buttons.obj (.bss:state$1)
                  20008854    00000004     (.common:gADCSamplingRate)
                  20008858    00000004     (.common:gSystemClock)
                  2000885c    00000004     (.common:g_psGrLibDefaults)
                  20008860    00000002     (.common:Lcd_ScreenHeigth)
                  20008862    00000002     (.common:Lcd_ScreenWidth)
                  20008864    00000002     (.common:Lcd_TouchTrim)
                  20008866    00000001     (.common:Lcd_FlagRead)
                  20008867    00000001     (.common:Lcd_FontSolid)
                  20008868    00000001     (.common:Lcd_Orientation)
                  20008869    00000001     (.common:Lcd_PenSolid)

.stack     0    20008040    00000800     UNINITIALIZED
                  20008040    00000004     rtsv7M4_T_le_v4SPD16_eabi.lib : boot_cortex_m.c.obj (.stack)
                  20008044    000007fc     --HOLE--

MODULE SUMMARY

       Module                                             code    ro data   rw data
       ------                                             ----    -------   -------
    .\
       Crystalfontz128x128_ST7735.obj                     1008    40        32778  
       buttons.obj                                        1138    0         74     
       tm4c1294ncpdt_startup_ccs.obj                      26      520       0      
       main.obj                                           416     0         8      
       HAL_EK_TM4C1294XL_Crystalfontz128x128_ST7735.obj   382     0         0      
       sysctl_pll.obj                                     74      0         0      
    +--+--------------------------------------------------+-------+---------+---------+
       Total:                                             3044    560       32860  
                                                                                   
    C:/ti/tirtos_tivac_2_16_01_14/products/TivaWare_C_Series-2.1.1.71b/driverlib/ccs/Debug/driverlib.lib
       sysctl.obj                                         674     452       0      
       gpio.obj                                           508     144       0      
       interrupt.obj                                      172     268       0      
       adc.obj                                            346     0         0      
       timer.obj                                          160     0         0      
       ssi.obj                                            88      0         0      
       fpu.obj                                            32      0         0      
       cpu.obj                                            24      0         0      
    +--+--------------------------------------------------+-------+---------+---------+
       Total:                                             2004    864       0      
                                                                                   
    C:/ti/tirtos_tivac_2_16_01_14/products/TivaWare_C_Series-2.1.1.71b/grlib/ccs/Debug/grlib.lib
       string.obj                                         1192    0         0      
       fontfixed6x8.obj                                   0       960       0      
       rectangle.obj                                      134     0         0      
       context.obj                                        104     16        4      
       charmap.obj                                        8       0         0      
    +--+--------------------------------------------------+-------+---------+---------+
       Total:                                             1438    976       4      
                                                                                   
    E:\ti\ccs930\ccs\tools\compiler\ti-cgt-arm_18.12.4.LTS\lib\rtsv7M4_T_le_v4SPD16_eabi.lib
       _printfi.c.obj                                     4851    0         0      
       fd_add_t2.asm.obj                                  438     0         0      
       fd_div_t2.asm.obj                                  310     0         0      
       s_scalbn.c.obj                                     272     0         0      
       fd_cmp_t2.asm.obj                                  268     0         0      
       ctype.c.obj                                        0       257       0      
       fd_mul_t2.asm.obj                                  252     0         0      
       memcpy_t2.asm.obj                                  156     0         0      
       ull_div_t2.asm.obj                                 150     0         0      
       snprintf.c.obj                                     148     0         0      
       s_floorf.c.obj                                     128     0         0      
       memset_t2.asm.obj                                  122     0         0      
       s_roundf.c.obj                                     110     0         0      
       copy_decompress_lzss.c.obj                         104     0         0      
       s_frexp.c.obj                                      100     0         0      
       ltoa.c.obj                                         84      0         0      
       atoi.c.obj                                         76      0         0      
       fd_toi_t2.asm.obj                                  72      0         0      
       autoinit.c.obj                                     68      0         0      
       boot_cortex_m.c.obj                                52      0         0      
       i_tofd_t2.asm.obj                                  46      0         0      
       copy_zero_init.c.obj                               28      0         0      
       memccpy.c.obj                                      28      0         0      
       s_copysign.c.obj                                   26      0         0      
       strchr.c.obj                                       22      0         0      
       strlen.c.obj                                       20      0         0      
       wcslen.c.obj                                       18      0         0      
       copy_decompress_none.c.obj                         14      0         0      
       errno.c.obj                                        8       0         4      
       exit.c.obj                                         4       0         0      
       pre_init.c.obj                                     4       0         0      
       div0.asm.obj                                       2       0         0      
    +--+--------------------------------------------------+-------+---------+---------+
       Total:                                             7981    257       4      
                                                                                   
       Stack:                                             0       0         2048   
       Linker Generated:                                  0       56        0      
    +--+--------------------------------------------------+-------+---------+---------+
       Grand Total:                                       14467   2713      34916  


LINKER GENERATED COPY TABLES

__TI_cinit_table @ 00004330 records: 2, size/record: 8, table size: 16
	.data: load addr=00004308, load size=00000014 bytes, run addr=20000000, run size=0000803c bytes, compression=lzss
	.bss: load addr=00004328, load size=00000008 bytes, run addr=20008840, run size=0000002a bytes, compression=zero_init


LINKER GENERATED HANDLER TABLE

__TI_handler_table @ 0000431c records: 3, size/record: 4, table size: 12
	index: 0, handler: __TI_decompress_lzss
	index: 1, handler: __TI_decompress_none
	index: 2, handler: __TI_zero_init


GLOBAL SYMBOLS: SORTED ALPHABETICALLY BY Name 

address   name                              
-------   ----                              
000038b3  ADCClockConfigSet                 
00003a55  ADCIntClear                       
000036c5  ADCIntStatus                      
000038cb  ADCProcessorTrigger               
00003539  ADCSequenceConfigure              
000037e7  ADCSequenceDataGet                
00003a05  ADCSequenceDisable                
00003a13  ADCSequenceEnable                 
00002dc9  ADCSequenceStepConfigure          
00000f71  ButtonAutoRepeat                  
00000f01  ButtonDebounce                    
00000ff1  ButtonISR                         
00000d39  ButtonInit                        
00000c59  ButtonReadJoystick                
00003aa3  C$$EXIT                           
00003a3d  CPUcpsid                          
00003a49  CPUcpsie                          
000013f9  Crystalfontz128x128_Init          
00001119  Crystalfontz128x128_SetDrawFrame  
000010d1  Crystalfontz128x128_SetOrientation
000039c5  FPUEnable                         
000039d5  FPULazyStackingEnable             
0000374f  GPIODirModeSet                    
000024ab  GPIOPadConfigSet                  
0000341d  GPIOPinConfigure                  
000010cb  GPIOPinRead                       
00003969  GPIOPinTypeADC                    
0000397b  GPIOPinTypeGPIOInput              
000038e3  GPIOPinTypeGPIOOutput             
0000398d  GPIOPinTypeSSI                    
00001f13  GPIOPinWrite                      
00003893  GrContextFontSet                  
00002f99  GrContextInit                     
0000290d  GrDefaultStringRenderer           
00003805  GrFontCodepageGet                 
000037c5  GrFontGlyphDataGet                
00001731  GrFontGlyphRender                 
00003779  GrFontInfoGet                     
00003a73  GrMapISO8859_1_Unicode            
00002bb5  GrRectFill                        
00003913  GrStringDraw                      
000036f3  GrStringNextCharGet               
000021a9  HAL_LCD_PortInit                  
00002119  HAL_LCD_SpiInit                   
000020c9  HAL_LCD_writeCommand              
000020b9  HAL_LCD_writeData                 
00003001  IntEnable                         
000039e5  IntMasterDisable                  
000039f5  IntMasterEnable                   
000037a1  IntPrioritySet                    
20008866  Lcd_FlagRead                      
20008867  Lcd_FontSolid                     
20008868  Lcd_Orientation                   
20008869  Lcd_PenSolid                      
20008860  Lcd_ScreenHeigth                  
20008862  Lcd_ScreenWidth                   
20008864  Lcd_TouchTrim                     
20000000  Lcd_buffer                        
00003899  ResetISR                          
00003a7b  SSIBusy                           
000035b5  SSIConfigSetExpClk                
00003a5f  SSIDataPut                        
00003a69  SSIEnable                         
00001989  SysCtlClockFreqSet                
00003a95  SysCtlDelay                       
000033d1  SysCtlFrequencyGet                
0000362d  SysCtlPeripheralEnable            
00003135  TimerConfigure                    
00003941  TimerDisable                      
00003a21  TimerEnable                       
00003a9b  TimerIntClear                     
00003a83  TimerIntEnable                    
0000399f  TimerLoadSet                      
20008840  __STACK_END                       
00000800  __STACK_SIZE                      
20008240  __STACK_TOP                       
00004330  __TI_CINIT_Base                   
00004340  __TI_CINIT_Limit                  
0000431c  __TI_Handler_Table_Base           
00004328  __TI_Handler_Table_Limit          
000034f5  __TI_auto_init_nobinit_nopinit    
00003069  __TI_decompress_lzss              
00003a2f  __TI_decompress_none              
ffffffff  __TI_pprof_out_hndl               
00000209  __TI_printfi                      
ffffffff  __TI_prof_data_size               
ffffffff  __TI_prof_data_start              
00000000  __TI_static_base__                
00003841  __TI_zero_init_nomemset           
00002c3b  __aeabi_cdcmpeq                   
00002c3b  __aeabi_cdcmple                   
00002cc1  __aeabi_cdrcmple                  
000034ad  __aeabi_d2iz                      
00001d67  __aeabi_dadd                      
00002375  __aeabi_ddiv                      
00002811  __aeabi_dmul                      
00001d5d  __aeabi_dsub                      
00003a8d  __aeabi_errno_addr                
00003721  __aeabi_i2d                       
00000c57  __aeabi_idiv0                     
00000c57  __aeabi_ldiv0                     
00002e43  __aeabi_memclr                    
00002e43  __aeabi_memclr4                   
00002e43  __aeabi_memclr8                   
00002a83  __aeabi_memcpy                    
00002a83  __aeabi_memcpy4                   
00002a83  __aeabi_memcpy8                   
00002e45  __aeabi_memset                    
00002e45  __aeabi_memset4                   
00002e45  __aeabi_memset8                   
00002b1f  __aeabi_uldivmod                  
ffffffff  __binit__                         
ffffffff  __c_args__                        
UNDEFED   __mpu_init                        
20008040  __stack                           
00003661  _c_int00_noargs                   
00003ec0  _ctypes_                          
UNDEFED   _system_post_cinit                
00003a9f  _system_pre_init                  
00003aa3  abort                             
000032ed  atoi                              
ffffffff  binit                             
00003879  copysign                          
00003879  copysignl                         
20008038  errno                             
00002d49  floorf                            
000030d1  frexp                             
000030d1  frexpl                            
20008854  gADCSamplingRate                  
2000802c  gButtons                          
20008024  gJoystick                         
20008858  gSystemClock                      
20008034  gTime                             
00000000  g_pfnVectors                      
000042ec  g_psDefaultCodePointMapTable      
000042c4  g_sCrystalfontz128x128            
00003fc4  g_sFontFixed6x8                   
00002701  ldexp                             
00002701  ldexpl                            
00003245  ltoa                              
00001f19  main                              
0000385d  memccpy                           
00002a83  memcpy                            
00002e4b  memset                            
00002f2b  roundf                            
00002701  scalbn                            
00002701  scalbnl                           
00003339  snprintf                          
00003929  strchr                            
00003955  strlen                            
000039b1  wcslen                            


GLOBAL SYMBOLS: SORTED BY Symbol Address 

address   name                              
-------   ----                              
00000000  __TI_static_base__                
00000000  g_pfnVectors                      
00000209  __TI_printfi                      
00000800  __STACK_SIZE                      
00000c57  __aeabi_idiv0                     
00000c57  __aeabi_ldiv0                     
00000c59  ButtonReadJoystick                
00000d39  ButtonInit                        
00000f01  ButtonDebounce                    
00000f71  ButtonAutoRepeat                  
00000ff1  ButtonISR                         
000010cb  GPIOPinRead                       
000010d1  Crystalfontz128x128_SetOrientation
00001119  Crystalfontz128x128_SetDrawFrame  
000013f9  Crystalfontz128x128_Init          
00001731  GrFontGlyphRender                 
00001989  SysCtlClockFreqSet                
00001d5d  __aeabi_dsub                      
00001d67  __aeabi_dadd                      
00001f13  GPIOPinWrite                      
00001f19  main                              
000020b9  HAL_LCD_writeData                 
000020c9  HAL_LCD_writeCommand              
00002119  HAL_LCD_SpiInit                   
000021a9  HAL_LCD_PortInit                  
00002375  __aeabi_ddiv                      
000024ab  GPIOPadConfigSet                  
00002701  ldexp                             
00002701  ldexpl                            
00002701  scalbn                            
00002701  scalbnl                           
00002811  __aeabi_dmul                      
0000290d  GrDefaultStringRenderer           
00002a83  __aeabi_memcpy                    
00002a83  __aeabi_memcpy4                   
00002a83  __aeabi_memcpy8                   
00002a83  memcpy                            
00002b1f  __aeabi_uldivmod                  
00002bb5  GrRectFill                        
00002c3b  __aeabi_cdcmpeq                   
00002c3b  __aeabi_cdcmple                   
00002cc1  __aeabi_cdrcmple                  
00002d49  floorf                            
00002dc9  ADCSequenceStepConfigure          
00002e43  __aeabi_memclr                    
00002e43  __aeabi_memclr4                   
00002e43  __aeabi_memclr8                   
00002e45  __aeabi_memset                    
00002e45  __aeabi_memset4                   
00002e45  __aeabi_memset8                   
00002e4b  memset                            
00002f2b  roundf                            
00002f99  GrContextInit                     
00003001  IntEnable                         
00003069  __TI_decompress_lzss              
000030d1  frexp                             
000030d1  frexpl                            
00003135  TimerConfigure                    
00003245  ltoa                              
000032ed  atoi                              
00003339  snprintf                          
000033d1  SysCtlFrequencyGet                
0000341d  GPIOPinConfigure                  
000034ad  __aeabi_d2iz                      
000034f5  __TI_auto_init_nobinit_nopinit    
00003539  ADCSequenceConfigure              
000035b5  SSIConfigSetExpClk                
0000362d  SysCtlPeripheralEnable            
00003661  _c_int00_noargs                   
000036c5  ADCIntStatus                      
000036f3  GrStringNextCharGet               
00003721  __aeabi_i2d                       
0000374f  GPIODirModeSet                    
00003779  GrFontInfoGet                     
000037a1  IntPrioritySet                    
000037c5  GrFontGlyphDataGet                
000037e7  ADCSequenceDataGet                
00003805  GrFontCodepageGet                 
00003841  __TI_zero_init_nomemset           
0000385d  memccpy                           
00003879  copysign                          
00003879  copysignl                         
00003893  GrContextFontSet                  
00003899  ResetISR                          
000038b3  ADCClockConfigSet                 
000038cb  ADCProcessorTrigger               
000038e3  GPIOPinTypeGPIOOutput             
00003913  GrStringDraw                      
00003929  strchr                            
00003941  TimerDisable                      
00003955  strlen                            
00003969  GPIOPinTypeADC                    
0000397b  GPIOPinTypeGPIOInput              
0000398d  GPIOPinTypeSSI                    
0000399f  TimerLoadSet                      
000039b1  wcslen                            
000039c5  FPUEnable                         
000039d5  FPULazyStackingEnable             
000039e5  IntMasterDisable                  
000039f5  IntMasterEnable                   
00003a05  ADCSequenceDisable                
00003a13  ADCSequenceEnable                 
00003a21  TimerEnable                       
00003a2f  __TI_decompress_none              
00003a3d  CPUcpsid                          
00003a49  CPUcpsie                          
00003a55  ADCIntClear                       
00003a5f  SSIDataPut                        
00003a69  SSIEnable                         
00003a73  GrMapISO8859_1_Unicode            
00003a7b  SSIBusy                           
00003a83  TimerIntEnable                    
00003a8d  __aeabi_errno_addr                
00003a95  SysCtlDelay                       
00003a9b  TimerIntClear                     
00003a9f  _system_pre_init                  
00003aa3  C$$EXIT                           
00003aa3  abort                             
00003ec0  _ctypes_                          
00003fc4  g_sFontFixed6x8                   
000042c4  g_sCrystalfontz128x128            
000042ec  g_psDefaultCodePointMapTable      
0000431c  __TI_Handler_Table_Base           
00004328  __TI_Handler_Table_Limit          
00004330  __TI_CINIT_Base                   
00004340  __TI_CINIT_Limit                  
20000000  Lcd_buffer                        
20008024  gJoystick                         
2000802c  gButtons                          
20008034  gTime                             
20008038  errno                             
20008040  __stack                           
20008240  __STACK_TOP                       
20008840  __STACK_END                       
20008854  gADCSamplingRate                  
20008858  gSystemClock                      
20008860  Lcd_ScreenHeigth                  
20008862  Lcd_ScreenWidth                   
20008864  Lcd_TouchTrim                     
20008866  Lcd_FlagRead                      
20008867  Lcd_FontSolid                     
20008868  Lcd_Orientation                   
20008869  Lcd_PenSolid                      
ffffffff  __TI_pprof_out_hndl               
ffffffff  __TI_prof_data_size               
ffffffff  __TI_prof_data_start              
ffffffff  __binit__                         
ffffffff  __c_args__                        
ffffffff  binit                             
UNDEFED   __mpu_init                        
UNDEFED   _system_post_cinit                

[151 symbols]
