******************************************************************************
                  TI ARM Linker PC v18.12.4                    
******************************************************************************
>> Linked Thu Apr 15 06:50:49 2021

OUTPUT FILE NAME:   <ece3849_rtos_latency.out>
ENTRY POINT SYMBOL: "_c_int00"  address: 00003989


MEMORY CONFIGURATION

         name            origin    length      used     unused   attr    fill
----------------------  --------  ---------  --------  --------  ----  --------
  FLASH                 00000000   00100000  00007726  000f88da  R  X
  SRAM                  20000000   00040000  00001d48  0003e2b8  RW X


SEGMENT ALLOCATION MAP

run origin  load origin   length   init length attrs members
----------  ----------- ---------- ----------- ----- -------
00000000    00000000    00007730   00007730    r-x
  00000000    00000000    0000003c   0000003c    r-- .resetVecs
  00000040    00000040    000053ba   000053ba    r-x .text
  000053fc    000053fc    000020a0   000020a0    r-- .const
  000074a0    000074a0    00000290   00000290    r-- .cinit
20000000    20000000    00001d48   00000000    rw-
  20000000    20000000    00000360   00000000    rw- .vecs
  20000360    20000360    00001108   00000000    rw- .bss
  20001468    20001468    000005e0   00000000    rw- .data
  20001a48    20001a48    00000300   00000000    rw- .stack


SECTION ALLOCATION MAP

 output                                  attributes/
section   page    origin      length       input sections
--------  ----  ----------  ----------   ----------------
.text      0    00000040    000053ba     
                  00000040    00000430     sysbios.aem4f : BIOS.obj (.text:ti_sysbios_family_arm_m3_Hwi_excDumpRegs__I)
                  00000470    0000034c     ti.targets.arm.rtsarm.aem4f : System.oem4f (.text:xdc_runtime_System_doPrint__I)
                  000007bc    00000004     driverlib.lib : timer.obj (.text:TimerIntClear)
                  000007c0    000002b8     sysbios.aem4f : BIOS.obj (.text:ti_sysbios_knl_Semaphore_pend__E)
                  00000a78    0000026c                   : BIOS.obj (.text:ti_sysbios_heaps_HeapMem_free__E)
                  00000ce4    00000004     rtsv7M4_T_le_v4SPD16_eabi.lib : exit.c.obj (.text:abort:abort)
                  00000ce8    00000250     sysbios.aem4f : BIOS.obj (.text:ti_sysbios_heaps_HeapMem_alloc__E)
                  00000f38    00000204     Boot.aem4f : Boot_sysctl.oem4f (.text:ti_catalog_arm_cortexm4_tiva_ce_Boot_sysCtlClockFreqSetI__I)
                  0000113c    00000004     sysbios.aem4f : BIOS.obj (.text:ti_sysbios_family_arm_lm4_Timer_masterEnable__I)
                  00001140    000001f4                   : BIOS.obj (.text:ti_sysbios_family_arm_m3_Hwi_excHandlerMax__I)
                  00001334    00000004     ti.targets.arm.rtsarm.aem4f : Error.oem4f (.text:xdc_runtime_Error_getSite__E)
                  00001338    000001a0     sysbios.aem4f : BIOS.obj (.text:ti_sysbios_gates_GateMutexPri_enter__E)
                  000014d8    00000196     rtos_pem4f.oem4f (.text:xdc_runtime_System_printfExtend__I)
                  0000166e    00000002     rtsv7M4_T_le_v4SPD16_eabi.lib : _lock.c.obj (.text:_nop)
                  00001670    00000174     sysbios.aem4f : BIOS.obj (.text:ti_sysbios_family_arm_m3_Hwi_excBusFault__I)
                  000017e4    00000004     ti.targets.arm.rtsarm.aem4f : System.oem4f (.text:xdc_runtime_System_aprintf_va__F)
                  000017e8    00000164     sysbios.aem4f : BIOS.obj (.text:ti_sysbios_family_arm_m3_Hwi_excUsageFault__I)
                  0000194c    00000004     ti.targets.arm.rtsarm.aem4f : System.oem4f (.text:xdc_runtime_System_printf_va__F)
                  00001950    00000148     sysbios.aem4f : BIOS.obj (.text:ti_sysbios_family_arm_m3_Hwi_excMemFault__I)
                  00001a98    0000013c                   : BIOS.obj (.text:ti_sysbios_heaps_HeapMem_Instance_init__E)
                  00001bd4    00000002     rtsv7M4_T_le_v4SPD16_eabi.lib : div0.asm.obj (.text)
                  00001bd6    00000002     --HOLE-- [fill = 0]
                  00001bd8    00000134     sysbios.aem4f : BIOS.obj (.text:ti_sysbios_knl_Task_setPri__E)
                  00001d0c    00000118     ti.targets.arm.rtsarm.aem4f : Error.oem4f (.text:xdc_runtime_Error_policyDefault__E)
                  00001e24    00000004     --HOLE-- [fill = 0]
                  00001e28    00000116     main.obj (.text:main)
                  00001f3e    00000002     --HOLE-- [fill = 0]
                  00001f40    00000108     sysbios.aem4f : BIOS.obj (.text:ti_sysbios_family_arm_lm4_Timer_start__E)
                  00002048    00000100     ti.targets.arm.rtsarm.aem4f : Core-mem.oem4f (.text:xdc_runtime_Core_createObject__I)
                  00002148    000000f8                                 : Startup.oem4f (.text:xdc_runtime_Startup_startMods__I)
                  00002240    000000f4     sysbios.aem4f : m3_Hwi_asm.obj (.text:ti_sysbios_family_arm_m3_Hwi_dispatch__I)
                  00002334    00000004     --HOLE-- [fill = 0]
                  00002338    000000ec     main.obj (.text:task2_func)
                  00002424    00000004     --HOLE-- [fill = 0]
                  00002428    000000ec     sysbios.aem4f : BIOS.obj (.text:ti_sysbios_knl_Semaphore_post__E)
                  00002514    000000cc     ti.targets.arm.rtsarm.aem4f : Core-smem.oem4f (.text:xdc_runtime_Core_constructObject__I)
                  000025e0    000000c4     main.obj (.text:task0_func)
                  000026a4    00000004     --HOLE-- [fill = 0]
                  000026a8    000000bc     sysbios.aem4f : BIOS.obj (.text:ti_sysbios_family_arm_m3_Hwi_excDebugMon__I)
                  00002764    00000004     --HOLE-- [fill = 0]
                  00002768    000000bc                   : BIOS.obj (.text:ti_sysbios_family_arm_m3_Hwi_excHardFault__I)
                  00002824    00000004     --HOLE-- [fill = 0]
                  00002828    000000b4                   : BIOS.obj (.text:ti_sysbios_gates_GateMutex_enter__E)
                  000028dc    00000004     --HOLE-- [fill = 0]
                  000028e0    000000b4                   : BIOS.obj (.text:ti_sysbios_knl_Task_checkStacks__E)
                  00002994    00000004     --HOLE-- [fill = 0]
                  00002998    000000ac                   : BIOS.obj (.text:ti_sysbios_family_arm_lm4_Timer_enableTiva__I)
                  00002a44    000000a0     auto_init.aem4f : auto_init.oem4f (.text)
                  00002ae4    000000a0     ti.targets.arm.rtsarm.aem4f : Text.oem4f (.text:xdc_runtime_Text_putMod__E)
                  00002b84    0000009c     rtsv7M4_T_le_v4SPD16_eabi.lib : memcpy_t2.asm.obj (.text)
                  00002c20    0000009c     main.obj (.text:task1_func)
                  00002cbc    00000004     --HOLE-- [fill = 0]
                  00002cc0    0000009c     sysbios.aem4f : BIOS.obj (.text:ti_sysbios_knl_Semaphore_Instance_init__E)
                  00002d5c    0000009a     ti.targets.arm.rtsarm.aem4f : Text.oem4f (.text:xdc_runtime_Text_putSite__E)
                  00002df6    00000002     --HOLE-- [fill = 0]
                  00002df8    00000098     Boot.aem4f : Boot.oem4f (.text:ti_catalog_arm_cortexm4_tiva_ce_Boot_sysCtlClockFreqSet__E)
                  00002e90    00000094     sysbios.aem4f : BIOS.obj (.text:ti_sysbios_family_arm_m3_Hwi_initNVIC__E)
                  00002f24    00000004     --HOLE-- [fill = 0]
                  00002f28    00000094                   : BIOS.obj (.text:ti_sysbios_gates_GateTask_enter__E)
                  00002fbc    00000004     --HOLE-- [fill = 0]
                  00002fc0    00000094                   : BIOS.obj (.text:ti_sysbios_knl_Task_postInit__I)
                  00003054    0000008c                   : m3_TaskSupport_asm.obj (.text:ti_sysbios_family_arm_m3_TaskSupport_buildTaskStack)
                  000030e0    00000084                   : BIOS.obj (.text:ti_sysbios_family_arm_m3_Hwi_postInit__I)
                  00003164    0000007a     rtsv7M4_T_le_v4SPD16_eabi.lib : memset_t2.asm.obj (.text)
                  000031de    00000002     --HOLE-- [fill = 0]
                  000031e0    00000070     sysbios.aem4f : BIOS.obj (.text:ti_sysbios_knl_Clock_workFunc__E)
                  00003250    00000070                   : BIOS.obj (.text:ti_sysbios_knl_Task_exit__E)
                  000032c0    0000006d     ti.targets.arm.rtsarm.aem4f : System.oem4f (.text:xdc_runtime_System_formatNum__I)
                  0000332d    00000003     --HOLE-- [fill = 0]
                  00003330    0000006c     sysbios.aem4f : BIOS.obj (.text:ti_sysbios_gates_GateMutexPri_leave__E)
                  0000339c    00000004     --HOLE-- [fill = 0]
                  000033a0    0000006c                   : BIOS.obj (.text:ti_sysbios_knl_Swi_restoreHwi__E)
                  0000340c    0000006c     ti.targets.arm.rtsarm.aem4f : Error.oem4f (.text:xdc_runtime_Error_print__E)
                  00003478    0000006c                                 : Memory.oem4f (.text:xdc_runtime_Memory_alloc__E)
                  000034e4    00000068     rtsv7M4_T_le_v4SPD16_eabi.lib : copy_decompress_lzss.c.obj (.text:decompress:lzss:__TI_decompress_lzss)
                  0000354c    00000004     --HOLE-- [fill = 0]
                  00003550    00000068     sysbios.aem4f : BIOS.obj (.text:ti_sysbios_family_arm_lm4_TimestampProvider_initTimerHandle__I)
                  000035b8    00000066     ti.targets.arm.rtsarm.aem4f : Core-mem.oem4f (.text:xdc_runtime_Core_deleteObject__I)
                  0000361e    00000002     --HOLE-- [fill = 0]
                  00003620    00000064     sysbios.aem4f : BIOS.obj (.text:ti_sysbios_family_arm_lm4_Timer_Module_startup__E)
                  00003684    00000004     --HOLE-- [fill = 0]
                  00003688    00000064                   : BIOS.obj (.text:ti_sysbios_family_arm_m3_Hwi_dispatchC__I)
                  000036ec    00000060     driverlib.lib : timer.obj (.text:TimerConfigure)
                  0000374c    00000004     --HOLE-- [fill = 0]
                  00003750    00000060     sysbios.aem4f : BIOS.obj (.text:ti_sysbios_knl_Task_schedule__I)
                  000037b0    0000005c                   : BIOS.obj (.text:ti_sysbios_knl_Swi_run__I)
                  0000380c    00000004     --HOLE-- [fill = 0]
                  00003810    0000005c                   : BIOS.obj (.text:ti_sysbios_knl_Swi_schedule__I)
                  0000386c    00000004     --HOLE-- [fill = 0]
                  00003870    0000005c                   : BIOS.obj (.text:ti_sysbios_knl_Task_Module_startup__E)
                  000038cc    00000004     --HOLE-- [fill = 0]
                  000038d0    0000005c                   : BIOS.obj (.text:ti_sysbios_knl_Task_startCore__E)
                  0000392c    0000005b     ti.targets.arm.rtsarm.aem4f : Text.oem4f (.text:xdc_runtime_Text_putLab__E)
                  00003987    00000001     --HOLE-- [fill = 0]
                  00003988    00000058     boot.aem4f : boot.oem4f (.text)
                  000039e0    00000058     rtsv7M4_T_le_v4SPD16_eabi.lib : hostwrite.c.obj (.text:HOSTwrite)
                  00003a38    00000058     sysbios.aem4f : m3_Hwi_asm_switch.obj (.text:ti_sysbios_family_arm_m3_Hwi_initStacks__E)
                  00003a90    00000054                   : BIOS.obj (.text:ti_sysbios_family_arm_lm4_Timer_initDevice__I)
                  00003ae4    00000054     ti.targets.arm.rtsarm.aem4f : Assert.oem4f (.text:xdc_runtime_Assert_raise__I)
                  00003b38    00000050     Boot.aem4f : Boot_sysctl.oem4f (.text:_SysCtlFrequencyGet)
                  00003b88    00000050     sysbios.aem4f : BIOS.obj (.text:ti_sysbios_family_arm_m3_Hwi_Module_startup__E)
                  00003bd8    00000050     ti.targets.arm.rtsarm.aem4f : Startup.oem4f (.text:xdc_runtime_Startup_exec__E)
                  00003c28    00000050                                 : Text.oem4f (.text:xdc_runtime_Text_visitRope2__I)
                  00003c78    0000004c     rtsv7M4_T_le_v4SPD16_eabi.lib : cpy_tbl.c.obj (.text:copy_in)
                  00003cc4    00000004     --HOLE-- [fill = 0]
                  00003cc8    0000004c     sysbios.aem4f : BIOS.obj (.text:ti_sysbios_heaps_HeapMem_getStats__E)
                  00003d14    00000004     --HOLE-- [fill = 0]
                  00003d18    0000004c                   : BIOS.obj (.text:ti_sysbios_knl_Swi_runLoop__I)
                  00003d64    00000004     --HOLE-- [fill = 0]
                  00003d68    0000004c                   : BIOS.obj (.text:ti_sysbios_knl_Task_allBlockedFunction__I)
                  00003db4    00000004     --HOLE-- [fill = 0]
                  00003db8    0000004c                   : BIOS.obj (.text:ti_sysbios_knl_Task_block__E)
                  00003e04    00000004     --HOLE-- [fill = 0]
                  00003e08    00000048                   : BIOS.obj (.text:ti_sysbios_family_arm_lm4_Timer_enableTimers__I)
                  00003e50    00000048                   : BIOS.obj (.text:ti_sysbios_family_arm_m3_Hwi_disableInterrupt__E)
                  00003e98    00000048                   : BIOS.obj (.text:ti_sysbios_family_arm_m3_Hwi_enableInterrupt__E)
                  00003ee0    00000048                   : BIOS.obj (.text:ti_sysbios_family_arm_m3_Hwi_excReserved__I)
                  00003f28    00000046     ti.targets.arm.rtsarm.aem4f : Core-params.oem4f (.text:xdc_runtime_Core_assignParams__I)
                  00003f6e    00000002     --HOLE-- [fill = 0]
                  00003f70    00000044     sysbios.aem4f : BIOS.obj (.text:ti_sysbios_family_arm_lm4_Timer_isrStub__E)
                  00003fb4    00000004     --HOLE-- [fill = 0]
                  00003fb8    00000044                   : BIOS.obj (.text:ti_sysbios_family_arm_m3_Hwi_getStackInfo__E)
                  00003ffc    00000004     --HOLE-- [fill = 0]
                  00004000    00000044                   : BIOS.obj (.text:ti_sysbios_knl_Swi_post__E)
                  00004044    00000044     ti.targets.arm.rtsarm.aem4f : Error.oem4f (.text:xdc_runtime_Error_setX__E)
                  00004088    00000044                                 : SysMin.oem4f (.text:xdc_runtime_SysMin_flush__E)
                  000040cc    00000044                                 : Text.oem4f (.text:xdc_runtime_Text_xprintf__I)
                  00004110    00000040     rtsv7M4_T_le_v4SPD16_eabi.lib : u_divt2.asm.obj (.text)
                  00004150    00000040     sysbios.aem4f : BIOS.obj (.text:ti_sysbios_family_arm_lm4_Timer_startup__E)
                  00004190    0000003c                   : BIOS.obj (.text:ti_sysbios_family_arm_m3_Hwi_excSvCall__I)
                  000041cc    00000004     --HOLE-- [fill = 0]
                  000041d0    0000003c                   : BIOS.obj (.text:ti_sysbios_heaps_HeapMem_init__I)
                  0000420c    00000004     --HOLE-- [fill = 0]
                  00004210    0000003c                   : BIOS.obj (.text:ti_sysbios_knl_Swi_restore__E)
                  0000424c    00000038     rtsv7M4_T_le_v4SPD16_eabi.lib : trgmsg.c.obj (.text:__TI_writemsg)
                  00004284    00000004     --HOLE-- [fill = 0]
                  00004288    00000038     sysbios.aem4f : BIOS.obj (.text:ti_sysbios_family_arm_m3_Hwi_excNoIsr__I)
                  000042c0    00000038                   : BIOS.obj (.text:ti_sysbios_knl_Task_processVitalTaskFlag__I)
                  000042f8    00000038     ti.targets.arm.rtsarm.aem4f : SysMin.oem4f (.text:xdc_runtime_SysMin_putch__E)
                  00004330    00000038                                 : System.oem4f (.text:xdc_runtime_System_atexit__E)
                  00004368    00000034     driverlib.lib : sysctl.obj (.text:SysCtlPeripheralEnable)
                  0000439c    00000034     rtsv7M4_T_le_v4SPD16_eabi.lib : trgmsg.c.obj (.text:__TI_readmsg)
                  000043d0    00000034     sysbios.aem4f : BIOS.obj (.text:ti_sysbios_family_arm_m3_Hwi_excNmi__I)
                  00004404    00000004     --HOLE-- [fill = 0]
                  00004408    00000034                   : BIOS.obj (.text:ti_sysbios_hal_Hwi_checkStack)
                  0000443c    00000034     ti.targets.arm.rtsarm.aem4f : Core-label.oem4f (.text:xdc_runtime_Core_assignLabel__I)
                  00004470    00000033                                 : Text.oem4f (.text:xdc_runtime_Text_printVisFxn__I)
                  000044a3    00000005     --HOLE-- [fill = 0]
                  000044a8    00000032     rtos_pem4f.oem4f (.text:ti_sysbios_BIOS_atExitFunc__I)
                  000044da    00000006     driverlib.lib : sysctl.obj (.text:SysCtlDelay)
                  000044e0    00000032     rtos_pem4f.oem4f (.text:ti_sysbios_gates_GateHwi_Object__create__S)
                  00004512    00000006     ti.targets.arm.rtsarm.aem4f : System.oem4f (.text:xdc_runtime_System_Module_startup__E)
                  00004518    00000032     rtos_pem4f.oem4f (.text:ti_sysbios_gates_GateMutexPri_Object__create__S)
                  0000454a    00000006     --HOLE-- [fill = 0]
                  00004550    00000032     rtos_pem4f.oem4f (.text:ti_sysbios_gates_GateMutex_Object__create__S)
                  00004582    00000006     --HOLE-- [fill = 0]
                  00004588    00000032     rtos_pem4f.oem4f (.text:ti_sysbios_gates_GateTask_Object__create__S)
                  000045ba    00000006     --HOLE-- [fill = 0]
                  000045c0    00000032     sysbios.aem4f : BIOS.obj (.text:ti_sysbios_hal_Hwi_initStack)
                  000045f2    00000006     --HOLE-- [fill = 0]
                  000045f8    00000032     rtos_pem4f.oem4f (.text:ti_sysbios_heaps_HeapMem_Object__create__S)
                  0000462a    00000006     --HOLE-- [fill = 0]
                  00004630    00000032     rtos_pem4f.oem4f (.text:ti_sysbios_knl_Semaphore_construct)
                  00004662    00000006     --HOLE-- [fill = 0]
                  00004668    00000030     sysbios.aem4f : BIOS.obj (.text:ti_sysbios_family_arm_lm4_Timer_stop__E)
                  00004698    00000030                   : BIOS.obj (.text:ti_sysbios_family_arm_m3_TaskSupport_start__E)
                  000046c8    00000030                   : BIOS.obj (.text:ti_sysbios_knl_Semaphore_pendTimeout__I)
                  000046f8    00000030                   : BIOS.obj (.text:ti_sysbios_knl_Task_unblockI__E)
                  00004728    00000030     ti.targets.arm.rtsarm.aem4f : SysMin.oem4f (.text:xdc_runtime_SysMin_abort__E)
                  00004758    00000030                                 : System.oem4f (.text:xdc_runtime_System_processAtExit__E)
                  00004788    0000002e     rtos_pem4f.oem4f (.text:ti_sysbios_knl_Queue_construct)
                  000047b6    00000002     --HOLE-- [fill = 0]
                  000047b8    0000002c     rtos_pem4f.oem4f (.text:ti_sysbios_knl_Clock_doTick__I)
                  000047e4    00000004     --HOLE-- [fill = 0]
                  000047e8    0000002c     sysbios.aem4f : BIOS.obj (.text:ti_sysbios_knl_Task_restore__E)
                  00004814    0000002c     ti.targets.arm.rtsarm.aem4f : Text.oem4f (.text:xdc_runtime_Text_cordText__E)
                  00004840    0000002a                                 : System.oem4f (.text:xdc_runtime_System_putchar__I)
                  0000486a    00000006     --HOLE-- [fill = 0]
                  00004870    00000028     rtos_pem4f.oem4f (.text:ti_sysbios_BIOS_registerRTSLock__I)
                  00004898    00000028     sysbios.aem4f : BIOS.obj (.text:ti_sysbios_knl_Swi_Module_startup__E)
                  000048c0    00000026                   : m3_Hwi_asm.obj (.text:ti_sysbios_family_arm_m3_Hwi_pendSV__I)
                  000048e6    00000002     --HOLE-- [fill = 0]
                  000048e8    00000026     rtos_pem4f.oem4f (.text:ti_sysbios_gates_GateMutexPri_Object__delete__S)
                  0000490e    00000002     --HOLE-- [fill = 0]
                  00004910    00000026     rtos_pem4f.oem4f (.text:ti_sysbios_gates_GateMutex_Object__delete__S)
                  00004936    00000026     ti.targets.arm.rtsarm.aem4f : System.oem4f (.text:xdc_runtime_System_avprintf__E)
                  0000495c    00000004     --HOLE-- [fill = 0]
                  00004960    00000024     rtos_pem4f.oem4f (.text:ti_sysbios_BIOS_removeRTSLock__I)
                  00004984    00000004     --HOLE-- [fill = 0]
                  00004988    00000024     rtos_pem4f.oem4f (.text:ti_sysbios_BIOS_startFunc__I)
                  000049ac    00000004     --HOLE-- [fill = 0]
                  000049b0    00000024     sysbios.aem4f : BIOS.obj (.text:ti_sysbios_knl_Clock_Module_startup__E)
                  000049d4    00000004     --HOLE-- [fill = 0]
                  000049d8    00000024                   : BIOS.obj (.text:ti_sysbios_knl_Task_restoreHwi__E)
                  000049fc    00000024     ti.targets.arm.rtsarm.aem4f : System.oem4f (.text:xdc_runtime_System_vprintf__E)
                  00004a20    00000022     rtos_pem4f.oem4f (.text:ti_sysbios_BIOS_errorRaiseHook__I)
                  00004a42    00000006     --HOLE-- [fill = 0]
                  00004a48    00000022     rtos_pem4f.oem4f (.text:ti_sysbios_BIOS_rtsLock__I)
                  00004a6a    00000006     --HOLE-- [fill = 0]
                  00004a70    00000022     sysbios.aem4f : BIOS.obj (.text:ti_sysbios_family_arm_lm4_Timer_write__I)
                  00004a92    00000006     --HOLE-- [fill = 0]
                  00004a98    00000022     rtos_pem4f.oem4f (.text:ti_sysbios_family_arm_m3_Hwi_Object__get__S)
                  00004aba    00000006     --HOLE-- [fill = 0]
                  00004ac0    00000022     rtos_pem4f.oem4f (.text:ti_sysbios_heaps_HeapMem_Object__get__S)
                  00004ae2    00000006     --HOLE-- [fill = 0]
                  00004ae8    00000022     rtos_pem4f.oem4f (.text:ti_sysbios_knl_Semaphore_Object__destruct__S)
                  00004b0a    00000006     --HOLE-- [fill = 0]
                  00004b10    00000022     rtos_pem4f.oem4f (.text:ti_sysbios_knl_Swi_Object__get__S)
                  00004b32    00000006     --HOLE-- [fill = 0]
                  00004b38    00000022     rtos_pem4f.oem4f (.text:xdc_runtime_SysMin_output__I)
                  00004b5a    00000002     --HOLE-- [fill = 0]
                  00004b5c    00000020     Boot.aem4f : Boot_sysctl.oem4f (.text:_SysCtlMemTimingGet)
                  00004b7c    00000020     sysbios.aem4f : m3_Hwi_asm.obj (.text:ti_sysbios_family_arm_m3_Hwi_excHandlerAsm__I)
                  00004b9c    00000004     --HOLE-- [fill = 0]
                  00004ba0    00000020                   : BIOS.obj (.text:ti_sysbios_family_arm_m3_Hwi_excHandler__I)
                  00004bc0    00000020     rtos_pem4f.oem4f (.text:ti_sysbios_gates_GateHwi_Object__delete__S)
                  00004be0    00000020     rtos_pem4f.oem4f (.text:ti_sysbios_gates_GateTask_Object__delete__S)
                  00004c00    00000020     rtos_pem4f.oem4f (.text:ti_sysbios_heaps_HeapMem_Object__delete__S)
                  00004c20    00000020     sysbios.aem4f : BIOS.obj (.text:ti_sysbios_knl_Idle_run__E)
                  00004c40    00000020     ti.targets.arm.rtsarm.aem4f : Registry.oem4f (.text:xdc_runtime_Registry_findById__E)
                  00004c60    00000020                                 : SysMin.oem4f (.text:xdc_runtime_SysMin_Module_startup__E)
                  00004c80    0000001e     sysbios.aem4f : m3_Hwi_asm_switch.obj (.text:ti_sysbios_family_xxx_Hwi_switchAndRunFunc)
                  00004c9e    00000002     --HOLE-- [fill = 0]
                  00004ca0    0000001c                   : BIOS.obj (.text:ti_sysbios_gates_GateMutexPri_Instance_init__E)
                  00004cbc    00000004     --HOLE-- [fill = 0]
                  00004cc0    0000001c                   : BIOS.obj (.text:ti_sysbios_gates_GateMutex_Instance_init__E)
                  00004cdc    00000004     --HOLE-- [fill = 0]
                  00004ce0    0000001c     rtos_pem4f.oem4f (.text:ti_sysbios_knl_Queue_Object__destruct__S)
                  00004cfc    00000004     --HOLE-- [fill = 0]
                  00004d00    0000001c     sysbios.aem4f : BIOS.obj (.text:ti_sysbios_knl_Queue_put__E)
                  00004d1c    00000004     --HOLE-- [fill = 0]
                  00004d20    0000001c     rtos_pem4f.oem4f (.text:ti_sysbios_knl_Task_Object__get__S)
                  00004d3c    00000004     --HOLE-- [fill = 0]
                  00004d40    0000001c     sysbios.aem4f : BIOS.obj (.text:ti_sysbios_knl_Task_enter__I)
                  00004d5c    0000001c     ti.targets.arm.rtsarm.aem4f : Error.oem4f (.text:xdc_runtime_Error_raiseX__E)
                  00004d78    0000001c                                 : Memory.oem4f (.text:xdc_runtime_Memory_valloc__E)
                  00004d94    0000001c                                 : SysMin.oem4f (.text:xdc_runtime_SysMin_exit__E)
                  00004db0    0000001c                                 : System.oem4f (.text:xdc_runtime_System_abort__E)
                  00004dcc    00000004     --HOLE-- [fill = 0]
                  00004dd0    0000001a     main.obj (.text:ISR_Event1)
                  00004dea    00000006     --HOLE-- [fill = 0]
                  00004df0    0000001a     main.obj (.text:ISR_Event2)
                  00004e0a    00000006     --HOLE-- [fill = 0]
                  00004e10    0000001a     rtos_pem4f.oem4f (.text:ti_sysbios_BIOS_rtsUnlock__I)
                  00004e2a    00000006     --HOLE-- [fill = 0]
                  00004e30    0000001a     rtos_pem4f.oem4f (.text:ti_sysbios_family_arm_m3_Hwi_Handle__label__S)
                  00004e4a    00000006     --HOLE-- [fill = 0]
                  00004e50    0000001a     rtos_pem4f.oem4f (.text:ti_sysbios_gates_GateHwi_Handle__label__S)
                  00004e6a    00000006     --HOLE-- [fill = 0]
                  00004e70    0000001a     rtos_pem4f.oem4f (.text:ti_sysbios_gates_GateMutexPri_Handle__label__S)
                  00004e8a    00000006     --HOLE-- [fill = 0]
                  00004e90    0000001a     rtos_pem4f.oem4f (.text:ti_sysbios_gates_GateMutex_Handle__label__S)
                  00004eaa    00000006     --HOLE-- [fill = 0]
                  00004eb0    0000001a     rtos_pem4f.oem4f (.text:ti_sysbios_gates_GateTask_Handle__label__S)
                  00004eca    00000006     --HOLE-- [fill = 0]
                  00004ed0    0000001a     rtos_pem4f.oem4f (.text:ti_sysbios_heaps_HeapMem_Handle__label__S)
                  00004eea    00000006     --HOLE-- [fill = 0]
                  00004ef0    0000001a     rtos_pem4f.oem4f (.text:ti_sysbios_knl_Swi_Handle__label__S)
                  00004f0a    00000006     --HOLE-- [fill = 0]
                  00004f10    0000001a     rtos_pem4f.oem4f (.text:ti_sysbios_knl_Task_Handle__label__S)
                  00004f2a    00000006     --HOLE-- [fill = 0]
                  00004f30    0000001a     rtos_pem4f.oem4f (.text:xdc_runtime_System_aprintf__E)
                  00004f4a    00000006     --HOLE-- [fill = 0]
                  00004f50    0000001a     rtos_pem4f.oem4f (.text:xdc_runtime_System_printf__E)
                  00004f6a    00000006     --HOLE-- [fill = 0]
                  00004f70    00000018     main.obj (.text:ISR_Event0)
                  00004f88    00000018     rtsv7M4_T_le_v4SPD16_eabi.lib : args_main.c.obj (.text:_args_main)
                  00004fa0    00000018     rtos_pem4f.oem4f (.text:ti_sysbios_family_arm_lm4_Timer_Module__startupDone__F)
                  00004fb8    00000018     rtos_pem4f.oem4f (.text:ti_sysbios_family_arm_m3_Hwi_Module__startupDone__F)
                  00004fd0    00000018     sysbios.aem4f : m3_TaskSupport_asm.obj (.text:ti_sysbios_family_arm_m3_TaskSupport_swap__E)
                  00004fe8    00000018                   : BIOS.obj (.text:ti_sysbios_gates_GateMutex_leave__E)
                  00005000    00000018     ti.targets.arm.rtsarm.aem4f : Error.oem4f (.text:xdc_runtime_Error_check__E)
                  00005018    00000018                                 : System.oem4f (.text:xdc_runtime_System_exit__E)
                  00005030    00000018                                 : Text.oem4f (.text:xdc_runtime_Text_ropeText__E)
                  00005048    00000016     rtos_pem4f.oem4f (.text:ti_sysbios_BIOS_exitFunc__I)
                  0000505e    00000002     --HOLE-- [fill = 0]
                  00005060    00000014     rtos_pem4f.oem4f (.text:.bootCodeSection:ti_catalog_arm_cortexm4_tiva_ce_Boot_init__I)
                  00005074    00000014     driverlib.lib : timer.obj (.text:TimerDisable)
                  00005088    00000014     rtsv7M4_T_le_v4SPD16_eabi.lib : strlen.c.obj (.text:strlen)
                  0000509c    00000004     --HOLE-- [fill = 0]
                  000050a0    00000014     sysbios.aem4f : BIOS.obj (.text:ti_sysbios_family_arm_m3_Hwi_switchFromBootStack__E)
                  000050b4    00000012     driverlib.lib : timer.obj (.text:TimerLoadSet)
                  000050c6    00000002     --HOLE-- [fill = 0]
                  000050c8    00000012     sysbios.aem4f : BIOS.obj (.text:ti_sysbios_hal_Hwi_Module_startup__E)
                  000050da    00000006     --HOLE-- [fill = 0]
                  000050e0    00000012     rtos_pem4f.oem4f (.text:xdc_runtime_Startup_exec__I)
                  000050f2    00000010     driverlib.lib : interrupt.obj (.text:IntMasterDisable)
                  00005102    00000010                   : interrupt.obj (.text:IntMasterEnable)
                  00005112    00000006     --HOLE-- [fill = 0]
                  00005118    00000010     sysbios.aem4f : BIOS.obj (.text:ti_sysbios_BIOS_setThreadType__E)
                  00005128    00000010                   : BIOS.obj (.text:ti_sysbios_BIOS_start__E)
                  00005138    00000010                   : m3_TaskSupport_asm.obj (.text:ti_sysbios_family_arm_m3_TaskSupport_glue)
                  00005148    00000010                   : BIOS.obj (.text:ti_sysbios_gates_GateMutexPri_Instance_finalize__E)
                  00005158    00000010                   : BIOS.obj (.text:ti_sysbios_gates_GateMutex_Instance_finalize__E)
                  00005168    00000010                   : BIOS.obj (.text:ti_sysbios_knl_Semaphore_Instance_finalize__E)
                  00005178    00000010                   : BIOS.obj (.text:ti_sysbios_knl_Swi_disable__E)
                  00005188    00000010                   : BIOS.obj (.text:ti_sysbios_knl_Task_disable__E)
                  00005198    00000010     ti.targets.arm.rtsarm.aem4f : Gate.oem4f (.text:xdc_runtime_Gate_leaveSystem__E)
                  000051a8    00000010                                 : Memory.oem4f (.text:xdc_runtime_Memory_free__E)
                  000051b8    00000010                                 : SysMin.oem4f (.text:xdc_runtime_SysMin_ready__E)
                  000051c8    00000010                                 : System.oem4f (.text:xdc_runtime_System_vsnprintf__E)
                  000051d8    00000010     rtos_pem4f.oem4f (.text:xdc_runtime_Text_visitRope__I)
                  000051e8    0000000e     driverlib.lib : timer.obj (.text:TimerEnable)
                  000051f6    0000000e     rtsv7M4_T_le_v4SPD16_eabi.lib : copy_decompress_none.c.obj (.text:decompress:none:__TI_decompress_none)
                  00005204    00000004     --HOLE-- [fill = 0]
                  00005208    0000000e     sysbios.aem4f : BIOS.obj (.text:ti_sysbios_knl_Idle_loop__E)
                  00005216    00000002     --HOLE-- [fill = 0]
                  00005218    0000000e                   : BIOS.obj (.text:ti_sysbios_knl_Queue_empty__E)
                  00005226    0000000c     driverlib.lib : cpu.obj (.text:CPUcpsid)
                  00005232    0000000c                   : cpu.obj (.text:CPUcpsie)
                  0000523e    00000002     --HOLE-- [fill = 0]
                  00005240    0000000c     rtsv7M4_T_le_v4SPD16_eabi.lib : _lock.c.obj (.text:_register_lock)
                  0000524c    0000000c                                   : _lock.c.obj (.text:_register_unlock)
                  00005258    0000000c                                   : copy_zero_init.c.obj (.text:decompress:ZI:__TI_zero_init)
                  00005264    00000004     --HOLE-- [fill = 0]
                  00005268    0000000c     sysbios.aem4f : BIOS.obj (.text:ti_sysbios_family_arm_lm4_Timer_getMaxTicks__E)
                  00005274    00000004     --HOLE-- [fill = 0]
                  00005278    0000000c                   : BIOS.obj (.text:ti_sysbios_family_arm_m3_TaskSupport_checkStack__E)
                  00005284    00000004     --HOLE-- [fill = 0]
                  00005288    0000000c                   : BIOS.obj (.text:ti_sysbios_gates_GateHwi_enter__E)
                  00005294    00000004     --HOLE-- [fill = 0]
                  00005298    0000000c                   : BIOS.obj (.text:ti_sysbios_gates_GateTask_query__E)
                  000052a4    00000004     --HOLE-- [fill = 0]
                  000052a8    0000000c     rtos_pem4f.oem4f (.text:ti_sysbios_knl_Queue_Object__get__S)
                  000052b4    0000000c     ti.targets.arm.rtsarm.aem4f : Error.oem4f (.text:xdc_runtime_Error_init__E)
                  000052c0    0000000c                                 : Gate.oem4f (.text:xdc_runtime_Gate_enterSystem__E)
                  000052cc    0000000c                                 : Memory.oem4f (.text:xdc_runtime_Memory_calloc__E)
                  000052d8    0000000c                                 : Memory.oem4f (.text:xdc_runtime_Memory_getMaxDefaultTypeAlign__E)
                  000052e4    00000004     --HOLE-- [fill = 0]
                  000052e8    0000000a     rtos_pem4f.oem4f (.text:xdc_runtime_IHeap_alloc)
                  000052f2    00000006     --HOLE-- [fill = 0]
                  000052f8    0000000a     rtos_pem4f.oem4f (.text:xdc_runtime_IHeap_free)
                  00005302    00000008     driverlib.lib : timer.obj (.text:TimerIntEnable)
                  0000530a    00000008     sysbios.aem4f : BIOS.obj (.text:ti_sysbios_family_arm_lm4_Timer_masterDisable__I)
                  00005312    00000006     --HOLE-- [fill = 0]
                  00005318    00000008                   : BIOS.obj (.text:ti_sysbios_family_arm_m3_Hwi_doSwiRestore__I)
                  00005320    00000008                   : BIOS.obj (.text:ti_sysbios_family_arm_m3_Hwi_startup__E)
                  00005328    00000006                   : BIOS.obj (.text:ti_sysbios_family_arm_lm4_TimestampProvider_Module_startup__E)
                  0000532e    00000002     --HOLE-- [fill = 0]
                  00005330    00000006                   : BIOS.obj (.text:ti_sysbios_family_arm_m3_Hwi_doTaskRestore__I)
                  00005336    00000002     --HOLE-- [fill = 0]
                  00005338    00000006                   : BIOS.obj (.text:ti_sysbios_gates_GateHwi_leave__E)
                  0000533e    00000002     --HOLE-- [fill = 0]
                  00005340    00000006                   : BIOS.obj (.text:ti_sysbios_gates_GateTask_leave__E)
                  00005346    00000002     --HOLE-- [fill = 0]
                  00005348    00000006                   : BIOS.obj (.text:ti_sysbios_heaps_HeapMem_isBlocking__E)
                  0000534e    00000002     --HOLE-- [fill = 0]
                  00005350    00000006                   : BIOS.obj (.text:ti_sysbios_knl_Queue_Instance_init__E)
                  00005356    00000002     --HOLE-- [fill = 0]
                  00005358    00000006                   : BIOS.obj (.text:ti_sysbios_knl_Swi_startup__E)
                  0000535e    00000002     --HOLE-- [fill = 0]
                  00005360    00000004     rtos_pem4f.oem4f (.text:ti_sysbios_BIOS_RtsGateProxy_enter__E)
                  00005364    00000004     --HOLE-- [fill = 0]
                  00005368    00000004     rtos_pem4f.oem4f (.text:ti_sysbios_BIOS_RtsGateProxy_leave__E)
                  0000536c    00000004     --HOLE-- [fill = 0]
                  00005370    00000004     rtos_pem4f.oem4f (.text:ti_sysbios_family_arm_m3_TaskSupport_Module__startupDone__S)
                  00005374    00000004     --HOLE-- [fill = 0]
                  00005378    00000004     sysbios.aem4f : BIOS.obj (.text:ti_sysbios_gates_GateHwi_query__E)
                  0000537c    00000004     --HOLE-- [fill = 0]
                  00005380    00000004                   : BIOS.obj (.text:ti_sysbios_gates_GateMutexPri_query__E)
                  00005384    00000004     --HOLE-- [fill = 0]
                  00005388    00000004                   : BIOS.obj (.text:ti_sysbios_gates_GateMutex_query__E)
                  0000538c    00000004     --HOLE-- [fill = 0]
                  00005390    00000004     rtos_pem4f.oem4f (.text:ti_sysbios_heaps_HeapMem_Module_GateProxy_enter__E)
                  00005394    00000004     --HOLE-- [fill = 0]
                  00005398    00000004     rtos_pem4f.oem4f (.text:ti_sysbios_heaps_HeapMem_Module_GateProxy_leave__E)
                  0000539c    00000004     --HOLE-- [fill = 0]
                  000053a0    00000004     rtos_pem4f.oem4f (.text:ti_sysbios_knl_Clock_TimerProxy_getMaxTicks__E)
                  000053a4    00000004     --HOLE-- [fill = 0]
                  000053a8    00000004     rtos_pem4f.oem4f (.text:ti_sysbios_knl_Queue_destruct)
                  000053ac    00000004     --HOLE-- [fill = 0]
                  000053b0    00000004     rtos_pem4f.oem4f (.text:ti_sysbios_knl_Semaphore_destruct)
                  000053b4    00000004     --HOLE-- [fill = 0]
                  000053b8    00000004     sysbios.aem4f : BIOS.obj (.text:ti_sysbios_knl_Semaphore_getCount__E)
                  000053bc    00000004     --HOLE-- [fill = 0]
                  000053c0    00000004                   : BIOS.obj (.text:ti_sysbios_knl_Task_startup__E)
                  000053c4    00000004     --HOLE-- [fill = 0]
                  000053c8    00000004     rtos_pem4f.oem4f (.text:xdc_runtime_System_Module_GateProxy_enter__E)
                  000053cc    00000004     --HOLE-- [fill = 0]
                  000053d0    00000004     rtos_pem4f.oem4f (.text:xdc_runtime_System_Module_GateProxy_leave__E)
                  000053d4    00000004     --HOLE-- [fill = 0]
                  000053d8    00000002     rtos_pem4f.oem4f (.text:ti_sysbios_BIOS_nullFunc__I)
                  000053da    00000006     --HOLE-- [fill = 0]
                  000053e0    00000002     sysbios.aem4f : BIOS.obj (.text:ti_sysbios_gates_GateHwi_Instance_init__E)
                  000053e2    00000006     --HOLE-- [fill = 0]
                  000053e8    00000002                   : BIOS.obj (.text:ti_sysbios_gates_GateTask_Instance_init__E)
                  000053ea    00000006     --HOLE-- [fill = 0]
                  000053f0    00000002                   : BIOS.obj (.text:ti_sysbios_knl_Clock_logTick__E)
                  000053f2    00000006     --HOLE-- [fill = 0]
                  000053f8    00000002     rtos_pem4f.oem4f (.text:xdc_runtime_Startup_reset__I)

.const     0    000053fc    000020a0     
                  000053fc    000018f5     rtos_pem4f.oem4f (.const:xdc_runtime_Text_charTab__A)
                  00006cf1    00000001     rtos_pem4f.oem4f (.const:xdc_runtime_Error_policy__C)
                  00006cf2    00000002     rtos_pem4f.oem4f (.const:ti_catalog_arm_cortexm4_tiva_ce_Boot_Module__id__C)
                  00006cf4    00000120     Boot.aem4f : Boot_sysctl.oem4f (.const:g_pppui32XTALtoVCO)
                  00006e14    000000c8     rtos_pem4f.oem4f (.const:xdc_runtime_Text_nodeTab__A)
                  00006edc    0000006c     Boot.aem4f : Boot_sysctl.oem4f (.const:g_pui32Xtals)
                  00006f48    00000048     rtos_pem4f.oem4f (.const:.string)
                  00006f90    00000034     rtos_pem4f.oem4f (.const)
                  00006fc4    00000030     Boot.aem4f : Boot_sysctl.oem4f (.const:g_sXTALtoMEMTIM)
                  00006ff4    00000028     rtos_pem4f.oem4f (.const:ti_sysbios_heaps_HeapMem_Module__FXNS__C)
                  0000701c    00000024     rtos_pem4f.oem4f (.const:ti_sysbios_gates_GateHwi_Module__FXNS__C)
                  00007040    00000024     rtos_pem4f.oem4f (.const:ti_sysbios_gates_GateMutexPri_Module__FXNS__C)
                  00007064    00000024     rtos_pem4f.oem4f (.const:ti_sysbios_gates_GateMutex_Module__FXNS__C)
                  00007088    00000024     rtos_pem4f.oem4f (.const:ti_sysbios_gates_GateTask_Module__FXNS__C)
                  000070ac    00000024     rtos_pem4f.oem4f (.const:ti_sysbios_heaps_HeapMem_Object__PARAMS__C)
                  000070d0    00000024     rtos_pem4f.oem4f (.const:ti_sysbios_knl_Semaphore_Object__PARAMS__C)
                  000070f4    00000024     rtos_pem4f.oem4f (.const:xdc_runtime_Startup_sfxnTab__A)
                  00007118    00000020     rtos_pem4f.oem4f (.const:ti_sysbios_gates_GateHwi_Object__DESC__C)
                  00007138    00000020     rtos_pem4f.oem4f (.const:ti_sysbios_gates_GateMutexPri_Object__DESC__C)
                  00007158    00000020     rtos_pem4f.oem4f (.const:ti_sysbios_gates_GateMutex_Object__DESC__C)
                  00007178    00000020     rtos_pem4f.oem4f (.const:ti_sysbios_gates_GateTask_Object__DESC__C)
                  00007198    00000020     rtos_pem4f.oem4f (.const:ti_sysbios_heaps_HeapMem_Object__DESC__C)
                  000071b8    00000020     rtos_pem4f.oem4f (.const:ti_sysbios_knl_Queue_Object__DESC__C)
                  000071d8    00000020     rtos_pem4f.oem4f (.const:ti_sysbios_knl_Semaphore_Object__DESC__C)
                  000071f8    00000018     rtos_pem4f.oem4f (.const:ti_sysbios_gates_GateHwi_Object__PARAMS__C)
                  00007210    00000018     rtos_pem4f.oem4f (.const:ti_sysbios_gates_GateMutexPri_Object__PARAMS__C)
                  00007228    00000018     rtos_pem4f.oem4f (.const:ti_sysbios_gates_GateMutex_Object__PARAMS__C)
                  00007240    00000018     rtos_pem4f.oem4f (.const:ti_sysbios_gates_GateTask_Object__PARAMS__C)
                  00007258    00000018     rtos_pem4f.oem4f (.const:ti_sysbios_knl_Queue_Object__PARAMS__C)
                  00007270    00000018     rtos_pem4f.oem4f (.const:xdc_runtime_Startup_firstFxns__A)
                  00007288    00000012     rtos_pem4f.oem4f (.const:xdc_runtime_Startup_sfxnRts__A)
                  0000729a    00000002     rtos_pem4f.oem4f (.const:ti_sysbios_family_arm_lm4_TimestampProvider_Module__id__C)
                  0000729c    00000008     Boot.aem4f : Boot_sysctl.oem4f (.const)
                  000072a4    00000008     rtos_pem4f.oem4f (.const:ti_sysbios_family_arm_m3_Hwi_excHookFuncs__A)
                  000072ac    00000008     rtos_pem4f.oem4f (.const:ti_sysbios_knl_Idle_funcList__C)
                  000072b4    00000008     rtos_pem4f.oem4f (.const:xdc_runtime_Startup_firstFxns__C)
                  000072bc    00000008     rtos_pem4f.oem4f (.const:xdc_runtime_Startup_lastFxns__C)
                  000072c4    00000004     rtos_pem4f.oem4f (.const:ti_catalog_arm_cortexm4_tiva_ce_Boot_A_mustNotUseEnhancedClockMode__C)
                  000072c8    00000004     rtos_pem4f.oem4f (.const:ti_catalog_arm_cortexm4_tiva_ce_Boot_Module__diagsEnabled__C)
                  000072cc    00000004     rtos_pem4f.oem4f (.const:ti_catalog_arm_cortexm4_tiva_ce_Boot_Module__diagsIncluded__C)
                  000072d0    00000004     rtos_pem4f.oem4f (.const:ti_catalog_arm_cortexm4_tiva_ce_Boot_Module__diagsMask__C)
                  000072d4    00000004     rtos_pem4f.oem4f (.const:ti_sysbios_family_arm_lm4_Timer_enableFunc__C)
                  000072d8    00000004     rtos_pem4f.oem4f (.const:ti_sysbios_family_arm_lm4_Timer_numTimerDevices__C)
                  000072dc    00000004     rtos_pem4f.oem4f (.const:ti_sysbios_family_arm_lm4_Timer_startupNeeded__C)
                  000072e0    00000004     rtos_pem4f.oem4f (.const:ti_sysbios_family_arm_lm4_TimestampProvider_Module__diagsEnabled__C)
                  000072e4    00000004     rtos_pem4f.oem4f (.const:ti_sysbios_family_arm_lm4_TimestampProvider_Module__diagsIncluded__C)
                  000072e8    00000004     rtos_pem4f.oem4f (.const:ti_sysbios_family_arm_lm4_TimestampProvider_Module__diagsMask__C)
                  000072ec    00000004     rtos_pem4f.oem4f (.const:ti_sysbios_family_arm_m3_Hwi_E_NMI__C)
                  000072f0    00000004     rtos_pem4f.oem4f (.const:ti_sysbios_family_arm_m3_Hwi_E_busFault__C)
                  000072f4    00000004     rtos_pem4f.oem4f (.const:ti_sysbios_family_arm_m3_Hwi_E_debugMon__C)
                  000072f8    00000004     rtos_pem4f.oem4f (.const:ti_sysbios_family_arm_m3_Hwi_E_hardFault__C)
                  000072fc    00000004     rtos_pem4f.oem4f (.const:ti_sysbios_family_arm_m3_Hwi_E_memFault__C)
                  00007300    00000004     rtos_pem4f.oem4f (.const:ti_sysbios_family_arm_m3_Hwi_E_noIsr__C)
                  00007304    00000004     rtos_pem4f.oem4f (.const:ti_sysbios_family_arm_m3_Hwi_E_reserved__C)
                  00007308    00000004     rtos_pem4f.oem4f (.const:ti_sysbios_family_arm_m3_Hwi_E_svCall__C)
                  0000730c    00000004     rtos_pem4f.oem4f (.const:ti_sysbios_family_arm_m3_Hwi_E_usageFault__C)
                  00007310    00000004     rtos_pem4f.oem4f (.const:ti_sysbios_family_arm_m3_Hwi_NUM_INTERRUPTS__C)
                  00007314    00000004     rtos_pem4f.oem4f (.const:ti_sysbios_family_arm_m3_Hwi_Object__count__C)
                  00007318    00000004     rtos_pem4f.oem4f (.const:ti_sysbios_family_arm_m3_Hwi_ccr__C)
                  0000731c    00000004     rtos_pem4f.oem4f (.const:ti_sysbios_family_arm_m3_Hwi_excHandlerFunc__C)
                  00007320    00000004     rtos_pem4f.oem4f (.const:ti_sysbios_family_arm_m3_Hwi_excHookFuncs__C)
                  00007324    00000004     rtos_pem4f.oem4f (.const:ti_sysbios_family_arm_m3_Hwi_nullIsrFunc__C)
                  00007328    00000004     rtos_pem4f.oem4f (.const:ti_sysbios_family_arm_m3_Hwi_priGroup__C)
                  0000732c    00000004     rtos_pem4f.oem4f (.const:ti_sysbios_gates_GateMutexPri_A_badContext__C)
                  00007330    00000004     rtos_pem4f.oem4f (.const:ti_sysbios_gates_GateMutexPri_A_enterTaskDisabled__C)
                  00007334    00000004     rtos_pem4f.oem4f (.const:ti_sysbios_gates_GateMutexPri_Instance_State_pendQ__O)
                  00007338    00000004     rtos_pem4f.oem4f (.const:ti_sysbios_gates_GateMutexPri_Module__diagsEnabled__C)
                  0000733c    00000004     rtos_pem4f.oem4f (.const:ti_sysbios_gates_GateMutexPri_Module__diagsIncluded__C)
                  00007340    00000004     rtos_pem4f.oem4f (.const:ti_sysbios_gates_GateMutexPri_Module__diagsMask__C)
                  00007344    00000004     rtos_pem4f.oem4f (.const:ti_sysbios_gates_GateMutex_A_badContext__C)
                  00007348    00000004     rtos_pem4f.oem4f (.const:ti_sysbios_gates_GateMutex_Instance_State_sem__O)
                  0000734c    00000004     rtos_pem4f.oem4f (.const:ti_sysbios_gates_GateMutex_Module__diagsEnabled__C)
                  00007350    00000004     rtos_pem4f.oem4f (.const:ti_sysbios_gates_GateMutex_Module__diagsIncluded__C)
                  00007354    00000004     rtos_pem4f.oem4f (.const:ti_sysbios_gates_GateMutex_Module__diagsMask__C)
                  00007358    00000004     rtos_pem4f.oem4f (.const:ti_sysbios_gates_GateTask_A_badContext__C)
                  0000735c    00000004     rtos_pem4f.oem4f (.const:ti_sysbios_gates_GateTask_Module__diagsEnabled__C)
                  00007360    00000004     rtos_pem4f.oem4f (.const:ti_sysbios_gates_GateTask_Module__diagsIncluded__C)
                  00007364    00000004     rtos_pem4f.oem4f (.const:ti_sysbios_gates_GateTask_Module__diagsMask__C)
                  00007368    00000004     rtos_pem4f.oem4f (.const:ti_sysbios_hal_Hwi_E_stackOverflow__C)
                  0000736c    00000004     rtos_pem4f.oem4f (.const:ti_sysbios_heaps_HeapMem_A_align__C)
                  00007370    00000004     rtos_pem4f.oem4f (.const:ti_sysbios_heaps_HeapMem_A_heapSize__C)
                  00007374    00000004     rtos_pem4f.oem4f (.const:ti_sysbios_heaps_HeapMem_A_invalidFree__C)
                  00007378    00000004     rtos_pem4f.oem4f (.const:ti_sysbios_heaps_HeapMem_A_zeroBlock__C)
                  0000737c    00000004     rtos_pem4f.oem4f (.const:ti_sysbios_heaps_HeapMem_E_memory__C)
                  00007380    00000004     rtos_pem4f.oem4f (.const:ti_sysbios_heaps_HeapMem_Module__diagsEnabled__C)
                  00007384    00000004     rtos_pem4f.oem4f (.const:ti_sysbios_heaps_HeapMem_Module__diagsIncluded__C)
                  00007388    00000004     rtos_pem4f.oem4f (.const:ti_sysbios_heaps_HeapMem_Module__diagsMask__C)
                  0000738c    00000004     rtos_pem4f.oem4f (.const:ti_sysbios_heaps_HeapMem_Module__gateObj__C)
                  00007390    00000004     rtos_pem4f.oem4f (.const:ti_sysbios_heaps_HeapMem_Object__count__C)
                  00007394    00000004     rtos_pem4f.oem4f (.const:ti_sysbios_heaps_HeapMem_reqAlign__C)
                  00007398    00000004     rtos_pem4f.oem4f (.const:ti_sysbios_knl_Clock_Module_State_clockQ__O)
                  0000739c    00000004     rtos_pem4f.oem4f (.const:ti_sysbios_knl_Idle_funcList__A)
                  000073a0    00000004     rtos_pem4f.oem4f (.const:ti_sysbios_knl_Semaphore_A_badContext__C)
                  000073a4    00000004     rtos_pem4f.oem4f (.const:ti_sysbios_knl_Semaphore_A_noEvents__C)
                  000073a8    00000004     rtos_pem4f.oem4f (.const:ti_sysbios_knl_Semaphore_A_overflow__C)
                  000073ac    00000004     rtos_pem4f.oem4f (.const:ti_sysbios_knl_Semaphore_A_pendTaskDisabled__C)
                  000073b0    00000004     rtos_pem4f.oem4f (.const:ti_sysbios_knl_Semaphore_Instance_State_pendQ__O)
                  000073b4    00000004     rtos_pem4f.oem4f (.const:ti_sysbios_knl_Semaphore_Module__diagsEnabled__C)
                  000073b8    00000004     rtos_pem4f.oem4f (.const:ti_sysbios_knl_Semaphore_Module__diagsIncluded__C)
                  000073bc    00000004     rtos_pem4f.oem4f (.const:ti_sysbios_knl_Semaphore_Module__diagsMask__C)
                  000073c0    00000004     rtos_pem4f.oem4f (.const:ti_sysbios_knl_Swi_Object__count__C)
                  000073c4    00000004     rtos_pem4f.oem4f (.const:ti_sysbios_knl_Task_A_badPriority__C)
                  000073c8    00000004     rtos_pem4f.oem4f (.const:ti_sysbios_knl_Task_E_spOutOfBounds__C)
                  000073cc    00000004     rtos_pem4f.oem4f (.const:ti_sysbios_knl_Task_E_stackOverflow__C)
                  000073d0    00000004     rtos_pem4f.oem4f (.const:ti_sysbios_knl_Task_Module_State_inactiveQ__O)
                  000073d4    00000004     rtos_pem4f.oem4f (.const:ti_sysbios_knl_Task_Module__diagsEnabled__C)
                  000073d8    00000004     rtos_pem4f.oem4f (.const:ti_sysbios_knl_Task_Module__diagsIncluded__C)
                  000073dc    00000004     rtos_pem4f.oem4f (.const:ti_sysbios_knl_Task_Module__diagsMask__C)
                  000073e0    00000004     rtos_pem4f.oem4f (.const:ti_sysbios_knl_Task_Object__count__C)
                  000073e4    00000004     rtos_pem4f.oem4f (.const:ti_sysbios_knl_Task_allBlockedFunc__C)
                  000073e8    00000004     rtos_pem4f.oem4f (.const:ti_sysbios_knl_Task_numConstructedTasks__C)
                  000073ec    00000004     rtos_pem4f.oem4f (.const:xdc_runtime_Assert_E_assertFailed__C)
                  000073f0    00000004     rtos_pem4f.oem4f (.const:xdc_runtime_Core_A_initializedParams__C)
                  000073f4    00000004     rtos_pem4f.oem4f (.const:xdc_runtime_Core_Module__diagsEnabled__C)
                  000073f8    00000004     rtos_pem4f.oem4f (.const:xdc_runtime_Core_Module__diagsIncluded__C)
                  000073fc    00000004     rtos_pem4f.oem4f (.const:xdc_runtime_Core_Module__diagsMask__C)
                  00007400    00000004     rtos_pem4f.oem4f (.const:xdc_runtime_Error_E_memory__C)
                  00007404    00000004     rtos_pem4f.oem4f (.const:xdc_runtime_Error_Module__diagsEnabled__C)
                  00007408    00000004     rtos_pem4f.oem4f (.const:xdc_runtime_Error_Module__diagsIncluded__C)
                  0000740c    00000004     rtos_pem4f.oem4f (.const:xdc_runtime_Error_Module__diagsMask__C)
                  00007410    00000004     rtos_pem4f.oem4f (.const:xdc_runtime_Error_Module__loggerFxn8__C)
                  00007414    00000004     rtos_pem4f.oem4f (.const:xdc_runtime_Error_Module__loggerObj__C)
                  00007418    00000004     rtos_pem4f.oem4f (.const:xdc_runtime_Error_policyFxn__C)
                  0000741c    00000004     rtos_pem4f.oem4f (.const:xdc_runtime_Error_raiseHook__C)
                  00007420    00000004     rtos_pem4f.oem4f (.const:xdc_runtime_IGateProvider_Interface__BASE__C)
                  00007424    00000004     rtos_pem4f.oem4f (.const:xdc_runtime_IHeap_Interface__BASE__C)
                  00007428    00000004     rtos_pem4f.oem4f (.const:xdc_runtime_IModule_Interface__BASE__C)
                  0000742c    00000004     rtos_pem4f.oem4f (.const:xdc_runtime_Log_L_error__C)
                  00007430    00000004     rtos_pem4f.oem4f (.const:xdc_runtime_Memory_defaultHeapInstance__C)
                  00007434    00000004     rtos_pem4f.oem4f (.const:xdc_runtime_Startup_execImpl__C)
                  00007438    00000004     rtos_pem4f.oem4f (.const:xdc_runtime_Startup_maxPasses__C)
                  0000743c    00000004     rtos_pem4f.oem4f (.const:xdc_runtime_Startup_sfxnRts__C)
                  00007440    00000004     rtos_pem4f.oem4f (.const:xdc_runtime_Startup_sfxnTab__C)
                  00007444    00000004     rtos_pem4f.oem4f (.const:xdc_runtime_SysMin_bufSize__C)
                  00007448    00000004     rtos_pem4f.oem4f (.const:xdc_runtime_SysMin_outputFunc__C)
                  0000744c    00000004     rtos_pem4f.oem4f (.const:xdc_runtime_System_Module__gateObj__C)
                  00007450    00000004     rtos_pem4f.oem4f (.const:xdc_runtime_System_abortFxn__C)
                  00007454    00000004     rtos_pem4f.oem4f (.const:xdc_runtime_System_exitFxn__C)
                  00007458    00000004     rtos_pem4f.oem4f (.const:xdc_runtime_System_extendFxn__C)
                  0000745c    00000004     rtos_pem4f.oem4f (.const:xdc_runtime_System_maxAtexitHandlers__C)
                  00007460    00000004     rtos_pem4f.oem4f (.const:xdc_runtime_Text_charTab__C)
                  00007464    00000004     rtos_pem4f.oem4f (.const:xdc_runtime_Text_nameEmpty__C)
                  00007468    00000004     rtos_pem4f.oem4f (.const:xdc_runtime_Text_nameStatic__C)
                  0000746c    00000004     rtos_pem4f.oem4f (.const:xdc_runtime_Text_nameUnknown__C)
                  00007470    00000004     rtos_pem4f.oem4f (.const:xdc_runtime_Text_nodeTab__C)
                  00007474    00000004     rtos_pem4f.oem4f (.const:xdc_runtime_Text_visitRopeFxn__C)
                  00007478    00000002     rtos_pem4f.oem4f (.const:ti_sysbios_family_arm_lm4_TimestampProvider_useClockTimer__C)
                  0000747a    00000002     rtos_pem4f.oem4f (.const:ti_sysbios_family_arm_m3_Hwi_Module__id__C)
                  0000747c    00000002     rtos_pem4f.oem4f (.const:ti_sysbios_gates_GateMutexPri_Module__id__C)
                  0000747e    00000002     rtos_pem4f.oem4f (.const:ti_sysbios_gates_GateMutex_Module__id__C)
                  00007480    00000002     rtos_pem4f.oem4f (.const:ti_sysbios_gates_GateTask_Module__id__C)
                  00007482    00000002     rtos_pem4f.oem4f (.const:ti_sysbios_hal_Hwi_Module__id__C)
                  00007484    00000002     rtos_pem4f.oem4f (.const:ti_sysbios_heaps_HeapMem_Module__id__C)
                  00007486    00000002     rtos_pem4f.oem4f (.const:ti_sysbios_knl_Semaphore_Module__id__C)
                  00007488    00000002     rtos_pem4f.oem4f (.const:ti_sysbios_knl_Task_Module__id__C)
                  0000748a    00000002     rtos_pem4f.oem4f (.const:xdc_runtime_Core_Module__id__C)
                  0000748c    00000002     rtos_pem4f.oem4f (.const:xdc_runtime_Error_Module__loggerDefined__C)
                  0000748e    00000002     rtos_pem4f.oem4f (.const:xdc_runtime_Error_maxDepth__C)
                  00007490    00000002     rtos_pem4f.oem4f (.const:xdc_runtime_Memory_Module__id__C)
                  00007492    00000002     rtos_pem4f.oem4f (.const:xdc_runtime_SysMin_flushAtExit__C)
                  00007494    00000002     rtos_pem4f.oem4f (.const:xdc_runtime_Text_charCnt__C)
                  00007496    00000002     rtos_pem4f.oem4f (.const:xdc_runtime_Text_isLoaded__C)
                  00007498    00000002     rtos_pem4f.oem4f (.const:xdc_runtime_Text_registryModsLastId__C)
                  0000749a    00000002     rtos_pem4f.oem4f (.const:xdc_runtime_Text_unnamedModsLastId__C)

.cinit     0    000074a0    00000290     
                  000074a0    00000258     (.cinit..data.load) [load image, compression = lzss]
                  000076f8    0000000c     (__TI_handler_table)
                  00007704    00000004     --HOLE-- [fill = 0]
                  00007708    00000008     (.cinit..bss.load) [load image, compression = zero_init]
                  00007710    00000008     (.cinit..vecs.load) [load image, compression = zero_init]
                  00007718    00000018     (__TI_cinit_table)

.init_array 
*          0    00000000    00000000     UNINITIALIZED

.resetVecs 
*          0    00000000    0000003c     
                  00000000    0000003c     rtos_pem4f.oem4f (.resetVecs)

.bss       0    20000360    00001108     UNINITIALIZED
                  20000360    00000800     rtos_pem4f.oem4f (.bss:taskStackSection)
                  20000b60    00000400     (.common:ti_sysbios_heaps_HeapMem_Instance_State_0_buf__A)
                  20000f60    00000360     (.common:ti_sysbios_family_arm_m3_Hwi_dispatchTable)
                  200012c0    00000120     rtsv7M4_T_le_v4SPD16_eabi.lib : trgmsg.c.obj (.bss:_CIOBUF_)
                  200013e0    00000080     (.common:xdc_runtime_SysMin_Module_State_0_outbuf__A)
                  20001460    00000008     (.common:parmbuf)

.data      0    20001468    000005e0     UNINITIALIZED
                  20001468    00000130     rtos_pem4f.oem4f (.data:ti_sysbios_knl_Task_Object__table__V)
                  20001598    00000080     rtos_pem4f.oem4f (.data:ti_sysbios_knl_Swi_Module_State_0_readyQ__A)
                  20001618    00000080     rtos_pem4f.oem4f (.data:ti_sysbios_knl_Task_Module_State_0_readyQ__A)
                  20001698    00000064     rtos_pem4f.oem4f (.data:ti_sysbios_knl_Semaphore_Object__table__V)
                  200016fc    00000060     rtos_pem4f.oem4f (.data:ti_sysbios_family_arm_m3_Hwi_Object__table__V)
                  2000175c    00000044     rtos_pem4f.oem4f (.data:ti_sysbios_knl_Task_Module__state__V)
                  200017a0    00000040     rtos_pem4f.oem4f (.data:ti_sysbios_family_arm_lm4_Timer_Module_State_0_device__A)
                  200017e0    00000040     rtos_pem4f.oem4f (.data:ti_sysbios_family_arm_lm4_Timer_Object__table__V)
                  20001820    00000038     rtos_pem4f.oem4f (.data:ti_sysbios_gates_GateMutex_Object__table__V)
                  20001858    00000034     rtos_pem4f.oem4f (.data:ti_sysbios_family_arm_m3_Hwi_Module__state__V)
                  2000188c    00000030     main.obj (.data)
                  200018bc    00000030     rtos_pem4f.oem4f (.data:ti_sysbios_knl_Swi_Object__table__V)
                  200018ec    0000002c     rtos_pem4f.oem4f (.data:ti_sysbios_knl_Clock_Module__state__V)
                  20001918    00000024     rtos_pem4f.oem4f (.data:ti_sysbios_BIOS_Module__state__V)
                  2000193c    00000020     rtos_pem4f.oem4f (.data:ti_sysbios_family_arm_lm4_Timer_Module_State_0_handles__A)
                  2000195c    0000001c     rtos_pem4f.oem4f (.data:ti_sysbios_knl_Swi_Module__state__V)
                  20001978    00000018     rtos_pem4f.oem4f (.data:ti_sysbios_gates_GateMutexPri_Object__table__V)
                  20001990    00000018     rtos_pem4f.oem4f (.data:ti_sysbios_heaps_HeapMem_Object__table__V)
                  200019a8    0000000c     rtos_pem4f.oem4f (.data:ti_sysbios_family_arm_lm4_Timer_Module__state__V)
                  200019b4    0000000c     rtos_pem4f.oem4f (.data:xdc_runtime_SysMin_Module__state__V)
                  200019c0    00000008     rtsv7M4_T_le_v4SPD16_eabi.lib : _lock.c.obj (.data:$O1$$)
                  200019c8    00000008     rtos_pem4f.oem4f (.data:ti_sysbios_family_arm_lm4_TimestampProvider_Module__state__V)
                  200019d0    00000008     rtos_pem4f.oem4f (.data:ti_sysbios_gates_GateHwi_Module__root__V)
                  200019d8    00000008     rtos_pem4f.oem4f (.data:ti_sysbios_gates_GateMutexPri_Module__root__V)
                  200019e0    00000008     rtos_pem4f.oem4f (.data:ti_sysbios_gates_GateMutex_Module__root__V)
                  200019e8    00000008     rtos_pem4f.oem4f (.data:ti_sysbios_gates_GateTask_Module__root__V)
                  200019f0    00000008     rtos_pem4f.oem4f (.data:ti_sysbios_heaps_HeapMem_Module__root__V)
                  200019f8    00000008     rtos_pem4f.oem4f (.data:ti_sysbios_knl_Queue_Module__root__V)
                  20001a00    00000008     rtos_pem4f.oem4f (.data:ti_sysbios_knl_Semaphore_Module__root__V)
                  20001a08    00000008     rtos_pem4f.oem4f (.data:xdc_runtime_Registry_Module__state__V)
                  20001a10    00000008     rtos_pem4f.oem4f (.data:xdc_runtime_Startup_Module__state__V)
                  20001a18    00000008     rtos_pem4f.oem4f (.data:xdc_runtime_System_Module_State_0_atexitHandlers__A)
                  20001a20    00000008     rtos_pem4f.oem4f (.data:xdc_runtime_System_Module__state__V)
                  20001a28    00000004     rtsv7M4_T_le_v4SPD16_eabi.lib : stkdepth_vars.c.obj (.data)
                  20001a2c    00000004     rtos_pem4f.oem4f (.data:ti_sysbios_family_arm_m3_Hwi_Module_State_0_excContext__A)
                  20001a30    00000004     rtos_pem4f.oem4f (.data:ti_sysbios_family_arm_m3_Hwi_Module_State_0_excStack__A)
                  20001a34    00000004     rtos_pem4f.oem4f (.data:ti_sysbios_gates_GateHwi_Object__table__V)
                  20001a38    00000004     rtos_pem4f.oem4f (.data:ti_sysbios_gates_GateTask_Object__table__V)
                  20001a3c    00000004     rtos_pem4f.oem4f (.data:ti_sysbios_knl_Task_Module_State_0_idleTask__A)
                  20001a40    00000004     rtos_pem4f.oem4f (.data:xdc_runtime_Memory_Module__state__V)
                  20001a44    00000002     rtos_pem4f.oem4f (.data:ti_sysbios_family_arm_m3_Hwi_Module_State_0_excActive__A)
                  20001a46    00000002     rtos_pem4f.oem4f (.data:xdc_runtime_Error_Module__state__V)

.stack     0    20001a48    00000300     UNINITIALIZED
                  20001a48    00000300     --HOLE--

.bootVecs 
*          0    00000000    00000008     DSECT
                  00000000    00000008     boot.aem4f : boot.oem4f (.bootVecs)

.vecs      0    20000000    00000360     UNINITIALIZED
                  20000000    00000360     rtos_pem4f.oem4f (.vecs)

xdc.meta   0    00000000    000000f8     COPY SECTION
                  00000000    000000f8     rtos_pem4f.oem4f (xdc.meta)

MODULE SUMMARY

       Module                       code    ro data   rw data
       ------                       ----    -------   -------
    .\
       main.obj                     942     0         48     
    +--+----------------------------+-------+---------+---------+
       Total:                       942     0         48     
                                                             
    C:\repos\ECE3849_D21\workspace\rtos_latency\ece3849_rtos_latency\Debug\configPkg\package\cfg\
       rtos_pem4f.oem4f             1910    7960      6372   
    +--+----------------------------+-------+---------+---------+
       Total:                       1910    7960      6372   
                                                             
    C:/ti/tirtos_tivac_2_16_01_14/products/TivaWare_C_Series-2.1.1.71b/driverlib/ccs/Debug/driverlib.lib
       timer.obj                    160     0         0      
       sysctl.obj                   58      0         0      
       interrupt.obj                32      0         0      
       cpu.obj                      24      0         0      
    +--+----------------------------+-------+---------+---------+
       Total:                       274     0         0      
                                                             
    C:\repos\ECE3849_D21\workspace\rtos_latency\ece3849_rtos_latency\src\sysbios\sysbios.aem4f
       BIOS.obj                     11298   0         0      
       m3_Hwi_asm.obj               314     0         0      
       m3_TaskSupport_asm.obj       180     0         0      
       m3_Hwi_asm_switch.obj        118     0         0      
    +--+----------------------------+-------+---------+---------+
       Total:                       11910   0         0      
                                                             
    C:\ti\ccs930\ccs\tools\compiler\ti-cgt-arm_18.12.4.LTS\lib\rtsv7M4_T_le_v4SPD16_eabi.lib
       trgmsg.c.obj                 108     0         288    
       memcpy_t2.asm.obj            156     0         0      
       memset_t2.asm.obj            122     0         0      
       copy_decompress_lzss.c.obj   104     0         0      
       hostwrite.c.obj              88      0         0      
       cpy_tbl.c.obj                76      0         0      
       u_divt2.asm.obj              64      0         0      
       _lock.c.obj                  26      0         8      
       args_main.c.obj              24      0         0      
       strlen.c.obj                 20      0         0      
       copy_decompress_none.c.obj   14      0         0      
       copy_zero_init.c.obj         12      0         0      
       hostopen.c.obj               0       0         8      
       exit.c.obj                   4       0         0      
       stkdepth_vars.c.obj          0       0         4      
       div0.asm.obj                 2       0         0      
    +--+----------------------------+-------+---------+---------+
       Total:                       820     0         308    
                                                             
    C:\ti\tirtos_tivac_2_16_01_14\products\bios_6_45_02_31\packages\ti\catalog\arm\cortexm4\tiva\ce\lib\Boot.aem4f
       Boot_sysctl.oem4f            628     452       0      
       Boot.oem4f                   152     0         0      
    +--+----------------------------+-------+---------+---------+
       Total:                       780     452       0      
                                                             
    C:\ti\tirtos_tivac_2_16_01_14\products\bios_6_45_02_31\packages\ti\targets\arm\rtsarm\lib\auto_init.aem4f
       auto_init.oem4f              160     0         0      
    +--+----------------------------+-------+---------+---------+
       Total:                       160     0         0      
                                                             
    C:\ti\tirtos_tivac_2_16_01_14\products\bios_6_45_02_31\packages\ti\targets\arm\rtsarm\lib\boot.aem4f
       boot.oem4f                   88      0         0      
    +--+----------------------------+-------+---------+---------+
       Total:                       88      0         0      
                                                             
    C:\ti\tirtos_tivac_2_16_01_14\products\bios_6_45_02_31\packages\ti\targets\arm\rtsarm\lib\ti.targets.arm.rtsarm.aem4f
       System.oem4f                 1255    0         0      
       Text.oem4f                   672     0         0      
       Error.oem4f                  524     0         0      
       Core-mem.oem4f               358     0         0      
       Startup.oem4f                328     0         0      
       SysMin.oem4f                 248     0         0      
       Core-smem.oem4f              204     0         0      
       Memory.oem4f                 176     0         0      
       Assert.oem4f                 84      0         0      
       Core-params.oem4f            70      0         0      
       Core-label.oem4f             52      0         0      
       Registry.oem4f               32      0         0      
       Gate.oem4f                   28      0         0      
    +--+----------------------------+-------+---------+---------+
       Total:                       4031    0         0      
                                                             
       Stack:                       0       0         768    
       Linker Generated:            0       652       0      
    +--+----------------------------+-------+---------+---------+
       Grand Total:                 20915   9064      7496   


LINKER GENERATED COPY TABLES

__TI_cinit_table @ 00007718 records: 3, size/record: 8, table size: 24
	.data: load addr=000074a0, load size=00000258 bytes, run addr=20001468, run size=000005e0 bytes, compression=lzss
	.bss: load addr=00007708, load size=00000008 bytes, run addr=20000360, run size=00001108 bytes, compression=zero_init
	.vecs: load addr=00007710, load size=00000008 bytes, run addr=20000000, run size=00000360 bytes, compression=zero_init


LINKER GENERATED HANDLER TABLE

__TI_handler_table @ 000076f8 records: 3, size/record: 4, table size: 12
	index: 0, handler: __TI_decompress_lzss
	index: 1, handler: __TI_decompress_none
	index: 2, handler: __TI_zero_init


GLOBAL SYMBOLS: SORTED ALPHABETICALLY BY Name 

address   name                                                                 
-------   ----                                                                 
00000ce5  C$$EXIT                                                              
0000427b  C$$IO$$                                                              
00005227  CPUcpsid                                                             
00005233  CPUcpsie                                                             
000039e1  HOSTwrite                                                            
00004f71  ISR_Event0                                                           
00004dd1  ISR_Event1                                                           
00004df1  ISR_Event2                                                           
000050f3  IntMasterDisable                                                     
00005103  IntMasterEnable                                                      
UNDEFED   SHT$$INIT_ARRAY$$Base                                                
UNDEFED   SHT$$INIT_ARRAY$$Limit                                               
000044db  SysCtlDelay                                                          
00004369  SysCtlPeripheralEnable                                               
000036ed  TimerConfigure                                                       
00005075  TimerDisable                                                         
000051e9  TimerEnable                                                          
000007bd  TimerIntClear                                                        
00005303  TimerIntEnable                                                       
000050b5  TimerLoadSet                                                         
00000000  __ASM__                                                              
200012c0  __CIOBUF_                                                            
00000076  __ISA__                                                              
00000089  __PLAT__                                                             
20001d48  __STACK_END                                                          
00000300  __STACK_SIZE                                                         
000000aa  __TARG__                                                             
00007718  __TI_CINIT_Base                                                      
00007730  __TI_CINIT_Limit                                                     
000076f8  __TI_Handler_Table_Base                                              
00007704  __TI_Handler_Table_Limit                                             
00002a45  __TI_auto_init                                                       
000034e5  __TI_decompress_lzss                                                 
000051f7  __TI_decompress_none                                                 
ffffffff  __TI_pprof_out_hndl                                                  
ffffffff  __TI_prof_data_size                                                  
ffffffff  __TI_prof_data_start                                                 
0000439d  __TI_readmsg                                                         
000074a0  __TI_static_base__                                                   
0000424d  __TI_writemsg                                                        
00005259  __TI_zero_init                                                       
000000d0  __TRDR__                                                             
00001bd5  __aeabi_idiv0                                                        
00001bd5  __aeabi_ldiv0                                                        
00003165  __aeabi_memclr                                                       
00003165  __aeabi_memclr4                                                      
00003165  __aeabi_memclr8                                                      
00002b85  __aeabi_memcpy                                                       
00002b85  __aeabi_memcpy4                                                      
00002b85  __aeabi_memcpy8                                                      
00003167  __aeabi_memset                                                       
00003167  __aeabi_memset4                                                      
00003167  __aeabi_memset8                                                      
00004111  __aeabi_uidiv                                                        
00004111  __aeabi_uidivmod                                                     
ffffffff  __binit__                                                            
ffffffff  __c_args__                                                           
20001a48  __stack                                                              
00004f89  _args_main                                                           
00003989  _c_int00                                                             
200019c0  _lock                                                                
0000166f  _nop                                                                 
00005241  _register_lock                                                       
0000524d  _register_unlock                                                     
200019c4  _unlock                                                              
00000ce5  abort                                                                
ffffffff  binit                                                                
00003c79  copy_in                                                              
200018b0  event0_count                                                         
2000188c  event0_latency                                                       
200018a4  event0_missed_deadlines                                              
20001898  event0_response_time                                                 
200018b4  event1_count                                                         
20001890  event1_latency                                                       
200018a8  event1_missed_deadlines                                              
2000189c  event1_response_time                                                 
200018b8  event2_count                                                         
20001894  event2_latency                                                       
200018ac  event2_missed_deadlines                                              
200018a0  event2_response_time                                                 
00006fbc  gateMutexPri0                                                        
00006fc0  gateTask0                                                            
00006fa8  m3Hwi0                                                               
00006fac  m3Hwi1                                                               
00006fb0  m3Hwi2                                                               
00001e29  main                                                                 
20001a28  main_func_sp                                                         
00002b85  memcpy                                                               
0000316d  memset                                                               
00005189  osi_TaskDisable                                                      
00005129  osi_start                                                            
20001460  parmbuf                                                              
00006fb4  sem_a                                                                
00006fb8  sem_b                                                                
00006f98  semaphore0                                                           
00006f9c  semaphore1                                                           
00006fa4  semaphore2                                                           
00005089  strlen                                                               
00006f90  task0                                                                
000025e1  task0_func                                                           
00006f94  task1                                                                
00002c21  task1_func                                                           
00006fa0  task2                                                                
00002339  task2_func                                                           
000072c4  ti_catalog_arm_cortexm4_tiva_ce_Boot_A_mustNotUseEnhancedClockMode__C
000072c8  ti_catalog_arm_cortexm4_tiva_ce_Boot_Module__diagsEnabled__C         
000072cc  ti_catalog_arm_cortexm4_tiva_ce_Boot_Module__diagsIncluded__C        
[...]
00006f94  task1                                                                
00006f98  semaphore0                                                           
00006f9c  semaphore1                                                           
00006fa0  task2                                                                
00006fa4  semaphore2                                                           
00006fa8  m3Hwi0                                                               
00006fac  m3Hwi1                                                               
00006fb0  m3Hwi2                                                               
00006fb4  sem_a                                                                
00006fb8  sem_b                                                                
00006fbc  gateMutexPri0                                                        
00006fc0  gateTask0                                                            
00006ff4  ti_sysbios_heaps_HeapMem_Module__FXNS__C                             
0000701c  ti_sysbios_gates_GateHwi_Module__FXNS__C                             
00007040  ti_sysbios_gates_GateMutexPri_Module__FXNS__C                        
00007064  ti_sysbios_gates_GateMutex_Module__FXNS__C                           
00007088  ti_sysbios_gates_GateTask_Module__FXNS__C                            
000070ac  ti_sysbios_heaps_HeapMem_Object__PARAMS__C                           
000070d0  ti_sysbios_knl_Semaphore_Object__PARAMS__C                           
000070f4  xdc_runtime_Startup_sfxnTab__A                                       
00007118  ti_sysbios_gates_GateHwi_Object__DESC__C                             
00007138  ti_sysbios_gates_GateMutexPri_Object__DESC__C                        
00007158  ti_sysbios_gates_GateMutex_Object__DESC__C                           
00007178  ti_sysbios_gates_GateTask_Object__DESC__C                            
00007198  ti_sysbios_heaps_HeapMem_Object__DESC__C                             
000071b8  ti_sysbios_knl_Queue_Object__DESC__C                                 
000071d8  ti_sysbios_knl_Semaphore_Object__DESC__C                             
000071f8  ti_sysbios_gates_GateHwi_Object__PARAMS__C                           
00007210  ti_sysbios_gates_GateMutexPri_Object__PARAMS__C                      
00007228  ti_sysbios_gates_GateMutex_Object__PARAMS__C                         
00007240  ti_sysbios_gates_GateTask_Object__PARAMS__C                          
00007258  ti_sysbios_knl_Queue_Object__PARAMS__C                               
00007270  xdc_runtime_Startup_firstFxns__A                                     
00007288  xdc_runtime_Startup_sfxnRts__A                                       
0000729a  ti_sysbios_family_arm_lm4_TimestampProvider_Module__id__C            
000072a4  ti_sysbios_family_arm_m3_Hwi_excHookFuncs__A                         
000072ac  ti_sysbios_knl_Idle_funcList__C                                      
000072b4  xdc_runtime_Startup_firstFxns__C                                     
000072bc  xdc_runtime_Startup_lastFxns__C                                      
000072c4  ti_catalog_arm_cortexm4_tiva_ce_Boot_A_mustNotUseEnhancedClockMode__C
000072c8  ti_catalog_arm_cortexm4_tiva_ce_Boot_Module__diagsEnabled__C         
000072cc  ti_catalog_arm_cortexm4_tiva_ce_Boot_Module__diagsIncluded__C        
000072d0  ti_catalog_arm_cortexm4_tiva_ce_Boot_Module__diagsMask__C            
000072d4  ti_sysbios_family_arm_lm4_Timer_enableFunc__C                        
000072d8  ti_sysbios_family_arm_lm4_Timer_numTimerDevices__C                   
000072dc  ti_sysbios_family_arm_lm4_Timer_startupNeeded__C                     
000072e0  ti_sysbios_family_arm_lm4_TimestampProvider_Module__diagsEnabled__C  
000072e4  ti_sysbios_family_arm_lm4_TimestampProvider_Module__diagsIncluded__C 
000072e8  ti_sysbios_family_arm_lm4_TimestampProvider_Module__diagsMask__C     
000072ec  ti_sysbios_family_arm_m3_Hwi_E_NMI__C                                
000072f0  ti_sysbios_family_arm_m3_Hwi_E_busFault__C                           
000072f4  ti_sysbios_family_arm_m3_Hwi_E_debugMon__C                           
000072f8  ti_sysbios_family_arm_m3_Hwi_E_hardFault__C                          
000072fc  ti_sysbios_family_arm_m3_Hwi_E_memFault__C                           
00007300  ti_sysbios_family_arm_m3_Hwi_E_noIsr__C                              
00007304  ti_sysbios_family_arm_m3_Hwi_E_reserved__C                           
00007308  ti_sysbios_family_arm_m3_Hwi_E_svCall__C                             
0000730c  ti_sysbios_family_arm_m3_Hwi_E_usageFault__C                         
00007310  ti_sysbios_family_arm_m3_Hwi_NUM_INTERRUPTS__C                       
00007314  ti_sysbios_family_arm_m3_Hwi_Object__count__C                        
00007318  ti_sysbios_family_arm_m3_Hwi_ccr__C                                  
0000731c  ti_sysbios_family_arm_m3_Hwi_excHandlerFunc__C                       
00007320  ti_sysbios_family_arm_m3_Hwi_excHookFuncs__C                         
00007324  ti_sysbios_family_arm_m3_Hwi_nullIsrFunc__C                          
00007328  ti_sysbios_family_arm_m3_Hwi_priGroup__C                             
0000732c  ti_sysbios_gates_GateMutexPri_A_badContext__C                        
00007330  ti_sysbios_gates_GateMutexPri_A_enterTaskDisabled__C                 
00007334  ti_sysbios_gates_GateMutexPri_Instance_State_pendQ__O                
00007338  ti_sysbios_gates_GateMutexPri_Module__diagsEnabled__C                
0000733c  ti_sysbios_gates_GateMutexPri_Module__diagsIncluded__C               
00007340  ti_sysbios_gates_GateMutexPri_Module__diagsMask__C                   
00007344  ti_sysbios_gates_GateMutex_A_badContext__C                           
00007348  ti_sysbios_gates_GateMutex_Instance_State_sem__O                     
0000734c  ti_sysbios_gates_GateMutex_Module__diagsEnabled__C                   
00007350  ti_sysbios_gates_GateMutex_Module__diagsIncluded__C                  
00007354  ti_sysbios_gates_GateMutex_Module__diagsMask__C                      
00007358  ti_sysbios_gates_GateTask_A_badContext__C                            
0000735c  ti_sysbios_gates_GateTask_Module__diagsEnabled__C                    
00007360  ti_sysbios_gates_GateTask_Module__diagsIncluded__C                   
00007364  ti_sysbios_gates_GateTask_Module__diagsMask__C                       
00007368  ti_sysbios_hal_Hwi_E_stackOverflow__C                                
0000736c  ti_sysbios_heaps_HeapMem_A_align__C                                  
00007370  ti_sysbios_heaps_HeapMem_A_heapSize__C                               
00007374  ti_sysbios_heaps_HeapMem_A_invalidFree__C                            
00007378  ti_sysbios_heaps_HeapMem_A_zeroBlock__C                              
0000737c  ti_sysbios_heaps_HeapMem_E_memory__C                                 
00007380  ti_sysbios_heaps_HeapMem_Module__diagsEnabled__C                     
00007384  ti_sysbios_heaps_HeapMem_Module__diagsIncluded__C                    
00007388  ti_sysbios_heaps_HeapMem_Module__diagsMask__C                        
0000738c  ti_sysbios_heaps_HeapMem_Module__gateObj__C                          
00007390  ti_sysbios_heaps_HeapMem_Object__count__C                            
00007394  ti_sysbios_heaps_HeapMem_reqAlign__C                                 
00007398  ti_sysbios_knl_Clock_Module_State_clockQ__O                          
0000739c  ti_sysbios_knl_Idle_funcList__A                                      
000073a0  ti_sysbios_knl_Semaphore_A_badContext__C                             
000073a4  ti_sysbios_knl_Semaphore_A_noEvents__C                               
000073a8  ti_sysbios_knl_Semaphore_A_overflow__C                               
000073ac  ti_sysbios_knl_Semaphore_A_pendTaskDisabled__C                       
000073b0  ti_sysbios_knl_Semaphore_Instance_State_pendQ__O                     
000073b4  ti_sysbios_knl_Semaphore_Module__diagsEnabled__C                     
000073b8  ti_sysbios_knl_Semaphore_Module__diagsIncluded__C                    
000073bc  ti_sysbios_knl_Semaphore_Module__diagsMask__C                        
000073c0  ti_sysbios_knl_Swi_Object__count__C                                  
000073c4  ti_sysbios_knl_Task_A_badPriority__C                                 
000073c8  ti_sysbios_knl_Task_E_spOutOfBounds__C                               
000073cc  ti_sysbios_knl_Task_E_stackOverflow__C                               
000073d0  ti_sysbios_knl_Task_Module_State_inactiveQ__O                        
000073d4  ti_sysbios_knl_Task_Module__diagsEnabled__C                          
000073d8  ti_sysbios_knl_Task_Module__diagsIncluded__C                         
000073dc  ti_sysbios_knl_Task_Module__diagsMask__C                             
000073e0  ti_sysbios_knl_Task_Object__count__C                                 
000073e4  ti_sysbios_knl_Task_allBlockedFunc__C                                
000073e8  ti_sysbios_knl_Task_numConstructedTasks__C                           
000073ec  xdc_runtime_Assert_E_assertFailed__C                                 
000073f0  xdc_runtime_Core_A_initializedParams__C                              
000073f4  xdc_runtime_Core_Module__diagsEnabled__C                             
000073f8  xdc_runtime_Core_Module__diagsIncluded__C                            
000073fc  xdc_runtime_Core_Module__diagsMask__C                                
00007400  xdc_runtime_Error_E_memory__C                                        
00007404  xdc_runtime_Error_Module__diagsEnabled__C                            
00007408  xdc_runtime_Error_Module__diagsIncluded__C                           
0000740c  xdc_runtime_Error_Module__diagsMask__C                               
00007410  xdc_runtime_Error_Module__loggerFxn8__C                              
00007414  xdc_runtime_Error_Module__loggerObj__C                               
00007418  xdc_runtime_Error_policyFxn__C                                       
0000741c  xdc_runtime_Error_raiseHook__C                                       
00007420  xdc_runtime_IGateProvider_Interface__BASE__C                         
00007424  xdc_runtime_IHeap_Interface__BASE__C                                 
00007428  xdc_runtime_IModule_Interface__BASE__C                               
0000742c  xdc_runtime_Log_L_error__C                                           
00007430  xdc_runtime_Memory_defaultHeapInstance__C                            
00007434  xdc_runtime_Startup_execImpl__C                                      
00007438  xdc_runtime_Startup_maxPasses__C                                     
0000743c  xdc_runtime_Startup_sfxnRts__C                                       
00007440  xdc_runtime_Startup_sfxnTab__C                                       
00007444  xdc_runtime_SysMin_bufSize__C                                        
00007448  xdc_runtime_SysMin_outputFunc__C                                     
0000744c  xdc_runtime_System_Module__gateObj__C                                
00007450  xdc_runtime_System_abortFxn__C                                       
00007454  xdc_runtime_System_exitFxn__C                                        
00007458  xdc_runtime_System_extendFxn__C                                      
0000745c  xdc_runtime_System_maxAtexitHandlers__C                              
00007460  xdc_runtime_Text_charTab__C                                          
00007464  xdc_runtime_Text_nameEmpty__C                                        
00007468  xdc_runtime_Text_nameStatic__C                                       
0000746c  xdc_runtime_Text_nameUnknown__C                                      
00007470  xdc_runtime_Text_nodeTab__C                                          
00007474  xdc_runtime_Text_visitRopeFxn__C                                     
00007478  ti_sysbios_family_arm_lm4_TimestampProvider_useClockTimer__C         
0000747a  ti_sysbios_family_arm_m3_Hwi_Module__id__C                           
0000747c  ti_sysbios_gates_GateMutexPri_Module__id__C                          
0000747e  ti_sysbios_gates_GateMutex_Module__id__C                             
00007480  ti_sysbios_gates_GateTask_Module__id__C                              
00007482  ti_sysbios_hal_Hwi_Module__id__C                                     
00007484  ti_sysbios_heaps_HeapMem_Module__id__C                               
00007486  ti_sysbios_knl_Semaphore_Module__id__C                               
00007488  ti_sysbios_knl_Task_Module__id__C                                    
0000748a  xdc_runtime_Core_Module__id__C                                       
0000748c  xdc_runtime_Error_Module__loggerDefined__C                           
0000748e  xdc_runtime_Error_maxDepth__C                                        
00007490  xdc_runtime_Memory_Module__id__C                                     
00007492  xdc_runtime_SysMin_flushAtExit__C                                    
00007494  xdc_runtime_Text_charCnt__C                                          
00007496  xdc_runtime_Text_isLoaded__C                                         
00007498  xdc_runtime_Text_registryModsLastId__C                               
0000749a  xdc_runtime_Text_unnamedModsLastId__C                                
000074a0  __TI_static_base__                                                   
000076f8  __TI_Handler_Table_Base                                              
00007704  __TI_Handler_Table_Limit                                             
00007718  __TI_CINIT_Base                                                      
00007730  __TI_CINIT_Limit                                                     
20000000  ti_sysbios_family_arm_m3_Hwi_ramVectors                              
20000360  ti_sysbios_knl_Task_Instance_State_0_stack__A                        
20000560  ti_sysbios_knl_Task_Instance_State_1_stack__A                        
20000760  ti_sysbios_knl_Task_Instance_State_2_stack__A                        
20000960  ti_sysbios_knl_Task_Instance_State_3_stack__A                        
20000b60  ti_sysbios_heaps_HeapMem_Instance_State_0_buf__A                     
20000f60  ti_sysbios_family_arm_m3_Hwi_dispatchTable                           
200012c0  __CIOBUF_                                                            
200013e0  xdc_runtime_SysMin_Module_State_0_outbuf__A                          
20001460  parmbuf                                                              
20001468  ti_sysbios_knl_Task_Object__table__V                                 
20001598  ti_sysbios_knl_Swi_Module_State_0_readyQ__A                          
20001618  ti_sysbios_knl_Task_Module_State_0_readyQ__A                         
20001698  ti_sysbios_knl_Semaphore_Object__table__V                            
200016fc  ti_sysbios_family_arm_m3_Hwi_Object__table__V                        
2000175c  ti_sysbios_knl_Task_Module__state__V                                 
200017a0  ti_sysbios_family_arm_lm4_Timer_Module_State_0_device__A             
200017e0  ti_sysbios_family_arm_lm4_Timer_Object__table__V                     
20001820  ti_sysbios_gates_GateMutex_Object__table__V                          
20001858  ti_sysbios_family_arm_m3_Hwi_Module__state__V                        
2000188c  event0_latency                                                       
20001890  event1_latency                                                       
20001894  event2_latency                                                       
20001898  event0_response_time                                                 
2000189c  event1_response_time                                                 
200018a0  event2_response_time                                                 
200018a4  event0_missed_deadlines                                              
200018a8  event1_missed_deadlines                                              
200018ac  event2_missed_deadlines                                              
200018b0  event0_count                                                         
200018b4  event1_count                                                         
200018b8  event2_count                                                         
200018bc  ti_sysbios_knl_Swi_Object__table__V                                  
200018ec  ti_sysbios_knl_Clock_Module__state__V                                
20001918  ti_sysbios_BIOS_Module__state__V                                     
2000193c  ti_sysbios_family_arm_lm4_Timer_Module_State_0_handles__A            
2000195c  ti_sysbios_knl_Swi_Module__state__V                                  
20001978  ti_sysbios_gates_GateMutexPri_Object__table__V                       
20001990  ti_sysbios_heaps_HeapMem_Object__table__V                            
200019a8  ti_sysbios_family_arm_lm4_Timer_Module__state__V                     
200019b4  xdc_runtime_SysMin_Module__state__V                                  
200019c0  _lock                                                                
200019c4  _unlock                                                              
200019c8  ti_sysbios_family_arm_lm4_TimestampProvider_Module__state__V         
200019d0  ti_sysbios_gates_GateHwi_Module__root__V                             
200019d8  ti_sysbios_gates_GateMutexPri_Module__root__V                        
200019e0  ti_sysbios_gates_GateMutex_Module__root__V                           
200019e8  ti_sysbios_gates_GateTask_Module__root__V                            
200019f0  ti_sysbios_heaps_HeapMem_Module__root__V                             
200019f8  ti_sysbios_knl_Queue_Module__root__V                                 
20001a00  ti_sysbios_knl_Semaphore_Module__root__V                             
20001a08  xdc_runtime_Registry_Module__state__V                                
20001a10  xdc_runtime_Startup_Module__state__V                                 
20001a18  xdc_runtime_System_Module_State_0_atexitHandlers__A                  
20001a20  xdc_runtime_System_Module__state__V                                  
20001a28  main_func_sp                                                         
20001a2c  ti_sysbios_family_arm_m3_Hwi_Module_State_0_excContext__A            
20001a30  ti_sysbios_family_arm_m3_Hwi_Module_State_0_excStack__A              
20001a34  ti_sysbios_gates_GateHwi_Object__table__V                            
20001a38  ti_sysbios_gates_GateTask_Object__table__V                           
20001a3c  ti_sysbios_knl_Task_Module_State_0_idleTask__A                       
20001a40  xdc_runtime_Memory_Module__state__V                                  
20001a44  ti_sysbios_family_arm_m3_Hwi_Module_State_0_excActive__A             
20001a46  xdc_runtime_Error_Module__state__V                                   
20001a48  __stack                                                              
20001d48  __STACK_END                                                          
e000e000  ti_sysbios_family_arm_m3_Hwi_nvic                                    
ffffffff  __TI_pprof_out_hndl                                                  
ffffffff  __TI_prof_data_size                                                  
ffffffff  __TI_prof_data_start                                                 
ffffffff  __binit__                                                            
ffffffff  __c_args__                                                           
ffffffff  binit                                                                
UNDEFED   SHT$$INIT_ARRAY$$Base                                                
UNDEFED   SHT$$INIT_ARRAY$$Limit                                               

[583 symbols]
